#
# There is insufficient memory for the Java Runtime Environment to continue.
# Native memory allocation (malloc) failed to allocate 32744 bytes. Error detail: Chunk::new
# Possible reasons:
#   The system is out of physical RAM or swap space
#   This process is running with CompressedOops enabled, and the Java Heap may be blocking the growth of the native heap
# Possible solutions:
#   Reduce memory load on the system
#   Increase physical memory or swap space
#   Check if swap backing store is full
#   Decrease Java heap size (-Xmx/-Xms)
#   Decrease number of Java threads
#   Decrease Java thread stack sizes (-Xss)
#   Set larger code cache with -XX:ReservedCodeCacheSize=
#   JVM is running with Unscaled Compressed Oops mode in which the Java heap is
#     placed in the first 4GB address space. The Java Heap base address is the
#     maximum limit for the native heap growth. Please use -XX:HeapBaseMinAddress
#     to set the Java Heap base and to place the Java Heap above 4GB virtual address.
# This output file may be truncated or incomplete.
#
#  Out of Memory Error (arena.cpp:168), pid=42396, tid=40120
#
# JRE version: OpenJDK Runtime Environment Temurin-21.0.12.1+1 (21.0.12.1+1) (build 21.0.12.1+1-LTS)
# Java VM: OpenJDK 64-Bit Server VM Temurin-21.0.12.1+1 (21.0.12.1+1-LTS, mixed mode, sharing, tiered, compressed oops, compressed class ptrs, g1 gc, windows-amd64)
# No core dump will be written. Minidumps are not enabled by default on client versions of Windows
#

---------------  S U M M A R Y ------------

Command Line: --add-opens=java.base/java.util=ALL-UNNAMED --add-opens=java.base/java.lang=ALL-UNNAMED --add-opens=java.base/java.lang.invoke=ALL-UNNAMED --add-opens=java.prefs/java.util.prefs=ALL-UNNAMED --add-exports=jdk.compiler/com.sun.tools.javac.api=ALL-UNNAMED --add-exports=jdk.compiler/com.sun.tools.javac.util=ALL-UNNAMED --add-opens=java.base/java.nio.charset=ALL-UNNAMED --add-opens=java.base/java.net=ALL-UNNAMED --add-opens=java.base/java.util.concurrent.atomic=ALL-UNNAMED -XX:MaxMetaspaceSize=384m -XX:+HeapDumpOnOutOfMemoryError -Xms256m -Xmx512m -Dfile.encoding=utf8 -Duser.country=IN -Duser.language=en -Duser.variant -javaagent:C:\Users\Yogesh\.gradle\wrapper\dists\gradle-8.9-bin\90cnw93cvbtalezasaz0blq0a\gradle-8.9\lib\agents\gradle-instrumentation-agent-8.9.jar org.gradle.launcher.daemon.bootstrap.GradleDaemon 8.9

Host: 11th Gen Intel(R) Core(TM) i5-1135G7 @ 2.40GHz, 8 cores, 15G,  Windows 11 , 64 bit Build 26100 (10.0.26100.9168)
Time: Sat Sep 12 14:45:08 2026 India Standard Time elapsed time: 140.614188 seconds (0d 0h 2m 20s)

---------------  T H R E A D  ---------------

Current thread (0x000001a3f09741d0):  JavaThread "C2 CompilerThread0" daemon [_thread_in_native, id=40120, stack(0x0000008cfb000000,0x0000008cfb100000) (1024K)]


Current CompileTask:
C2:140614 3759       4       java.net.URLStreamHandler::toExternalForm (156 bytes)

Stack: [0x0000008cfb000000,0x0000008cfb100000]
Native frames: (J=compiled Java code, j=interpreted, Vv=VM code, C=native code)
V  [jvm.dll+0x6d83e9]
V  [jvm.dll+0x8b5736]
V  [jvm.dll+0x8b7cee]
V  [jvm.dll+0x8b83d3]
V  [jvm.dll+0x284596]
V  [jvm.dll+0xc685d]
V  [jvm.dll+0xc6da1]
V  [jvm.dll+0x65ff6d]
V  [jvm.dll+0x6600fb]
V  [jvm.dll+0x665dcb]
V  [jvm.dll+0x666dc6]
V  [jvm.dll+0x66510b]
V  [jvm.dll+0x24c57b]
V  [jvm.dll+0x24bce0]
V  [jvm.dll+0x1cb4ae]
V  [jvm.dll+0x25baad]
V  [jvm.dll+0x25a03a]
V  [jvm.dll+0x3f8aae]
V  [jvm.dll+0x8600cd]
V  [jvm.dll+0x6d6c1d]
C  [ucrtbase.dll+0x2cd30]
C  [KERNEL32.DLL+0x2ccb7]
C  [ntdll.dll+0xaad6c]


---------------  P R O C E S S  ---------------

Threads class SMR info:
_java_thread_list=0x000001a3f50a7f10, length=32, elements={
0x000001a3d923f230, 0x000001a3f0964870, 0x000001a3f096bd00, 0x000001a3f0971520,
0x000001a3f0971f80, 0x000001a3f09729e0, 0x000001a3f0973440, 0x000001a3f09741d0,
0x000001a3f09dd480, 0x000001a3f0b441b0, 0x000001a3f0c1b230, 0x000001a3f5b39460,
0x000001a3f527c730, 0x000001a3f0ccd530, 0x000001a3f0cb2960, 0x000001a3f663a260,
0x000001a3f0a05020, 0x000001a3f59c4f60, 0x000001a3f52bf390, 0x000001a3f52bed00,
0x000001a3f52bcc30, 0x000001a3f52be670, 0x000001a3f52bbf10, 0x000001a3f52bd2c0,
0x000001a3f52bc5a0, 0x000001a3f6461d40, 0x000001a3f6463e10, 0x000001a3f6461020,
0x000001a3f64623d0, 0x000001a3f6463780, 0x000001a3f64630f0, 0x000001a3f6462a60
}

Java Threads: ( => current thread )
  0x000001a3d923f230 JavaThread "main"                              [_thread_blocked, id=40184, stack(0x0000008cfa200000,0x0000008cfa300000) (1024K)]
  0x000001a3f0964870 JavaThread "Reference Handler"          daemon [_thread_blocked, id=39176, stack(0x0000008cfaa00000,0x0000008cfab00000) (1024K)]
  0x000001a3f096bd00 JavaThread "Finalizer"                  daemon [_thread_blocked, id=38220, stack(0x0000008cfab00000,0x0000008cfac00000) (1024K)]
  0x000001a3f0971520 JavaThread "Signal Dispatcher"          daemon [_thread_blocked, id=42220, stack(0x0000008cfac00000,0x0000008cfad00000) (1024K)]
  0x000001a3f0971f80 JavaThread "Attach Listener"            daemon [_thread_blocked, id=42032, stack(0x0000008cfad00000,0x0000008cfae00000) (1024K)]
  0x000001a3f09729e0 JavaThread "Service Thread"             daemon [_thread_blocked, id=38376, stack(0x0000008cfae00000,0x0000008cfaf00000) (1024K)]
  0x000001a3f0973440 JavaThread "Monitor Deflation Thread"   daemon [_thread_blocked, id=39464, stack(0x0000008cfaf00000,0x0000008cfb000000) (1024K)]
=>0x000001a3f09741d0 JavaThread "C2 CompilerThread0"         daemon [_thread_in_native, id=40120, stack(0x0000008cfb000000,0x0000008cfb100000) (1024K)]
  0x000001a3f09dd480 JavaThread "C1 CompilerThread0"         daemon [_thread_blocked, id=37028, stack(0x0000008cfb100000,0x0000008cfb200000) (1024K)]
  0x000001a3f0b441b0 JavaThread "Common-Cleaner"             daemon [_thread_blocked, id=37064, stack(0x0000008cfb200000,0x0000008cfb300000) (1024K)]
  0x000001a3f0c1b230 JavaThread "Notification Thread"        daemon [_thread_blocked, id=8460, stack(0x0000008cfb300000,0x0000008cfb400000) (1024K)]
  0x000001a3f5b39460 JavaThread "Daemon health stats"               [_thread_blocked, id=8556, stack(0x0000008cfb900000,0x0000008cfba00000) (1024K)]
  0x000001a3f527c730 JavaThread "Incoming local TCP Connector on port 60790"        [_thread_in_native, id=29924, stack(0x0000008cfba00000,0x0000008cfbb00000) (1024K)]
  0x000001a3f0ccd530 JavaThread "Daemon periodic checks"            [_thread_blocked, id=38988, stack(0x0000008cfbb00000,0x0000008cfbc00000) (1024K)]
  0x000001a3f0cb2960 JavaThread "Daemon"                            [_thread_blocked, id=43284, stack(0x0000008cfbc00000,0x0000008cfbd00000) (1024K)]
  0x000001a3f663a260 JavaThread "Handler for socket connection from /127.0.0.1:60790 to /127.0.0.1:51996"        [_thread_in_native, id=43288, stack(0x0000008cfbd00000,0x0000008cfbe00000) (1024K)]
  0x000001a3f0a05020 JavaThread "Cancel handler"                    [_thread_blocked, id=43324, stack(0x0000008cfbe00000,0x0000008cfbf00000) (1024K)]
  0x000001a3f59c4f60 JavaThread "Daemon worker"                     [_thread_in_vm, id=43328, stack(0x0000008cfbf00000,0x0000008cfc000000) (1024K)]
  0x000001a3f52bf390 JavaThread "Asynchronous log dispatcher for DefaultDaemonConnection: socket connection from /127.0.0.1:60790 to /127.0.0.1:51996"        [_thread_blocked, id=43676, stack(0x0000008cfc000000,0x0000008cfc100000) (1024K)]
  0x000001a3f52bed00 JavaThread "Stdin handler"                     [_thread_blocked, id=43680, stack(0x0000008cfc100000,0x0000008cfc200000) (1024K)]
  0x000001a3f52bcc30 JavaThread "Daemon client event forwarder"        [_thread_blocked, id=43684, stack(0x0000008cfc200000,0x0000008cfc300000) (1024K)]
  0x000001a3f52be670 JavaThread "Cache worker for journal cache (C:\Users\Yogesh\.gradle\caches\journal-1)"        [_thread_blocked, id=35404, stack(0x0000008cfc300000,0x0000008cfc400000) (1024K)]
  0x000001a3f52bbf10 JavaThread "File lock request listener"        [_thread_in_native, id=42836, stack(0x0000008cfc400000,0x0000008cfc500000) (1024K)]
  0x000001a3f52bd2c0 JavaThread "File lock release action executor"        [_thread_in_vm, id=44012, stack(0x0000008cfc500000,0x0000008cfc600000) (1024K)]
  0x000001a3f52bc5a0 JavaThread "Cache worker for file hash cache (C:\Users\Yogesh\.gradle\caches\8.9\fileHashes)"        [_thread_blocked, id=20232, stack(0x0000008cfc600000,0x0000008cfc700000) (1024K)]
  0x000001a3f6461d40 JavaThread "Cache worker for file hash cache (C:\Users\Yogesh\Desktop\Drive4U\RTR\node_modules\@react-native-async-storage\async-storage\android\.gradle\8.9\fileHashes)"        [_thread_blocked, id=17576, stack(0x0000008cfa100000,0x0000008cfa200000) (1024K)]
  0x000001a3f6463e10 JavaThread "Cache worker for Build Output Cleanup Cache (C:\Users\Yogesh\Desktop\Drive4U\RTR\node_modules\@react-native-async-storage\async-storage\android\.gradle\buildOutputCleanup)"        [_thread_blocked, id=43624, stack(0x0000008cfc900000,0x0000008cfca00000) (1024K)]
  0x000001a3f6461020 JavaThread "File watcher server"        daemon [_thread_in_native, id=35812, stack(0x0000008cfca00000,0x0000008cfcb00000) (1024K)]
  0x000001a3f64623d0 JavaThread "File watcher consumer"      daemon [_thread_blocked, id=10848, stack(0x0000008cfcb00000,0x0000008cfcc00000) (1024K)]
  0x000001a3f6463780 JavaThread "Cache worker for checksums cache (C:\Users\Yogesh\Desktop\Drive4U\RTR\node_modules\@react-native-async-storage\async-storage\android\.gradle\8.9\checksums)"        [_thread_blocked, id=34872, stack(0x0000008cfcc00000,0x0000008cfcd00000) (1024K)]
  0x000001a3f64630f0 JavaThread "Cache worker for file content cache (C:\Users\Yogesh\.gradle\caches\8.9\fileContent)"        [_thread_blocked, id=34304, stack(0x0000008cfcd00000,0x0000008cfce00000) (1024K)]
  0x000001a3f6462a60 JavaThread "Cache worker for cache directory md-rule (C:\Users\Yogesh\.gradle\caches\8.9\md-rule)"        [_thread_blocked, id=41988, stack(0x0000008cfce00000,0x0000008cfcf00000) (1024K)]
Total: 32

Other Threads:
  0x000001a3f093e6f0 VMThread "VM Thread"                           [id=24212, stack(0x0000008cfa900000,0x0000008cfaa00000) (1024K)] _threads_hazard_ptr=0x000001a3f50a7f10
  0x000001a3f0933590 WatcherThread "VM Periodic Task Thread"        [id=37560, stack(0x0000008cfa800000,0x0000008cfa900000) (1024K)]
  0x000001a3d9269b60 WorkerThread "GC Thread#0"                     [id=36888, stack(0x0000008cfa300000,0x0000008cfa400000) (1024K)]
  0x000001a3f0cf8150 WorkerThread "GC Thread#1"                     [id=3004, stack(0x0000008cfb400000,0x0000008cfb500000) (1024K)]
  0x000001a3f51f5920 WorkerThread "GC Thread#2"                     [id=9400, stack(0x0000008cfb500000,0x0000008cfb600000) (1024K)]
  0x000001a3f51f5cd0 WorkerThread "GC Thread#3"                     [id=25124, stack(0x0000008cfb600000,0x0000008cfb700000) (1024K)]
  0x000001a3f5376070 WorkerThread "GC Thread#4"                     [id=33308, stack(0x0000008cfb700000,0x0000008cfb800000) (1024K)]
  0x000001a3f5376420 WorkerThread "GC Thread#5"                     [id=30424, stack(0x0000008cfb800000,0x0000008cfb900000) (1024K)]
  0x000001a3f0a29e40 WorkerThread "GC Thread#6"                     [id=41384, stack(0x0000008cfc700000,0x0000008cfc800000) (1024K)]
  0x000001a3f0a28820 WorkerThread "GC Thread#7"                     [id=39788, stack(0x0000008cfc800000,0x0000008cfc900000) (1024K)]
  0x000001a3d926fa70 ConcurrentGCThread "G1 Main Marker"            [id=39900, stack(0x0000008cfa400000,0x0000008cfa500000) (1024K)]
  0x000001a3d9270490 WorkerThread "G1 Conc#0"                       [id=37360, stack(0x0000008cfa500000,0x0000008cfa600000) (1024K)]
  0x000001a3f83e9950 WorkerThread "G1 Conc#1"                       [id=34016, stack(0x0000008cfa000000,0x0000008cfa100000) (1024K)]
  0x000001a3f080a6e0 ConcurrentGCThread "G1 Refine#0"               [id=37792, stack(0x0000008cfa600000,0x0000008cfa700000) (1024K)]
  0x000001a3f080b010 ConcurrentGCThread "G1 Service"                [id=39148, stack(0x0000008cfa700000,0x0000008cfa800000) (1024K)]
Total: 15

Threads with active compile tasks:
C2 CompilerThread0  140653 3759       4       java.net.URLStreamHandler::toExternalForm (156 bytes)
C1 CompilerThread0  140653 3762       3       java.lang.invoke.LambdaForm::arguments (47 bytes)
Total: 2

VM state: synchronizing (normal execution)

VM Mutex/Monitor currently owned by a thread:  ([mutex/lock_event])
[0x00007ff98865f5b0] Threads_lock - owner thread: 0x000001a3f093e6f0

Heap address: 0x00000000e0000000, size: 512 MB, Compressed Oops mode: 32-bit

CDS archive(s) mapped at: [0x000001a380000000-0x000001a380ba0000-0x000001a380ba0000), size 12189696, SharedBaseAddress: 0x000001a380000000, ArchiveRelocationMode: 1.
Compressed class space mapped at: 0x000001a381000000-0x000001a395000000, reserved size: 335544320
Narrow klass base: 0x000001a380000000, Narrow klass shift: 0, Narrow klass range: 0x100000000

GC Precious Log:
 CardTable entry size: 512
 Card Set container configuration: InlinePtr #cards 5 size 8 Array Of Cards #cards 12 size 40 Howl #buckets 4 coarsen threshold 1843 Howl Bitmap #cards 512 size 80 coarsen threshold 460 Card regions per heap region 1 cards per card region 2048
 CPUs: 8 total, 8 available
 Memory: 16026M
 Large Page Support: Disabled
 NUMA Support: Disabled
 Compressed Oops: Enabled (32-bit)
 Heap Region Size: 1M
 Heap Min Capacity: 256M
 Heap Initial Capacity: 256M
 Heap Max Capacity: 512M
 Pre-touch: Disabled
 Parallel Workers: 8
 Concurrent Workers: 2
 Concurrent Refinement Workers: 8
 Periodic GC: Disabled

Heap:
 garbage-first heap   total 262144K, used 79729K [0x00000000e0000000, 0x0000000100000000)
  region size 1024K, 67 young (68608K), 13 survivors (13312K)
 Metaspace       used 27359K, committed 28416K, reserved 393216K
  class space    used 4164K, committed 4672K, reserved 327680K

Heap Regions: E=young(eden), S=young(survivor), O=old, HS=humongous(starts), HC=humongous(continues), CS=collection set, F=free, TAMS=top-at-mark-start, PB=parsable bottom
|   0|0x00000000e0000000, 0x00000000e0100000, 0x00000000e0100000|100%|HS|  |TAMS 0x00000000e0000000| PB 0x00000000e0000000| Complete 
|   1|0x00000000e0100000, 0x00000000e0200000, 0x00000000e0200000|100%|HC|  |TAMS 0x00000000e0100000| PB 0x00000000e0100000| Complete 
|   2|0x00000000e0200000, 0x00000000e0300000, 0x00000000e0300000|100%|HC|  |TAMS 0x00000000e0200000| PB 0x00000000e0200000| Complete 
|   3|0x00000000e0300000, 0x00000000e0400000, 0x00000000e0400000|100%|HC|  |TAMS 0x00000000e0300000| PB 0x00000000e0300000| Complete 
|   4|0x00000000e0400000, 0x00000000e0500000, 0x00000000e0500000|100%| O|  |TAMS 0x00000000e0400000| PB 0x00000000e0400000| Untracked 
|   5|0x00000000e0500000, 0x00000000e0600000, 0x00000000e0600000|100%| O|  |TAMS 0x00000000e0500000| PB 0x00000000e0500000| Untracked 
|   6|0x00000000e0600000, 0x00000000e0700000, 0x00000000e0700000|100%| O|  |TAMS 0x00000000e0600000| PB 0x00000000e0600000| Untracked 
|   7|0x00000000e0700000, 0x00000000e0800000, 0x00000000e0800000|100%| O|Cm|TAMS 0x00000000e0700000| PB 0x00000000e0700000| Complete 
|   8|0x00000000e0800000, 0x00000000e0900000, 0x00000000e0900000|100%| O|  |TAMS 0x00000000e0800000| PB 0x00000000e0800000| Untracked 
|   9|0x00000000e0900000, 0x00000000e0a00000, 0x00000000e0a00000|100%| O|  |TAMS 0x00000000e0900000| PB 0x00000000e0900000| Untracked 
|  10|0x00000000e0a00000, 0x00000000e0b00000, 0x00000000e0b00000|100%| O|  |TAMS 0x00000000e0a00000| PB 0x00000000e0a00000| Untracked 
|  11|0x00000000e0b00000, 0x00000000e0c00000, 0x00000000e0c00000|100%|HS|  |TAMS 0x00000000e0b00000| PB 0x00000000e0b00000| Complete 
|  12|0x00000000e0c00000, 0x00000000e0c884a0, 0x00000000e0d00000| 53%| O|  |TAMS 0x00000000e0c00000| PB 0x00000000e0c00000| Untracked 
|  13|0x00000000e0d00000, 0x00000000e0d00000, 0x00000000e0e00000|  0%| F|  |TAMS 0x00000000e0d00000| PB 0x00000000e0d00000| Untracked 
|  14|0x00000000e0e00000, 0x00000000e0e00000, 0x00000000e0f00000|  0%| F|  |TAMS 0x00000000e0e00000| PB 0x00000000e0e00000| Untracked 
|  15|0x00000000e0f00000, 0x00000000e0f00000, 0x00000000e1000000|  0%| F|  |TAMS 0x00000000e0f00000| PB 0x00000000e0f00000| Untracked 
|  16|0x00000000e1000000, 0x00000000e1000000, 0x00000000e1100000|  0%| F|  |TAMS 0x00000000e1000000| PB 0x00000000e1000000| Untracked 
|  17|0x00000000e1100000, 0x00000000e1100000, 0x00000000e1200000|  0%| F|  |TAMS 0x00000000e1100000| PB 0x00000000e1100000| Untracked 
|  18|0x00000000e1200000, 0x00000000e1200000, 0x00000000e1300000|  0%| F|  |TAMS 0x00000000e1200000| PB 0x00000000e1200000| Untracked 
|  19|0x00000000e1300000, 0x00000000e1300000, 0x00000000e1400000|  0%| F|  |TAMS 0x00000000e1300000| PB 0x00000000e1300000| Untracked 
|  20|0x00000000e1400000, 0x00000000e1400000, 0x00000000e1500000|  0%| F|  |TAMS 0x00000000e1400000| PB 0x00000000e1400000| Untracked 
|  21|0x00000000e1500000, 0x00000000e1500000, 0x00000000e1600000|  0%| F|  |TAMS 0x00000000e1500000| PB 0x00000000e1500000| Untracked 
|  22|0x00000000e1600000, 0x00000000e1600000, 0x00000000e1700000|  0%| F|  |TAMS 0x00000000e1600000| PB 0x00000000e1600000| Untracked 
|  23|0x00000000e1700000, 0x00000000e1700000, 0x00000000e1800000|  0%| F|  |TAMS 0x00000000e1700000| PB 0x00000000e1700000| Untracked 
|  24|0x00000000e1800000, 0x00000000e1800000, 0x00000000e1900000|  0%| F|  |TAMS 0x00000000e1800000| PB 0x00000000e1800000| Untracked 
|  25|0x00000000e1900000, 0x00000000e1900000, 0x00000000e1a00000|  0%| F|  |TAMS 0x00000000e1900000| PB 0x00000000e1900000| Untracked 
|  26|0x00000000e1a00000, 0x00000000e1a00000, 0x00000000e1b00000|  0%| F|  |TAMS 0x00000000e1a00000| PB 0x00000000e1a00000| Untracked 
|  27|0x00000000e1b00000, 0x00000000e1b00000, 0x00000000e1c00000|  0%| F|  |TAMS 0x00000000e1b00000| PB 0x00000000e1b00000| Untracked 
|  28|0x00000000e1c00000, 0x00000000e1c00000, 0x00000000e1d00000|  0%| F|  |TAMS 0x00000000e1c00000| PB 0x00000000e1c00000| Untracked 
|  29|0x00000000e1d00000, 0x00000000e1d00000, 0x00000000e1e00000|  0%| F|  |TAMS 0x00000000e1d00000| PB 0x00000000e1d00000| Untracked 
|  30|0x00000000e1e00000, 0x00000000e1e00000, 0x00000000e1f00000|  0%| F|  |TAMS 0x00000000e1e00000| PB 0x00000000e1e00000| Untracked 
|  31|0x00000000e1f00000, 0x00000000e1f00000, 0x00000000e2000000|  0%| F|  |TAMS 0x00000000e1f00000| PB 0x00000000e1f00000| Untracked 
|  32|0x00000000e2000000, 0x00000000e2000000, 0x00000000e2100000|  0%| F|  |TAMS 0x00000000e2000000| PB 0x00000000e2000000| Untracked 
|  33|0x00000000e2100000, 0x00000000e2100000, 0x00000000e2200000|  0%| F|  |TAMS 0x00000000e2100000| PB 0x00000000e2100000| Untracked 
|  34|0x00000000e2200000, 0x00000000e2200000, 0x00000000e2300000|  0%| F|  |TAMS 0x00000000e2200000| PB 0x00000000e2200000| Untracked 
|  35|0x00000000e2300000, 0x00000000e2300000, 0x00000000e2400000|  0%| F|  |TAMS 0x00000000e2300000| PB 0x00000000e2300000| Untracked 
|  36|0x00000000e2400000, 0x00000000e2400000, 0x00000000e2500000|  0%| F|  |TAMS 0x00000000e2400000| PB 0x00000000e2400000| Untracked 
|  37|0x00000000e2500000, 0x00000000e2500000, 0x00000000e2600000|  0%| F|  |TAMS 0x00000000e2500000| PB 0x00000000e2500000| Untracked 
|  38|0x00000000e2600000, 0x00000000e2600000, 0x00000000e2700000|  0%| F|  |TAMS 0x00000000e2600000| PB 0x00000000e2600000| Untracked 
|  39|0x00000000e2700000, 0x00000000e2700000, 0x00000000e2800000|  0%| F|  |TAMS 0x00000000e2700000| PB 0x00000000e2700000| Untracked 
|  40|0x00000000e2800000, 0x00000000e2800000, 0x00000000e2900000|  0%| F|  |TAMS 0x00000000e2800000| PB 0x00000000e2800000| Untracked 
|  41|0x00000000e2900000, 0x00000000e2900000, 0x00000000e2a00000|  0%| F|  |TAMS 0x00000000e2900000| PB 0x00000000e2900000| Untracked 
|  42|0x00000000e2a00000, 0x00000000e2a00000, 0x00000000e2b00000|  0%| F|  |TAMS 0x00000000e2a00000| PB 0x00000000e2a00000| Untracked 
|  43|0x00000000e2b00000, 0x00000000e2b00000, 0x00000000e2c00000|  0%| F|  |TAMS 0x00000000e2b00000| PB 0x00000000e2b00000| Untracked 
|  44|0x00000000e2c00000, 0x00000000e2c00000, 0x00000000e2d00000|  0%| F|  |TAMS 0x00000000e2c00000| PB 0x00000000e2c00000| Untracked 
|  45|0x00000000e2d00000, 0x00000000e2d00000, 0x00000000e2e00000|  0%| F|  |TAMS 0x00000000e2d00000| PB 0x00000000e2d00000| Untracked 
|  46|0x00000000e2e00000, 0x00000000e2e00000, 0x00000000e2f00000|  0%| F|  |TAMS 0x00000000e2e00000| PB 0x00000000e2e00000| Untracked 
|  47|0x00000000e2f00000, 0x00000000e2f00000, 0x00000000e3000000|  0%| F|  |TAMS 0x00000000e2f00000| PB 0x00000000e2f00000| Untracked 
|  48|0x00000000e3000000, 0x00000000e3000000, 0x00000000e3100000|  0%| F|  |TAMS 0x00000000e3000000| PB 0x00000000e3000000| Untracked 
|  49|0x00000000e3100000, 0x00000000e3100000, 0x00000000e3200000|  0%| F|  |TAMS 0x00000000e3100000| PB 0x00000000e3100000| Untracked 
|  50|0x00000000e3200000, 0x00000000e3200000, 0x00000000e3300000|  0%| F|  |TAMS 0x00000000e3200000| PB 0x00000000e3200000| Untracked 
|  51|0x00000000e3300000, 0x00000000e3300000, 0x00000000e3400000|  0%| F|  |TAMS 0x00000000e3300000| PB 0x00000000e3300000| Untracked 
|  52|0x00000000e3400000, 0x00000000e3400000, 0x00000000e3500000|  0%| F|  |TAMS 0x00000000e3400000| PB 0x00000000e3400000| Untracked 
|  53|0x00000000e3500000, 0x00000000e3500000, 0x00000000e3600000|  0%| F|  |TAMS 0x00000000e3500000| PB 0x00000000e3500000| Untracked 
|  54|0x00000000e3600000, 0x00000000e3600000, 0x00000000e3700000|  0%| F|  |TAMS 0x00000000e3600000| PB 0x00000000e3600000| Untracked 
|  55|0x00000000e3700000, 0x00000000e3700000, 0x00000000e3800000|  0%| F|  |TAMS 0x00000000e3700000| PB 0x00000000e3700000| Untracked 
|  56|0x00000000e3800000, 0x00000000e3800000, 0x00000000e3900000|  0%| F|  |TAMS 0x00000000e3800000| PB 0x00000000e3800000| Untracked 
|  57|0x00000000e3900000, 0x00000000e3900000, 0x00000000e3a00000|  0%| F|  |TAMS 0x00000000e3900000| PB 0x00000000e3900000| Untracked 
|  58|0x00000000e3a00000, 0x00000000e3a00000, 0x00000000e3b00000|  0%| F|  |TAMS 0x00000000e3a00000| PB 0x00000000e3a00000| Untracked 
|  59|0x00000000e3b00000, 0x00000000e3b00000, 0x00000000e3c00000|  0%| F|  |TAMS 0x00000000e3b00000| PB 0x00000000e3b00000| Untracked 
|  60|0x00000000e3c00000, 0x00000000e3c00000, 0x00000000e3d00000|  0%| F|  |TAMS 0x00000000e3c00000| PB 0x00000000e3c00000| Untracked 
|  61|0x00000000e3d00000, 0x00000000e3d00000, 0x00000000e3e00000|  0%| F|  |TAMS 0x00000000e3d00000| PB 0x00000000e3d00000| Untracked 
|  62|0x00000000e3e00000, 0x00000000e3e00000, 0x00000000e3f00000|  0%| F|  |TAMS 0x00000000e3e00000| PB 0x00000000e3e00000| Untracked 
|  63|0x00000000e3f00000, 0x00000000e3f00000, 0x00000000e4000000|  0%| F|  |TAMS 0x00000000e3f00000| PB 0x00000000e3f00000| Untracked 
|  64|0x00000000e4000000, 0x00000000e4000000, 0x00000000e4100000|  0%| F|  |TAMS 0x00000000e4000000| PB 0x00000000e4000000| Untracked 
|  65|0x00000000e4100000, 0x00000000e4100000, 0x00000000e4200000|  0%| F|  |TAMS 0x00000000e4100000| PB 0x00000000e4100000| Untracked 
|  66|0x00000000e4200000, 0x00000000e4200000, 0x00000000e4300000|  0%| F|  |TAMS 0x00000000e4200000| PB 0x00000000e4200000| Untracked 
|  67|0x00000000e4300000, 0x00000000e4300000, 0x00000000e4400000|  0%| F|  |TAMS 0x00000000e4300000| PB 0x00000000e4300000| Untracked 
|  68|0x00000000e4400000, 0x00000000e4400000, 0x00000000e4500000|  0%| F|  |TAMS 0x00000000e4400000| PB 0x00000000e4400000| Untracked 
|  69|0x00000000e4500000, 0x00000000e4500000, 0x00000000e4600000|  0%| F|  |TAMS 0x00000000e4500000| PB 0x00000000e4500000| Untracked 
|  70|0x00000000e4600000, 0x00000000e4600000, 0x00000000e4700000|  0%| F|  |TAMS 0x00000000e4600000| PB 0x00000000e4600000| Untracked 
|  71|0x00000000e4700000, 0x00000000e4700000, 0x00000000e4800000|  0%| F|  |TAMS 0x00000000e4700000| PB 0x00000000e4700000| Untracked 
|  72|0x00000000e4800000, 0x00000000e4800000, 0x00000000e4900000|  0%| F|  |TAMS 0x00000000e4800000| PB 0x00000000e4800000| Untracked 
|  73|0x00000000e4900000, 0x00000000e4900000, 0x00000000e4a00000|  0%| F|  |TAMS 0x00000000e4900000| PB 0x00000000e4900000| Untracked 
|  74|0x00000000e4a00000, 0x00000000e4a00000, 0x00000000e4b00000|  0%| F|  |TAMS 0x00000000e4a00000| PB 0x00000000e4a00000| Untracked 
|  75|0x00000000e4b00000, 0x00000000e4b00000, 0x00000000e4c00000|  0%| F|  |TAMS 0x00000000e4b00000| PB 0x00000000e4b00000| Untracked 
|  76|0x00000000e4c00000, 0x00000000e4c00000, 0x00000000e4d00000|  0%| F|  |TAMS 0x00000000e4c00000| PB 0x00000000e4c00000| Untracked 
|  77|0x00000000e4d00000, 0x00000000e4d00000, 0x00000000e4e00000|  0%| F|  |TAMS 0x00000000e4d00000| PB 0x00000000e4d00000| Untracked 
|  78|0x00000000e4e00000, 0x00000000e4e00000, 0x00000000e4f00000|  0%| F|  |TAMS 0x00000000e4e00000| PB 0x00000000e4e00000| Untracked 
|  79|0x00000000e4f00000, 0x00000000e4f00000, 0x00000000e5000000|  0%| F|  |TAMS 0x00000000e4f00000| PB 0x00000000e4f00000| Untracked 
|  80|0x00000000e5000000, 0x00000000e5000000, 0x00000000e5100000|  0%| F|  |TAMS 0x00000000e5000000| PB 0x00000000e5000000| Untracked 
|  81|0x00000000e5100000, 0x00000000e5100000, 0x00000000e5200000|  0%| F|  |TAMS 0x00000000e5100000| PB 0x00000000e5100000| Untracked 
|  82|0x00000000e5200000, 0x00000000e5200000, 0x00000000e5300000|  0%| F|  |TAMS 0x00000000e5200000| PB 0x00000000e5200000| Untracked 
|  83|0x00000000e5300000, 0x00000000e5300000, 0x00000000e5400000|  0%| F|  |TAMS 0x00000000e5300000| PB 0x00000000e5300000| Untracked 
|  84|0x00000000e5400000, 0x00000000e5400000, 0x00000000e5500000|  0%| F|  |TAMS 0x00000000e5400000| PB 0x00000000e5400000| Untracked 
|  85|0x00000000e5500000, 0x00000000e5500000, 0x00000000e5600000|  0%| F|  |TAMS 0x00000000e5500000| PB 0x00000000e5500000| Untracked 
|  86|0x00000000e5600000, 0x00000000e5600000, 0x00000000e5700000|  0%| F|  |TAMS 0x00000000e5600000| PB 0x00000000e5600000| Untracked 
|  87|0x00000000e5700000, 0x00000000e5700000, 0x00000000e5800000|  0%| F|  |TAMS 0x00000000e5700000| PB 0x00000000e5700000| Untracked 
|  88|0x00000000e5800000, 0x00000000e5800000, 0x00000000e5900000|  0%| F|  |TAMS 0x00000000e5800000| PB 0x00000000e5800000| Untracked 
|  89|0x00000000e5900000, 0x00000000e5900000, 0x00000000e5a00000|  0%| F|  |TAMS 0x00000000e5900000| PB 0x00000000e5900000| Untracked 
|  90|0x00000000e5a00000, 0x00000000e5a00000, 0x00000000e5b00000|  0%| F|  |TAMS 0x00000000e5a00000| PB 0x00000000e5a00000| Untracked 
|  91|0x00000000e5b00000, 0x00000000e5b00000, 0x00000000e5c00000|  0%| F|  |TAMS 0x00000000e5b00000| PB 0x00000000e5b00000| Untracked 
|  92|0x00000000e5c00000, 0x00000000e5c00000, 0x00000000e5d00000|  0%| F|  |TAMS 0x00000000e5c00000| PB 0x00000000e5c00000| Untracked 
|  93|0x00000000e5d00000, 0x00000000e5d00000, 0x00000000e5e00000|  0%| F|  |TAMS 0x00000000e5d00000| PB 0x00000000e5d00000| Untracked 
|  94|0x00000000e5e00000, 0x00000000e5e00000, 0x00000000e5f00000|  0%| F|  |TAMS 0x00000000e5e00000| PB 0x00000000e5e00000| Untracked 
|  95|0x00000000e5f00000, 0x00000000e5f00000, 0x00000000e6000000|  0%| F|  |TAMS 0x00000000e5f00000| PB 0x00000000e5f00000| Untracked 
|  96|0x00000000e6000000, 0x00000000e6000000, 0x00000000e6100000|  0%| F|  |TAMS 0x00000000e6000000| PB 0x00000000e6000000| Untracked 
|  97|0x00000000e6100000, 0x00000000e6100000, 0x00000000e6200000|  0%| F|  |TAMS 0x00000000e6100000| PB 0x00000000e6100000| Untracked 
|  98|0x00000000e6200000, 0x00000000e6200000, 0x00000000e6300000|  0%| F|  |TAMS 0x00000000e6200000| PB 0x00000000e6200000| Untracked 
|  99|0x00000000e6300000, 0x00000000e6300000, 0x00000000e6400000|  0%| F|  |TAMS 0x00000000e6300000| PB 0x00000000e6300000| Untracked 
| 100|0x00000000e6400000, 0x00000000e6400000, 0x00000000e6500000|  0%| F|  |TAMS 0x00000000e6400000| PB 0x00000000e6400000| Untracked 
| 101|0x00000000e6500000, 0x00000000e6500000, 0x00000000e6600000|  0%| F|  |TAMS 0x00000000e6500000| PB 0x00000000e6500000| Untracked 
| 102|0x00000000e6600000, 0x00000000e6600000, 0x00000000e6700000|  0%| F|  |TAMS 0x00000000e6600000| PB 0x00000000e6600000| Untracked 
| 103|0x00000000e6700000, 0x00000000e6700000, 0x00000000e6800000|  0%| F|  |TAMS 0x00000000e6700000| PB 0x00000000e6700000| Untracked 
| 104|0x00000000e6800000, 0x00000000e6800000, 0x00000000e6900000|  0%| F|  |TAMS 0x00000000e6800000| PB 0x00000000e6800000| Untracked 
| 105|0x00000000e6900000, 0x00000000e6900000, 0x00000000e6a00000|  0%| F|  |TAMS 0x00000000e6900000| PB 0x00000000e6900000| Untracked 
| 106|0x00000000e6a00000, 0x00000000e6a00000, 0x00000000e6b00000|  0%| F|  |TAMS 0x00000000e6a00000| PB 0x00000000e6a00000| Untracked 
| 107|0x00000000e6b00000, 0x00000000e6b00000, 0x00000000e6c00000|  0%| F|  |TAMS 0x00000000e6b00000| PB 0x00000000e6b00000| Untracked 
| 108|0x00000000e6c00000, 0x00000000e6c00000, 0x00000000e6d00000|  0%| F|  |TAMS 0x00000000e6c00000| PB 0x00000000e6c00000| Untracked 
| 109|0x00000000e6d00000, 0x00000000e6d00000, 0x00000000e6e00000|  0%| F|  |TAMS 0x00000000e6d00000| PB 0x00000000e6d00000| Untracked 
| 110|0x00000000e6e00000, 0x00000000e6e00000, 0x00000000e6f00000|  0%| F|  |TAMS 0x00000000e6e00000| PB 0x00000000e6e00000| Untracked 
| 111|0x00000000e6f00000, 0x00000000e6f00000, 0x00000000e7000000|  0%| F|  |TAMS 0x00000000e6f00000| PB 0x00000000e6f00000| Untracked 
| 112|0x00000000e7000000, 0x00000000e7000000, 0x00000000e7100000|  0%| F|  |TAMS 0x00000000e7000000| PB 0x00000000e7000000| Untracked 
| 113|0x00000000e7100000, 0x00000000e7100000, 0x00000000e7200000|  0%| F|  |TAMS 0x00000000e7100000| PB 0x00000000e7100000| Untracked 
| 114|0x00000000e7200000, 0x00000000e7200000, 0x00000000e7300000|  0%| F|  |TAMS 0x00000000e7200000| PB 0x00000000e7200000| Untracked 
| 115|0x00000000e7300000, 0x00000000e7300000, 0x00000000e7400000|  0%| F|  |TAMS 0x00000000e7300000| PB 0x00000000e7300000| Untracked 
| 116|0x00000000e7400000, 0x00000000e7400000, 0x00000000e7500000|  0%| F|  |TAMS 0x00000000e7400000| PB 0x00000000e7400000| Untracked 
| 117|0x00000000e7500000, 0x00000000e7500000, 0x00000000e7600000|  0%| F|  |TAMS 0x00000000e7500000| PB 0x00000000e7500000| Untracked 
| 118|0x00000000e7600000, 0x00000000e7600000, 0x00000000e7700000|  0%| F|  |TAMS 0x00000000e7600000| PB 0x00000000e7600000| Untracked 
| 119|0x00000000e7700000, 0x00000000e7700000, 0x00000000e7800000|  0%| F|  |TAMS 0x00000000e7700000| PB 0x00000000e7700000| Untracked 
| 120|0x00000000e7800000, 0x00000000e7800000, 0x00000000e7900000|  0%| F|  |TAMS 0x00000000e7800000| PB 0x00000000e7800000| Untracked 
| 121|0x00000000e7900000, 0x00000000e7900000, 0x00000000e7a00000|  0%| F|  |TAMS 0x00000000e7900000| PB 0x00000000e7900000| Untracked 
| 122|0x00000000e7a00000, 0x00000000e7a00000, 0x00000000e7b00000|  0%| F|  |TAMS 0x00000000e7a00000| PB 0x00000000e7a00000| Untracked 
| 123|0x00000000e7b00000, 0x00000000e7b00000, 0x00000000e7c00000|  0%| F|  |TAMS 0x00000000e7b00000| PB 0x00000000e7b00000| Untracked 
| 124|0x00000000e7c00000, 0x00000000e7c00000, 0x00000000e7d00000|  0%| F|  |TAMS 0x00000000e7c00000| PB 0x00000000e7c00000| Untracked 
| 125|0x00000000e7d00000, 0x00000000e7d00000, 0x00000000e7e00000|  0%| F|  |TAMS 0x00000000e7d00000| PB 0x00000000e7d00000| Untracked 
| 126|0x00000000e7e00000, 0x00000000e7e00000, 0x00000000e7f00000|  0%| F|  |TAMS 0x00000000e7e00000| PB 0x00000000e7e00000| Untracked 
| 127|0x00000000e7f00000, 0x00000000e7f00000, 0x00000000e8000000|  0%| F|  |TAMS 0x00000000e7f00000| PB 0x00000000e7f00000| Untracked 
| 128|0x00000000e8000000, 0x00000000e8000000, 0x00000000e8100000|  0%| F|  |TAMS 0x00000000e8000000| PB 0x00000000e8000000| Untracked 
| 129|0x00000000e8100000, 0x00000000e8100000, 0x00000000e8200000|  0%| F|  |TAMS 0x00000000e8100000| PB 0x00000000e8100000| Untracked 
| 130|0x00000000e8200000, 0x00000000e8200000, 0x00000000e8300000|  0%| F|  |TAMS 0x00000000e8200000| PB 0x00000000e8200000| Untracked 
| 131|0x00000000e8300000, 0x00000000e8300000, 0x00000000e8400000|  0%| F|  |TAMS 0x00000000e8300000| PB 0x00000000e8300000| Untracked 
| 132|0x00000000e8400000, 0x00000000e8400000, 0x00000000e8500000|  0%| F|  |TAMS 0x00000000e8400000| PB 0x00000000e8400000| Untracked 
| 133|0x00000000e8500000, 0x00000000e8500000, 0x00000000e8600000|  0%| F|  |TAMS 0x00000000e8500000| PB 0x00000000e8500000| Untracked 
| 134|0x00000000e8600000, 0x00000000e8600000, 0x00000000e8700000|  0%| F|  |TAMS 0x00000000e8600000| PB 0x00000000e8600000| Untracked 
| 135|0x00000000e8700000, 0x00000000e8700000, 0x00000000e8800000|  0%| F|  |TAMS 0x00000000e8700000| PB 0x00000000e8700000| Untracked 
| 136|0x00000000e8800000, 0x00000000e8800000, 0x00000000e8900000|  0%| F|  |TAMS 0x00000000e8800000| PB 0x00000000e8800000| Untracked 
| 137|0x00000000e8900000, 0x00000000e8900000, 0x00000000e8a00000|  0%| F|  |TAMS 0x00000000e8900000| PB 0x00000000e8900000| Untracked 
| 138|0x00000000e8a00000, 0x00000000e8a00000, 0x00000000e8b00000|  0%| F|  |TAMS 0x00000000e8a00000| PB 0x00000000e8a00000| Untracked 
| 139|0x00000000e8b00000, 0x00000000e8b00000, 0x00000000e8c00000|  0%| F|  |TAMS 0x00000000e8b00000| PB 0x00000000e8b00000| Untracked 
| 140|0x00000000e8c00000, 0x00000000e8c00000, 0x00000000e8d00000|  0%| F|  |TAMS 0x00000000e8c00000| PB 0x00000000e8c00000| Untracked 
| 141|0x00000000e8d00000, 0x00000000e8d00000, 0x00000000e8e00000|  0%| F|  |TAMS 0x00000000e8d00000| PB 0x00000000e8d00000| Untracked 
| 142|0x00000000e8e00000, 0x00000000e8e00000, 0x00000000e8f00000|  0%| F|  |TAMS 0x00000000e8e00000| PB 0x00000000e8e00000| Untracked 
| 143|0x00000000e8f00000, 0x00000000e8f00000, 0x00000000e9000000|  0%| F|  |TAMS 0x00000000e8f00000| PB 0x00000000e8f00000| Untracked 
| 144|0x00000000e9000000, 0x00000000e9000000, 0x00000000e9100000|  0%| F|  |TAMS 0x00000000e9000000| PB 0x00000000e9000000| Untracked 
| 145|0x00000000e9100000, 0x00000000e9100000, 0x00000000e9200000|  0%| F|  |TAMS 0x00000000e9100000| PB 0x00000000e9100000| Untracked 
| 146|0x00000000e9200000, 0x00000000e9200000, 0x00000000e9300000|  0%| F|  |TAMS 0x00000000e9200000| PB 0x00000000e9200000| Untracked 
| 147|0x00000000e9300000, 0x00000000e9300000, 0x00000000e9400000|  0%| F|  |TAMS 0x00000000e9300000| PB 0x00000000e9300000| Untracked 
| 148|0x00000000e9400000, 0x00000000e9400000, 0x00000000e9500000|  0%| F|  |TAMS 0x00000000e9400000| PB 0x00000000e9400000| Untracked 
| 149|0x00000000e9500000, 0x00000000e9500000, 0x00000000e9600000|  0%| F|  |TAMS 0x00000000e9500000| PB 0x00000000e9500000| Untracked 
| 150|0x00000000e9600000, 0x00000000e9600000, 0x00000000e9700000|  0%| F|  |TAMS 0x00000000e9600000| PB 0x00000000e9600000| Untracked 
| 151|0x00000000e9700000, 0x00000000e9700000, 0x00000000e9800000|  0%| F|  |TAMS 0x00000000e9700000| PB 0x00000000e9700000| Untracked 
| 152|0x00000000e9800000, 0x00000000e9800000, 0x00000000e9900000|  0%| F|  |TAMS 0x00000000e9800000| PB 0x00000000e9800000| Untracked 
| 153|0x00000000e9900000, 0x00000000e9900000, 0x00000000e9a00000|  0%| F|  |TAMS 0x00000000e9900000| PB 0x00000000e9900000| Untracked 
| 154|0x00000000e9a00000, 0x00000000e9a00000, 0x00000000e9b00000|  0%| F|  |TAMS 0x00000000e9a00000| PB 0x00000000e9a00000| Untracked 
| 155|0x00000000e9b00000, 0x00000000e9b00000, 0x00000000e9c00000|  0%| F|  |TAMS 0x00000000e9b00000| PB 0x00000000e9b00000| Untracked 
| 156|0x00000000e9c00000, 0x00000000e9c00000, 0x00000000e9d00000|  0%| F|  |TAMS 0x00000000e9c00000| PB 0x00000000e9c00000| Untracked 
| 157|0x00000000e9d00000, 0x00000000e9d00000, 0x00000000e9e00000|  0%| F|  |TAMS 0x00000000e9d00000| PB 0x00000000e9d00000| Untracked 
| 158|0x00000000e9e00000, 0x00000000e9e00000, 0x00000000e9f00000|  0%| F|  |TAMS 0x00000000e9e00000| PB 0x00000000e9e00000| Untracked 
| 159|0x00000000e9f00000, 0x00000000e9f00000, 0x00000000ea000000|  0%| F|  |TAMS 0x00000000e9f00000| PB 0x00000000e9f00000| Untracked 
| 160|0x00000000ea000000, 0x00000000ea000000, 0x00000000ea100000|  0%| F|  |TAMS 0x00000000ea000000| PB 0x00000000ea000000| Untracked 
| 161|0x00000000ea100000, 0x00000000ea100000, 0x00000000ea200000|  0%| F|  |TAMS 0x00000000ea100000| PB 0x00000000ea100000| Untracked 
| 162|0x00000000ea200000, 0x00000000ea200000, 0x00000000ea300000|  0%| F|  |TAMS 0x00000000ea200000| PB 0x00000000ea200000| Untracked 
| 163|0x00000000ea300000, 0x00000000ea300000, 0x00000000ea400000|  0%| F|  |TAMS 0x00000000ea300000| PB 0x00000000ea300000| Untracked 
| 164|0x00000000ea400000, 0x00000000ea400000, 0x00000000ea500000|  0%| F|  |TAMS 0x00000000ea400000| PB 0x00000000ea400000| Untracked 
| 165|0x00000000ea500000, 0x00000000ea500000, 0x00000000ea600000|  0%| F|  |TAMS 0x00000000ea500000| PB 0x00000000ea500000| Untracked 
| 166|0x00000000ea600000, 0x00000000ea600000, 0x00000000ea700000|  0%| F|  |TAMS 0x00000000ea600000| PB 0x00000000ea600000| Untracked 
| 167|0x00000000ea700000, 0x00000000ea700000, 0x00000000ea800000|  0%| F|  |TAMS 0x00000000ea700000| PB 0x00000000ea700000| Untracked 
| 168|0x00000000ea800000, 0x00000000ea800000, 0x00000000ea900000|  0%| F|  |TAMS 0x00000000ea800000| PB 0x00000000ea800000| Untracked 
| 169|0x00000000ea900000, 0x00000000ea900000, 0x00000000eaa00000|  0%| F|  |TAMS 0x00000000ea900000| PB 0x00000000ea900000| Untracked 
| 170|0x00000000eaa00000, 0x00000000eaa00000, 0x00000000eab00000|  0%| F|  |TAMS 0x00000000eaa00000| PB 0x00000000eaa00000| Untracked 
| 171|0x00000000eab00000, 0x00000000eab00000, 0x00000000eac00000|  0%| F|  |TAMS 0x00000000eab00000| PB 0x00000000eab00000| Untracked 
| 172|0x00000000eac00000, 0x00000000eac00000, 0x00000000ead00000|  0%| F|  |TAMS 0x00000000eac00000| PB 0x00000000eac00000| Untracked 
| 173|0x00000000ead00000, 0x00000000ead00000, 0x00000000eae00000|  0%| F|  |TAMS 0x00000000ead00000| PB 0x00000000ead00000| Untracked 
| 174|0x00000000eae00000, 0x00000000eae00000, 0x00000000eaf00000|  0%| F|  |TAMS 0x00000000eae00000| PB 0x00000000eae00000| Untracked 
| 175|0x00000000eaf00000, 0x00000000eaf00000, 0x00000000eb000000|  0%| F|  |TAMS 0x00000000eaf00000| PB 0x00000000eaf00000| Untracked 
| 176|0x00000000eb000000, 0x00000000eb000000, 0x00000000eb100000|  0%| F|  |TAMS 0x00000000eb000000| PB 0x00000000eb000000| Untracked 
| 177|0x00000000eb100000, 0x00000000eb100000, 0x00000000eb200000|  0%| F|  |TAMS 0x00000000eb100000| PB 0x00000000eb100000| Untracked 
| 178|0x00000000eb200000, 0x00000000eb200000, 0x00000000eb300000|  0%| F|  |TAMS 0x00000000eb200000| PB 0x00000000eb200000| Untracked 
| 179|0x00000000eb300000, 0x00000000eb300000, 0x00000000eb400000|  0%| F|  |TAMS 0x00000000eb300000| PB 0x00000000eb300000| Untracked 
| 180|0x00000000eb400000, 0x00000000eb400000, 0x00000000eb500000|  0%| F|  |TAMS 0x00000000eb400000| PB 0x00000000eb400000| Untracked 
| 181|0x00000000eb500000, 0x00000000eb500000, 0x00000000eb600000|  0%| F|  |TAMS 0x00000000eb500000| PB 0x00000000eb500000| Untracked 
| 182|0x00000000eb600000, 0x00000000eb600000, 0x00000000eb700000|  0%| F|  |TAMS 0x00000000eb600000| PB 0x00000000eb600000| Untracked 
| 183|0x00000000eb700000, 0x00000000eb700000, 0x00000000eb800000|  0%| F|  |TAMS 0x00000000eb700000| PB 0x00000000eb700000| Untracked 
| 184|0x00000000eb800000, 0x00000000eb800000, 0x00000000eb900000|  0%| F|  |TAMS 0x00000000eb800000| PB 0x00000000eb800000| Untracked 
| 185|0x00000000eb900000, 0x00000000eb900000, 0x00000000eba00000|  0%| F|  |TAMS 0x00000000eb900000| PB 0x00000000eb900000| Untracked 
| 186|0x00000000eba00000, 0x00000000eba00000, 0x00000000ebb00000|  0%| F|  |TAMS 0x00000000eba00000| PB 0x00000000eba00000| Untracked 
| 187|0x00000000ebb00000, 0x00000000ebb00000, 0x00000000ebc00000|  0%| F|  |TAMS 0x00000000ebb00000| PB 0x00000000ebb00000| Untracked 
| 188|0x00000000ebc00000, 0x00000000ebc00000, 0x00000000ebd00000|  0%| F|  |TAMS 0x00000000ebc00000| PB 0x00000000ebc00000| Untracked 
| 189|0x00000000ebd00000, 0x00000000ebd80000, 0x00000000ebe00000| 50%| E|  |TAMS 0x00000000ebd00000| PB 0x00000000ebd00000| Complete 
| 190|0x00000000ebe00000, 0x00000000ebf00000, 0x00000000ebf00000|100%| E|CS|TAMS 0x00000000ebe00000| PB 0x00000000ebe00000| Complete 
| 191|0x00000000ebf00000, 0x00000000ec000000, 0x00000000ec000000|100%| E|CS|TAMS 0x00000000ebf00000| PB 0x00000000ebf00000| Complete 
| 192|0x00000000ec000000, 0x00000000ec100000, 0x00000000ec100000|100%| E|CS|TAMS 0x00000000ec000000| PB 0x00000000ec000000| Complete 
| 193|0x00000000ec100000, 0x00000000ec200000, 0x00000000ec200000|100%| E|CS|TAMS 0x00000000ec100000| PB 0x00000000ec100000| Complete 
| 194|0x00000000ec200000, 0x00000000ec300000, 0x00000000ec300000|100%| E|CS|TAMS 0x00000000ec200000| PB 0x00000000ec200000| Complete 
| 195|0x00000000ec300000, 0x00000000ec400000, 0x00000000ec400000|100%| E|CS|TAMS 0x00000000ec300000| PB 0x00000000ec300000| Complete 
| 196|0x00000000ec400000, 0x00000000ec500000, 0x00000000ec500000|100%| E|CS|TAMS 0x00000000ec400000| PB 0x00000000ec400000| Complete 
| 197|0x00000000ec500000, 0x00000000ec600000, 0x00000000ec600000|100%| E|CS|TAMS 0x00000000ec500000| PB 0x00000000ec500000| Complete 
| 198|0x00000000ec600000, 0x00000000ec700000, 0x00000000ec700000|100%| E|CS|TAMS 0x00000000ec600000| PB 0x00000000ec600000| Complete 
| 199|0x00000000ec700000, 0x00000000ec800000, 0x00000000ec800000|100%| E|CS|TAMS 0x00000000ec700000| PB 0x00000000ec700000| Complete 
| 200|0x00000000ec800000, 0x00000000ec900000, 0x00000000ec900000|100%| E|CS|TAMS 0x00000000ec800000| PB 0x00000000ec800000| Complete 
| 201|0x00000000ec900000, 0x00000000eca00000, 0x00000000eca00000|100%| E|CS|TAMS 0x00000000ec900000| PB 0x00000000ec900000| Complete 
| 202|0x00000000eca00000, 0x00000000ecb00000, 0x00000000ecb00000|100%| E|CS|TAMS 0x00000000eca00000| PB 0x00000000eca00000| Complete 
| 203|0x00000000ecb00000, 0x00000000ecc00000, 0x00000000ecc00000|100%| E|CS|TAMS 0x00000000ecb00000| PB 0x00000000ecb00000| Complete 
| 204|0x00000000ecc00000, 0x00000000ecd00000, 0x00000000ecd00000|100%| E|CS|TAMS 0x00000000ecc00000| PB 0x00000000ecc00000| Complete 
| 205|0x00000000ecd00000, 0x00000000ece00000, 0x00000000ece00000|100%| E|CS|TAMS 0x00000000ecd00000| PB 0x00000000ecd00000| Complete 
| 206|0x00000000ece00000, 0x00000000ecf00000, 0x00000000ecf00000|100%| E|CS|TAMS 0x00000000ece00000| PB 0x00000000ece00000| Complete 
| 207|0x00000000ecf00000, 0x00000000ed000000, 0x00000000ed000000|100%| E|CS|TAMS 0x00000000ecf00000| PB 0x00000000ecf00000| Complete 
| 208|0x00000000ed000000, 0x00000000ed100000, 0x00000000ed100000|100%| E|CS|TAMS 0x00000000ed000000| PB 0x00000000ed000000| Complete 
| 209|0x00000000ed100000, 0x00000000ed200000, 0x00000000ed200000|100%| E|CS|TAMS 0x00000000ed100000| PB 0x00000000ed100000| Complete 
| 210|0x00000000ed200000, 0x00000000ed300000, 0x00000000ed300000|100%| E|CS|TAMS 0x00000000ed200000| PB 0x00000000ed200000| Complete 
| 211|0x00000000ed300000, 0x00000000ed3541c0, 0x00000000ed400000| 32%| S|CS|TAMS 0x00000000ed300000| PB 0x00000000ed300000| Complete 
| 212|0x00000000ed400000, 0x00000000ed500000, 0x00000000ed500000|100%| S|CS|TAMS 0x00000000ed400000| PB 0x00000000ed400000| Complete 
| 213|0x00000000ed500000, 0x00000000ed600000, 0x00000000ed600000|100%| S|CS|TAMS 0x00000000ed500000| PB 0x00000000ed500000| Complete 
| 214|0x00000000ed600000, 0x00000000ed700000, 0x00000000ed700000|100%| S|CS|TAMS 0x00000000ed600000| PB 0x00000000ed600000| Complete 
| 215|0x00000000ed700000, 0x00000000ed800000, 0x00000000ed800000|100%| S|CS|TAMS 0x00000000ed700000| PB 0x00000000ed700000| Complete 
| 216|0x00000000ed800000, 0x00000000ed900000, 0x00000000ed900000|100%| S|CS|TAMS 0x00000000ed800000| PB 0x00000000ed800000| Complete 
| 217|0x00000000ed900000, 0x00000000eda00000, 0x00000000eda00000|100%| S|CS|TAMS 0x00000000ed900000| PB 0x00000000ed900000| Complete 
| 218|0x00000000eda00000, 0x00000000edb00000, 0x00000000edb00000|100%| S|CS|TAMS 0x00000000eda00000| PB 0x00000000eda00000| Complete 
| 219|0x00000000edb00000, 0x00000000edc00000, 0x00000000edc00000|100%| S|CS|TAMS 0x00000000edb00000| PB 0x00000000edb00000| Complete 
| 220|0x00000000edc00000, 0x00000000edd00000, 0x00000000edd00000|100%| S|CS|TAMS 0x00000000edc00000| PB 0x00000000edc00000| Complete 
| 221|0x00000000edd00000, 0x00000000ede00000, 0x00000000ede00000|100%| S|CS|TAMS 0x00000000edd00000| PB 0x00000000edd00000| Complete 
| 222|0x00000000ede00000, 0x00000000edf00000, 0x00000000edf00000|100%| S|CS|TAMS 0x00000000ede00000| PB 0x00000000ede00000| Complete 
| 223|0x00000000edf00000, 0x00000000ee000000, 0x00000000ee000000|100%| S|CS|TAMS 0x00000000edf00000| PB 0x00000000edf00000| Complete 
| 224|0x00000000ee000000, 0x00000000ee100000, 0x00000000ee100000|100%| E|CS|TAMS 0x00000000ee000000| PB 0x00000000ee000000| Complete 
| 225|0x00000000ee100000, 0x00000000ee200000, 0x00000000ee200000|100%| E|CS|TAMS 0x00000000ee100000| PB 0x00000000ee100000| Complete 
| 226|0x00000000ee200000, 0x00000000ee300000, 0x00000000ee300000|100%| E|CS|TAMS 0x00000000ee200000| PB 0x00000000ee200000| Complete 
| 227|0x00000000ee300000, 0x00000000ee400000, 0x00000000ee400000|100%| E|CS|TAMS 0x00000000ee300000| PB 0x00000000ee300000| Complete 
| 228|0x00000000ee400000, 0x00000000ee500000, 0x00000000ee500000|100%| E|CS|TAMS 0x00000000ee400000| PB 0x00000000ee400000| Complete 
| 229|0x00000000ee500000, 0x00000000ee600000, 0x00000000ee600000|100%| E|CS|TAMS 0x00000000ee500000| PB 0x00000000ee500000| Complete 
| 230|0x00000000ee600000, 0x00000000ee700000, 0x00000000ee700000|100%| E|CS|TAMS 0x00000000ee600000| PB 0x00000000ee600000| Complete 
| 231|0x00000000ee700000, 0x00000000ee800000, 0x00000000ee800000|100%| E|CS|TAMS 0x00000000ee700000| PB 0x00000000ee700000| Complete 
| 232|0x00000000ee800000, 0x00000000ee900000, 0x00000000ee900000|100%| E|CS|TAMS 0x00000000ee800000| PB 0x00000000ee800000| Complete 
| 233|0x00000000ee900000, 0x00000000eea00000, 0x00000000eea00000|100%| E|CS|TAMS 0x00000000ee900000| PB 0x00000000ee900000| Complete 
| 234|0x00000000eea00000, 0x00000000eeb00000, 0x00000000eeb00000|100%| E|CS|TAMS 0x00000000eea00000| PB 0x00000000eea00000| Complete 
| 235|0x00000000eeb00000, 0x00000000eec00000, 0x00000000eec00000|100%| E|CS|TAMS 0x00000000eeb00000| PB 0x00000000eeb00000| Complete 
| 236|0x00000000eec00000, 0x00000000eed00000, 0x00000000eed00000|100%| E|CS|TAMS 0x00000000eec00000| PB 0x00000000eec00000| Complete 
| 237|0x00000000eed00000, 0x00000000eee00000, 0x00000000eee00000|100%| E|CS|TAMS 0x00000000eed00000| PB 0x00000000eed00000| Complete 
| 238|0x00000000eee00000, 0x00000000eef00000, 0x00000000eef00000|100%| E|CS|TAMS 0x00000000eee00000| PB 0x00000000eee00000| Complete 
| 239|0x00000000eef00000, 0x00000000ef000000, 0x00000000ef000000|100%| E|CS|TAMS 0x00000000eef00000| PB 0x00000000eef00000| Complete 
| 240|0x00000000ef000000, 0x00000000ef100000, 0x00000000ef100000|100%| E|CS|TAMS 0x00000000ef000000| PB 0x00000000ef000000| Complete 
| 241|0x00000000ef100000, 0x00000000ef200000, 0x00000000ef200000|100%| E|CS|TAMS 0x00000000ef100000| PB 0x00000000ef100000| Complete 
| 242|0x00000000ef200000, 0x00000000ef300000, 0x00000000ef300000|100%| E|CS|TAMS 0x00000000ef200000| PB 0x00000000ef200000| Complete 
| 243|0x00000000ef300000, 0x00000000ef400000, 0x00000000ef400000|100%| E|CS|TAMS 0x00000000ef300000| PB 0x00000000ef300000| Complete 
| 244|0x00000000ef400000, 0x00000000ef500000, 0x00000000ef500000|100%| E|CS|TAMS 0x00000000ef400000| PB 0x00000000ef400000| Complete 
| 245|0x00000000ef500000, 0x00000000ef600000, 0x00000000ef600000|100%| E|CS|TAMS 0x00000000ef500000| PB 0x00000000ef500000| Complete 
| 246|0x00000000ef600000, 0x00000000ef700000, 0x00000000ef700000|100%| E|CS|TAMS 0x00000000ef600000| PB 0x00000000ef600000| Complete 
| 247|0x00000000ef700000, 0x00000000ef800000, 0x00000000ef800000|100%| E|CS|TAMS 0x00000000ef700000| PB 0x00000000ef700000| Complete 
| 248|0x00000000ef800000, 0x00000000ef900000, 0x00000000ef900000|100%| E|CS|TAMS 0x00000000ef800000| PB 0x00000000ef800000| Complete 
| 249|0x00000000ef900000, 0x00000000efa00000, 0x00000000efa00000|100%| E|CS|TAMS 0x00000000ef900000| PB 0x00000000ef900000| Complete 
| 250|0x00000000efa00000, 0x00000000efb00000, 0x00000000efb00000|100%| E|CS|TAMS 0x00000000efa00000| PB 0x00000000efa00000| Complete 
| 251|0x00000000efb00000, 0x00000000efc00000, 0x00000000efc00000|100%| E|CS|TAMS 0x00000000efb00000| PB 0x00000000efb00000| Complete 
| 252|0x00000000efc00000, 0x00000000efd00000, 0x00000000efd00000|100%| E|CS|TAMS 0x00000000efc00000| PB 0x00000000efc00000| Complete 
| 253|0x00000000efd00000, 0x00000000efe00000, 0x00000000efe00000|100%| E|CS|TAMS 0x00000000efd00000| PB 0x00000000efd00000| Complete 
| 254|0x00000000efe00000, 0x00000000eff00000, 0x00000000eff00000|100%| E|CS|TAMS 0x00000000efe00000| PB 0x00000000efe00000| Complete 
| 255|0x00000000eff00000, 0x00000000f0000000, 0x00000000f0000000|100%| E|CS|TAMS 0x00000000eff00000| PB 0x00000000eff00000| Complete 

Card table byte_map: [0x000001a3ed5b0000,0x000001a3ed6b0000] _byte_map_base: 0x000001a3eceb0000

Marking Bits: (CMBitMap*) 0x000001a3d926b190
 Bits: [0x000001a3ed6b0000, 0x000001a3edeb0000)

Polling page: 0x000001a3d8fd0000

Metaspace:

Usage:
  Non-class:     22.65 MB used.
      Class:      4.07 MB used.
       Both:     26.72 MB used.

Virtual space:
  Non-class space:       64.00 MB reserved,      23.19 MB ( 36%) committed,  1 nodes.
      Class space:      320.00 MB reserved,       4.56 MB (  1%) committed,  1 nodes.
             Both:      384.00 MB reserved,      27.75 MB (  7%) committed. 

Chunk freelists:
   Non-Class:  8.42 MB
       Class:  11.45 MB
        Both:  19.87 MB

MaxMetaspaceSize: 384.00 MB
CompressedClassSpaceSize: 320.00 MB
Initial GC threshold: 21.00 MB
Current GC threshold: 35.12 MB
CDS: on
 - commit_granule_bytes: 65536.
 - commit_granule_words: 8192.
 - virtual_space_node_default_size: 8388608.
 - enlarge_chunks_in_place: 1.
 - use_allocation_guard: 0.


Internal statistics:

num_allocs_failed_limit: 3.
num_arena_births: 1804.
num_arena_deaths: 0.
num_vsnodes_births: 2.
num_vsnodes_deaths: 0.
num_space_committed: 444.
num_space_uncommitted: 0.
num_chunks_returned_to_freelist: 3.
num_chunks_taken_from_freelist: 3081.
num_chunk_merges: 3.
num_chunk_splits: 1971.
num_chunks_enlarged: 1205.
num_inconsistent_stats: 0.

CodeHeap 'non-profiled nmethods': size=120000Kb used=2048Kb max_used=2048Kb free=117951Kb
 bounds [0x000001a3e5520000, 0x000001a3e5790000, 0x000001a3eca50000]
CodeHeap 'profiled nmethods': size=120000Kb used=7544Kb max_used=7544Kb free=112455Kb
 bounds [0x000001a3dda50000, 0x000001a3de1b0000, 0x000001a3e4f80000]
CodeHeap 'non-nmethods': size=5760Kb used=1571Kb max_used=1597Kb free=4188Kb
 bounds [0x000001a3e4f80000, 0x000001a3e51f0000, 0x000001a3e5520000]
CodeCache: size=245760Kb, used=11163Kb, max_used=11189Kb, free=234594Kb
 total_blobs=4333, nmethods=3748, adapters=489, full_count=0
Compilation: enabled, stopped_count=0, restarted_count=0

Compilation events (20 events):
Event: 137.603 Thread 0x000001a3f09dd480 3749       3       sun.invoke.util.VerifyAccess$1::run (5 bytes)
Event: 137.604 Thread 0x000001a3f09dd480 nmethod 3749 0x000001a3de1a9310 code [0x000001a3de1a94c0, 0x000001a3de1a96d0]
Event: 137.604 Thread 0x000001a3f09dd480 3750   !   3       sun.invoke.util.VerifyAccess$1::run (16 bytes)
Event: 137.604 Thread 0x000001a3f09dd480 nmethod 3750 0x000001a3de1a9810 code [0x000001a3de1a99c0, 0x000001a3de1a9b60]
Event: 137.673 Thread 0x000001a3f09dd480 3751       3       java.lang.invoke.MethodHandle::setAsTypeCache (33 bytes)
Event: 137.673 Thread 0x000001a3f09dd480 nmethod 3751 0x000001a3de1a9c10 code [0x000001a3de1a9e20, 0x000001a3de1aa410]
Event: 137.760 Thread 0x000001a3f09dd480 3753       3       sun.net.www.protocol.file.Handler::openConnection (7 bytes)
Event: 137.760 Thread 0x000001a3f09dd480 nmethod 3753 0x000001a3de1aa610 code [0x000001a3de1aa7c0, 0x000001a3de1aa920]
Event: 137.760 Thread 0x000001a3f09dd480 3754   !   3       sun.net.www.protocol.file.Handler::openConnection (274 bytes)
Event: 137.763 Thread 0x000001a3f09dd480 nmethod 3754 0x000001a3de1aaa10 code [0x000001a3de1aaf40, 0x000001a3de1acfe8]
Event: 137.764 Thread 0x000001a3f09dd480 3755       3       sun.net.www.protocol.file.Handler::createFileURLConnection (10 bytes)
Event: 137.764 Thread 0x000001a3f09dd480 nmethod 3755 0x000001a3de1ade90 code [0x000001a3de1ae040, 0x000001a3de1ae1f0]
Event: 138.288 Thread 0x000001a3f09dd480 3756       1       java.util.Collections$EmptyList::size (2 bytes)
Event: 138.288 Thread 0x000001a3f09dd480 nmethod 3756 0x000001a3e571e410 code [0x000001a3e571e5a0, 0x000001a3e571e668]
Event: 138.336 Thread 0x000001a3f09741d0 3757       4       java.util.zip.ZipFile$InflaterCleanupAction::run (12 bytes)
Event: 138.346 Thread 0x000001a3f09741d0 nmethod 3757 0x000001a3e571e710 code [0x000001a3e571e900, 0x000001a3e571f2f0]
Event: 138.568 Thread 0x000001a3f09741d0 3758 %     4       java.lang.invoke.LambdaFormBuffer::indexOf @ 2 (33 bytes)
Event: 138.574 Thread 0x000001a3f09741d0 nmethod 3758% 0x000001a3e571f790 code [0x000001a3e571f960, 0x000001a3e571fc68]
Event: 138.576 Thread 0x000001a3f09741d0 3759       4       java.net.URLStreamHandler::toExternalForm (156 bytes)
Event: 138.599 Thread 0x000001a3f09dd480 3762       3       java.lang.invoke.LambdaForm::arguments (47 bytes)

GC Heap History (8 events):
Event: 7.736 GC heap before
{Heap before GC invocations=0 (full 0):
 garbage-first heap   total 262144K, used 26624K [0x00000000e0000000, 0x0000000100000000)
  region size 1024K, 23 young (23552K), 0 survivors (0K)
 Metaspace       used 1109K, committed 1216K, reserved 393216K
  class space    used 80K, committed 128K, reserved 327680K
}
Event: 9.195 GC heap after
{Heap after GC invocations=1 (full 0):
 garbage-first heap   total 262144K, used 10240K [0x00000000e0000000, 0x0000000100000000)
  region size 1024K, 3 young (3072K), 3 survivors (3072K)
 Metaspace       used 1109K, committed 1216K, reserved 393216K
  class space    used 80K, committed 128K, reserved 327680K
}
Event: 17.150 GC heap before
{Heap before GC invocations=1 (full 0):
 garbage-first heap   total 262144K, used 40960K [0x00000000e0000000, 0x0000000100000000)
  region size 1024K, 33 young (33792K), 3 survivors (3072K)
 Metaspace       used 4280K, committed 4480K, reserved 393216K
  class space    used 546K, committed 640K, reserved 327680K
}
Event: 17.162 GC heap after
{Heap after GC invocations=2 (full 0):
 garbage-first heap   total 262144K, used 11975K [0x00000000e0000000, 0x0000000100000000)
  region size 1024K, 2 young (2048K), 2 survivors (2048K)
 Metaspace       used 4280K, committed 4480K, reserved 393216K
  class space    used 546K, committed 640K, reserved 327680K
}
Event: 76.651 GC heap before
{Heap before GC invocations=2 (full 0):
 garbage-first heap   total 262144K, used 114375K [0x00000000e0000000, 0x0000000100000000)
  region size 1024K, 100 young (102400K), 2 survivors (2048K)
 Metaspace       used 16829K, committed 17408K, reserved 393216K
  class space    used 2382K, committed 2624K, reserved 327680K
}
Event: 77.793 GC heap after
{Heap after GC invocations=3 (full 0):
 garbage-first heap   total 262144K, used 22447K [0x00000000e0000000, 0x0000000100000000)
  region size 1024K, 11 young (11264K), 11 survivors (11264K)
 Metaspace       used 16829K, committed 17408K, reserved 393216K
  class space    used 2382K, committed 2624K, reserved 327680K
}
Event: 102.553 GC heap before
{Heap before GC invocations=3 (full 0):
 garbage-first heap   total 262144K, used 54191K [0x00000000e0000000, 0x0000000100000000)
  region size 1024K, 43 young (44032K), 11 survivors (11264K)
 Metaspace       used 20837K, committed 21504K, reserved 393216K
  class space    used 3054K, committed 3392K, reserved 327680K
}
Event: 102.577 GC heap after
{Heap after GC invocations=4 (full 0):
 garbage-first heap   total 262144K, used 25457K [0x00000000e0000000, 0x0000000100000000)
  region size 1024K, 13 young (13312K), 13 survivors (13312K)
 Metaspace       used 20837K, committed 21504K, reserved 393216K
  class space    used 3054K, committed 3392K, reserved 327680K
}

Dll operation events (20 events):
Event: 2.523 Attempting to load shared library C:\Users\Yogesh\.vscode\extensions\redhat.java-1.56.0-win32-x64\jre\21.0.12.1-win32-x86_64\bin\nio.dll
Event: 2.523 Loaded shared library C:\Users\Yogesh\.vscode\extensions\redhat.java-1.56.0-win32-x64\jre\21.0.12.1-win32-x86_64\bin\nio.dll
Event: 2.537 Attempting to load shared library C:\Users\Yogesh\.vscode\extensions\redhat.java-1.56.0-win32-x64\jre\21.0.12.1-win32-x86_64\bin\zip.dll
Event: 2.537 Loaded shared library C:\Users\Yogesh\.vscode\extensions\redhat.java-1.56.0-win32-x64\jre\21.0.12.1-win32-x86_64\bin\zip.dll
Event: 5.685 Attempting to load shared library C:\Users\Yogesh\.vscode\extensions\redhat.java-1.56.0-win32-x64\jre\21.0.12.1-win32-x86_64\bin\jimage.dll
Event: 5.685 Loaded shared library C:\Users\Yogesh\.vscode\extensions\redhat.java-1.56.0-win32-x64\jre\21.0.12.1-win32-x86_64\bin\jimage.dll
Event: 9.224 Attempting to load shared library C:\Users\Yogesh\.vscode\extensions\redhat.java-1.56.0-win32-x64\jre\21.0.12.1-win32-x86_64\bin\verify.dll
Event: 9.224 Loaded shared library C:\Users\Yogesh\.vscode\extensions\redhat.java-1.56.0-win32-x64\jre\21.0.12.1-win32-x86_64\bin\verify.dll
Event: 10.499 Attempting to load shared library C:\Users\Yogesh\.gradle\native\c067742578af261105cb4f569cf0c3c89f3d7b1fecec35dd04571415982c5e48\windows-amd64\native-platform.dll
Event: 10.500 Loaded shared library C:\Users\Yogesh\.gradle\native\c067742578af261105cb4f569cf0c3c89f3d7b1fecec35dd04571415982c5e48\windows-amd64\native-platform.dll
Event: 10.509 Attempting to load shared library C:\Users\Yogesh\.gradle\native\100fb08df4bc3b14c8652ba06237920a3bd2aa13389f12d3474272988ae205f9\windows-amd64\native-platform-file-events.dll
Event: 10.512 Loaded shared library C:\Users\Yogesh\.gradle\native\100fb08df4bc3b14c8652ba06237920a3bd2aa13389f12d3474272988ae205f9\windows-amd64\native-platform-file-events.dll
Event: 28.670 Attempting to load shared library C:\Users\Yogesh\.vscode\extensions\redhat.java-1.56.0-win32-x64\jre\21.0.12.1-win32-x86_64\bin\management.dll
Event: 28.671 Loaded shared library C:\Users\Yogesh\.vscode\extensions\redhat.java-1.56.0-win32-x64\jre\21.0.12.1-win32-x86_64\bin\management.dll
Event: 28.687 Attempting to load shared library C:\Users\Yogesh\.vscode\extensions\redhat.java-1.56.0-win32-x64\jre\21.0.12.1-win32-x86_64\bin\management_ext.dll
Event: 28.689 Loaded shared library C:\Users\Yogesh\.vscode\extensions\redhat.java-1.56.0-win32-x64\jre\21.0.12.1-win32-x86_64\bin\management_ext.dll
Event: 32.606 Attempting to load shared library C:\Users\Yogesh\.vscode\extensions\redhat.java-1.56.0-win32-x64\jre\21.0.12.1-win32-x86_64\bin\extnet.dll
Event: 32.716 Loaded shared library C:\Users\Yogesh\.vscode\extensions\redhat.java-1.56.0-win32-x64\jre\21.0.12.1-win32-x86_64\bin\extnet.dll
Event: 42.522 Attempting to load shared library C:\Users\Yogesh\.vscode\extensions\redhat.java-1.56.0-win32-x64\jre\21.0.12.1-win32-x86_64\bin\sunmscapi.dll
Event: 42.536 Loaded shared library C:\Users\Yogesh\.vscode\extensions\redhat.java-1.56.0-win32-x64\jre\21.0.12.1-win32-x86_64\bin\sunmscapi.dll

Deoptimization events (20 events):
Event: 109.389 Thread 0x000001a3f59c4f60 Uncommon trap: trap_request=0xffffff45 fr.pc=0x000001a3e564092c relative=0x00000000000003cc
Event: 109.389 Thread 0x000001a3f59c4f60 Uncommon trap: reason=unstable_if action=reinterpret pc=0x000001a3e564092c method=jdk.internal.org.objectweb.asm.SymbolTable.addType(Ljava/lang/String;)I @ 33 c2
Event: 109.389 Thread 0x000001a3f59c4f60 DEOPT PACKING pc=0x000001a3e564092c sp=0x0000008cfbff9c30
Event: 109.389 Thread 0x000001a3f59c4f60 DEOPT UNPACKING pc=0x000001a3e4fd7ba2 sp=0x0000008cfbff9bb8 mode 2
Event: 110.601 Thread 0x000001a3f59c4f60 Uncommon trap: trap_request=0xffffff45 fr.pc=0x000001a3e5680f84 relative=0x0000000000000d44
Event: 110.601 Thread 0x000001a3f59c4f60 Uncommon trap: reason=unstable_if action=reinterpret pc=0x000001a3e5680f84 method=jdk.internal.org.objectweb.asm.SymbolTable.addType(Ljava/lang/String;)I @ 33 c2
Event: 110.601 Thread 0x000001a3f59c4f60 DEOPT PACKING pc=0x000001a3e5680f84 sp=0x0000008cfbffbaf0
Event: 110.601 Thread 0x000001a3f59c4f60 DEOPT UNPACKING pc=0x000001a3e4fd7ba2 sp=0x0000008cfbffba28 mode 2
Event: 113.989 Thread 0x000001a3f59c4f60 Uncommon trap: trap_request=0xffffff76 fr.pc=0x000001a3e56cd804 relative=0x00000000000001c4
Event: 113.989 Thread 0x000001a3f59c4f60 Uncommon trap: reason=predicate action=maybe_recompile pc=0x000001a3e56cd804 method=com.google.common.base.CharMatcher.indexIn(Ljava/lang/CharSequence;I)I @ 19 c2
Event: 113.989 Thread 0x000001a3f59c4f60 DEOPT PACKING pc=0x000001a3e56cd804 sp=0x0000008cfbffada0
Event: 113.989 Thread 0x000001a3f59c4f60 DEOPT UNPACKING pc=0x000001a3e4fd7ba2 sp=0x0000008cfbffad30 mode 2
Event: 115.648 Thread 0x000001a3f59c4f60 Uncommon trap: trap_request=0xffffff45 fr.pc=0x000001a3e55ccd94 relative=0x0000000000000574
Event: 115.648 Thread 0x000001a3f59c4f60 Uncommon trap: reason=unstable_if action=reinterpret pc=0x000001a3e55ccd94 method=java.util.Properties$LineReader.readLine()I @ 95 c2
Event: 115.648 Thread 0x000001a3f59c4f60 DEOPT PACKING pc=0x000001a3e55ccd94 sp=0x0000008cfbffafa0
Event: 115.649 Thread 0x000001a3f59c4f60 DEOPT UNPACKING pc=0x000001a3e4fd7ba2 sp=0x0000008cfbffaf50 mode 2
Event: 127.672 Thread 0x000001a3f59c4f60 Uncommon trap: trap_request=0xffffff45 fr.pc=0x000001a3e55c1fc4 relative=0x00000000000002e4
Event: 127.672 Thread 0x000001a3f59c4f60 Uncommon trap: reason=unstable_if action=reinterpret pc=0x000001a3e55c1fc4 method=java.util.HashMap.hash(Ljava/lang/Object;)I @ 1 c2
Event: 127.672 Thread 0x000001a3f59c4f60 DEOPT PACKING pc=0x000001a3e55c1fc4 sp=0x0000008cfbff8850
Event: 127.686 Thread 0x000001a3f59c4f60 DEOPT UNPACKING pc=0x000001a3e4fd7ba2 sp=0x0000008cfbff86e8 mode 2

Classes loaded (20 events):
Event: 114.482 Loading class java/util/ArrayDeque$DeqSpliterator
Event: 114.483 Loading class java/util/ArrayDeque$DeqSpliterator done
Event: 118.896 Loading class jdk/internal/reflect/MethodHandleIntegerFieldAccessorImpl
Event: 118.898 Loading class jdk/internal/reflect/MethodHandleIntegerFieldAccessorImpl done
Event: 126.419 Loading class java/lang/invoke/BoundMethodHandle$Species_LLLLLLLLLLLLLLLLLLLLLLLL
Event: 126.419 Loading class java/lang/invoke/BoundMethodHandle$Species_LLLLLLLLLLLLLLLLLLLLLLLL done
Event: 127.475 Loading class java/lang/invoke/SerializedLambda
Event: 127.475 Loading class java/lang/invoke/SerializedLambda done
Event: 127.549 Loading class java/lang/reflect/AnnotatedType
Event: 127.549 Loading class java/lang/reflect/AnnotatedType done
Event: 127.671 Loading class sun/reflect/misc/ReflectUtil
Event: 127.671 Loading class sun/reflect/misc/ReflectUtil done
Event: 127.714 Loading class java/lang/Class$EnclosingMethodInfo
Event: 127.714 Loading class java/lang/Class$EnclosingMethodInfo done
Event: 127.721 Loading class sun/reflect/generics/tree/IntSignature
Event: 127.721 Loading class sun/reflect/generics/tree/IntSignature done
Event: 127.721 Loading class sun/reflect/generics/tree/ArrayTypeSignature
Event: 127.721 Loading class sun/reflect/generics/tree/ArrayTypeSignature done
Event: 127.783 Loading class java/lang/SafeVarargs
Event: 127.784 Loading class java/lang/SafeVarargs done

Classes unloaded (0 events):
No events

Classes redefined (0 events):
No events

Internal exceptions (20 events):
Event: 103.722 Thread 0x000001a3f59c4f60 Exception <a 'java/lang/NoSuchMethodError'{0x00000000efdfa4b0}: 'java.lang.Object java.lang.invoke.DirectMethodHandle$Holder.invokeSpecial(java.lang.Object, java.lang.Object, java.lang.Object, java.lang.Object, java.lang.Object, java.lang.Object, java.lang.Object, java.lang.Object, java.lang.Object, java.lang.Object, java.lang.Object, java.lang.Object, java.lang.Object, java.lang.Object, java.lang.Object, java.lang.Object, java.lang.Object, java.lang.Object, java.lang.Object, java.lang.Object, java.lang.Ob
Event: 103.722 Thread 0x000001a3f59c4f60 Exception <a 'java/lang/NoSuchMethodError'{0x00000000efdffcb8}: 'java.lang.Object java.lang.invoke.Invokers$Holder.invoker(java.lang.Object, java.lang.Object, java.lang.Object, java.lang.Object, java.lang.Object, java.lang.Object, java.lang.Object, java.lang.Object, java.lang.Object, java.lang.Object, java.lang.Object, java.lang.Object, java.lang.Object, java.lang.Object, java.lang.Object, java.lang.Object, java.lang.Object, java.lang.Object, java.lang.Object, java.lang.Object, java.lang.Object, java.lang.
Event: 103.739 Thread 0x000001a3f59c4f60 Exception <a 'java/lang/NoSuchMethodError'{0x00000000efc06140}: 'java.lang.Object java.lang.invoke.DelegatingMethodHandle$Holder.delegate(java.lang.Object, java.lang.Object, java.lang.Object, java.lang.Object, java.lang.Object, java.lang.Object, java.lang.Object, java.lang.Object, java.lang.Object, java.lang.Object, java.lang.Object, java.lang.Object, java.lang.Object, java.lang.Object, java.lang.Object, java.lang.Object, java.lang.Object, java.lang.Object, java.lang.Object, java.lang.Object, java.lang.Obj
Event: 105.437 Thread 0x000001a3f59c4f60 Exception <a 'java/lang/NoSuchMethodError'{0x00000000efa6ff88}: 'java.lang.Object java.lang.invoke.DirectMethodHandle$Holder.invokeStaticInit(java.lang.Object, java.lang.Object, java.lang.Object, java.lang.Object)'> (0x00000000efa6ff88) 
thrown [s\src\hotspot\share\interpreter\linkResolver.cpp, line 773]
Event: 108.184 Thread 0x000001a3f59c4f60 Exception <a 'java/lang/NoSuchMethodError'{0x00000000ef75b958}: 'void java.lang.invoke.DirectMethodHandle$Holder.invokeStatic(java.lang.Object, java.lang.Object, java.lang.Object, java.lang.Object)'> (0x00000000ef75b958) 
thrown [s\src\hotspot\share\interpreter\linkResolver.cpp, line 773]
Event: 108.687 Thread 0x000001a3f59c4f60 Exception <a 'java/lang/IncompatibleClassChangeError'{0x00000000ef783948}: Found class java.lang.Object, but interface was expected> (0x00000000ef783948) 
thrown [s\src\hotspot\share\interpreter\linkResolver.cpp, line 840]
Event: 110.198 Thread 0x000001a3f59c4f60 Exception <a 'java/lang/NoSuchMethodError'{0x00000000ef4e2810}: 'java.lang.Object java.lang.invoke.DirectMethodHandle$Holder.newInvokeSpecial(java.lang.Object, java.lang.Object, java.lang.Object, java.lang.Object, java.lang.Object, java.lang.Object, java.lang.Object, java.lang.Object, java.lang.Object, java.lang.Object)'> (0x00000000ef4e2810) 
thrown [s\src\hotspot\share\interpreter\linkResolver.cpp, line 773]
Event: 114.476 Thread 0x000001a3f59c4f60 Exception <a 'java/lang/NoSuchMethodError'{0x00000000eee65980}: 'int java.lang.invoke.DirectMethodHandle$Holder.invokeVirtual(java.lang.Object, java.lang.Object)'> (0x00000000eee65980) 
thrown [s\src\hotspot\share\interpreter\linkResolver.cpp, line 773]
Event: 116.378 Thread 0x000001a3f59c4f60 Exception <a 'java/lang/NoSuchMethodError'{0x00000000eeb3ba30}: 'void java.lang.invoke.DirectMethodHandle$Holder.invokeInterface(java.lang.Object, java.lang.Object, java.lang.Object, java.lang.Object, java.lang.Object)'> (0x00000000eeb3ba30) 
thrown [s\src\hotspot\share\interpreter\linkResolver.cpp, line 773]
Event: 118.888 Thread 0x000001a3f59c4f60 Exception <a 'java/lang/NoSuchMethodError'{0x00000000ee47fc78}: 'java.lang.Object java.lang.invoke.DirectMethodHandle$Holder.newInvokeSpecial(java.lang.Object, java.lang.Object, int, int)'> (0x00000000ee47fc78) 
thrown [s\src\hotspot\share\interpreter\linkResolver.cpp, line 773]
Event: 118.899 Thread 0x000001a3f59c4f60 Exception <a 'java/lang/NoSuchMethodError'{0x00000000ee4ba400}: 'void java.lang.invoke.DirectMethodHandle$Holder.invokeSpecial(java.lang.Object, java.lang.Object, int)'> (0x00000000ee4ba400) 
thrown [s\src\hotspot\share\interpreter\linkResolver.cpp, line 773]
Event: 118.900 Thread 0x000001a3f59c4f60 Exception <a 'java/lang/NoSuchMethodError'{0x00000000ee4be6f0}: 'void java.lang.invoke.Invokers$Holder.invokeExact_MT(java.lang.Object, int, java.lang.Object)'> (0x00000000ee4be6f0) 
thrown [s\src\hotspot\share\interpreter\linkResolver.cpp, line 773]
Event: 121.618 Thread 0x000001a3f59c4f60 Exception <a 'java/lang/NoSuchMethodError'{0x00000000ee1d1c38}: 'java.lang.Object java.lang.invoke.DirectMethodHandle$Holder.invokeSpecialIFC(java.lang.Object, java.lang.Object, java.lang.Object, java.lang.Object)'> (0x00000000ee1d1c38) 
thrown [s\src\hotspot\share\interpreter\linkResolver.cpp, line 773]
Event: 126.396 Thread 0x000001a3f59c4f60 Exception <a 'java/lang/NoSuchMethodError'{0x00000000ecf94418}: 'java.lang.Object java.lang.invoke.DirectMethodHandle$Holder.invokeVirtual(java.lang.Object, java.lang.Object, java.lang.Object, java.lang.Object, java.lang.Object, java.lang.Object, java.lang.Object, java.lang.Object, java.lang.Object, java.lang.Object, java.lang.Object, java.lang.Object, java.lang.Object, java.lang.Object, java.lang.Object, java.lang.Object, java.lang.Object, java.lang.Object, java.lang.Object, java.lang.Object, java.lang.Ob
Event: 126.397 Thread 0x000001a3f59c4f60 Exception <a 'java/lang/NoSuchMethodError'{0x00000000ecf9b4e8}: 'java.lang.Object java.lang.invoke.DirectMethodHandle$Holder.invokeSpecial(java.lang.Object, java.lang.Object, java.lang.Object, java.lang.Object, java.lang.Object, java.lang.Object, java.lang.Object, java.lang.Object, java.lang.Object, java.lang.Object, java.lang.Object, java.lang.Object, java.lang.Object, java.lang.Object, java.lang.Object, java.lang.Object, java.lang.Object, java.lang.Object, java.lang.Object, java.lang.Object, java.lang.Ob
Event: 126.398 Thread 0x000001a3f59c4f60 Exception <a 'java/lang/NoSuchMethodError'{0x00000000ecfa1710}: 'java.lang.Object java.lang.invoke.DelegatingMethodHandle$Holder.reinvoke_L(java.lang.Object, java.lang.Object, java.lang.Object, java.lang.Object, java.lang.Object, java.lang.Object, java.lang.Object, java.lang.Object, java.lang.Object, java.lang.Object, java.lang.Object, java.lang.Object, java.lang.Object, java.lang.Object, java.lang.Object, java.lang.Object, java.lang.Object, java.lang.Object, java.lang.Object, java.lang.Object, java.lang.O
Event: 126.423 Thread 0x000001a3f59c4f60 Exception <a 'java/lang/NoSuchMethodError'{0x00000000ece6f930}: 'java.lang.Object java.lang.invoke.DirectMethodHandle$Holder.invokeStatic(java.lang.Object, java.lang.Object, java.lang.Object, java.lang.Object, java.lang.Object, java.lang.Object, java.lang.Object, java.lang.Object, java.lang.Object, java.lang.Object, java.lang.Object, java.lang.Object, java.lang.Object, java.lang.Object, java.lang.Object, java.lang.Object, java.lang.Object, java.lang.Object, java.lang.Object, java.lang.Object, java.lang.Obj
Event: 127.672 Thread 0x000001a3f59c4f60 Implicit null exception at 0x000001a3e55c1d3a to 0x000001a3e55c1fac
Event: 136.834 Thread 0x000001a3f59c4f60 Exception <a 'java/lang/NoSuchMethodError'{0x00000000ec2fcaa0}: 'void java.lang.invoke.DirectMethodHandle$Holder.invokeStaticInit(java.lang.Object, java.lang.Object, java.lang.Object, java.lang.Object)'> (0x00000000ec2fcaa0) 
thrown [s\src\hotspot\share\interpreter\linkResolver.cpp, line 773]
Event: 137.644 Thread 0x000001a3f59c4f60 Exception <a 'java/lang/NoSuchMethodError'{0x00000000ebf18858}: 'java.lang.Object java.lang.invoke.DirectMethodHandle$Holder.invokeStaticInit(java.lang.Object, java.lang.Object, java.lang.Object)'> (0x00000000ebf18858) 
thrown [s\src\hotspot\share\interpreter\linkResolver.cpp, line 773]

ZGC Phase Switch (0 events):
No events

VM Operations (20 events):
Event: 127.709 Executing non-safepoint VM operation: HandshakeAllThreads (Deoptimize) done
Event: 128.720 Executing safepoint VM operation: Cleanup
Event: 128.737 Executing safepoint VM operation: Cleanup done
Event: 129.750 Executing safepoint VM operation: Cleanup
Event: 130.719 Executing safepoint VM operation: Cleanup done
Event: 131.732 Executing safepoint VM operation: Cleanup
Event: 131.732 Executing safepoint VM operation: Cleanup done
Event: 132.768 Executing safepoint VM operation: Cleanup
Event: 132.934 Executing safepoint VM operation: Cleanup done
Event: 133.943 Executing safepoint VM operation: Cleanup
Event: 134.020 Executing safepoint VM operation: Cleanup done
Event: 135.033 Executing safepoint VM operation: Cleanup
Event: 135.033 Executing safepoint VM operation: Cleanup done
Event: 137.052 Executing safepoint VM operation: Cleanup
Event: 137.162 Executing safepoint VM operation: Cleanup done
Event: 137.183 Executing non-safepoint VM operation: HandshakeAllThreads (Deoptimize)
Event: 137.183 Executing non-safepoint VM operation: HandshakeAllThreads (Deoptimize) done
Event: 138.192 Executing safepoint VM operation: Cleanup
Event: 138.251 Executing safepoint VM operation: Cleanup done
Event: 139.258 Executing safepoint VM operation: Cleanup

Memory protections (0 events):
No events

Nmethod flushes (0 events):
No events

Events (20 events):
Event: 38.566 Thread 0x000001a3d923f230 Thread added: 0x000001a3f527c730
Event: 42.468 Thread 0x000001a3d923f230 Thread added: 0x000001a3f0ccd530
Event: 45.259 Thread 0x000001a3f527c730 Thread added: 0x000001a3f0cb2960
Event: 45.267 Thread 0x000001a3f0cb2960 Thread added: 0x000001a3f663a260
Event: 45.361 Thread 0x000001a3f0cb2960 Thread added: 0x000001a3f0a05020
Event: 45.377 Thread 0x000001a3f0cb2960 Thread added: 0x000001a3f59c4f60
Event: 46.458 Thread 0x000001a3f59c4f60 Thread added: 0x000001a3f52bf390
Event: 46.471 Thread 0x000001a3f59c4f60 Thread added: 0x000001a3f52bed00
Event: 46.480 Thread 0x000001a3f59c4f60 Thread added: 0x000001a3f52bcc30
Event: 65.012 Thread 0x000001a3f59c4f60 Thread added: 0x000001a3f52be670
Event: 65.061 Thread 0x000001a3f59c4f60 Thread added: 0x000001a3f52bbf10
Event: 67.202 Thread 0x000001a3f52bbf10 Thread added: 0x000001a3f52bd2c0
Event: 67.250 Thread 0x000001a3f59c4f60 Thread added: 0x000001a3f52bc5a0
Event: 102.977 Thread 0x000001a3f59c4f60 Thread added: 0x000001a3f6461d40
Event: 103.635 Thread 0x000001a3f59c4f60 Thread added: 0x000001a3f6463e10
Event: 114.456 Thread 0x000001a3f59c4f60 Thread added: 0x000001a3f6461020
Event: 114.474 Thread 0x000001a3f59c4f60 Thread added: 0x000001a3f64623d0
Event: 120.998 Thread 0x000001a3f59c4f60 Thread added: 0x000001a3f6463780
Event: 122.578 Thread 0x000001a3f59c4f60 Thread added: 0x000001a3f64630f0
Event: 130.840 Thread 0x000001a3f59c4f60 Thread added: 0x000001a3f6462a60


Dynamic libraries:
0x00007ff79ef50000 - 0x00007ff79ef5e000 	C:\Users\Yogesh\.vscode\extensions\redhat.java-1.56.0-win32-x64\jre\21.0.12.1-win32-x86_64\bin\java.exe
0x00007ffa30580000 - 0x00007ffa307e6000 	C:\WINDOWS\SYSTEM32\ntdll.dll
0x00007ffa2f230000 - 0x00007ffa2f2f9000 	C:\WINDOWS\System32\KERNEL32.DLL
0x00007ffa2d9b0000 - 0x00007ffa2ddaf000 	C:\WINDOWS\System32\KERNELBASE.dll
0x00007ffa2d850000 - 0x00007ffa2d99c000 	C:\WINDOWS\System32\ucrtbase.dll
0x00007ff9f7d90000 - 0x00007ff9f7dae000 	C:\Users\Yogesh\.vscode\extensions\redhat.java-1.56.0-win32-x64\jre\21.0.12.1-win32-x86_64\bin\VCRUNTIME140.dll
0x00007ff9f7d70000 - 0x00007ff9f7d88000 	C:\Users\Yogesh\.vscode\extensions\redhat.java-1.56.0-win32-x64\jre\21.0.12.1-win32-x86_64\bin\jli.dll
0x00007ffa2ff20000 - 0x00007ffa300e6000 	C:\WINDOWS\System32\USER32.dll
0x00007ffa2de70000 - 0x00007ffa2de97000 	C:\WINDOWS\System32\win32u.dll
0x00007ffa30330000 - 0x00007ffa3035b000 	C:\WINDOWS\System32\GDI32.dll
0x00007ffa2df60000 - 0x00007ffa2e089000 	C:\WINDOWS\System32\gdi32full.dll
0x00007ffa2ddc0000 - 0x00007ffa2de63000 	C:\WINDOWS\System32\msvcp_win.dll
0x00007ffa0e270000 - 0x00007ffa0e501000 	C:\WINDOWS\WinSxS\amd64_microsoft.windows.common-controls_6595b64144ccf1df_6.0.26100.8972_none_3e0da176e32f9d4b\COMCTL32.dll
0x00007ffa2e3c0000 - 0x00007ffa2e469000 	C:\WINDOWS\System32\msvcrt.dll
0x00007ffa300f0000 - 0x00007ffa30122000 	C:\WINDOWS\System32\IMM32.DLL
0x00007ff9f7d60000 - 0x00007ff9f7d6c000 	C:\Users\Yogesh\.vscode\extensions\redhat.java-1.56.0-win32-x64\jre\21.0.12.1-win32-x86_64\bin\vcruntime140_1.dll
0x00007ff9b6bc0000 - 0x00007ff9b6c4d000 	C:\Users\Yogesh\.vscode\extensions\redhat.java-1.56.0-win32-x64\jre\21.0.12.1-win32-x86_64\bin\msvcp140.dll
0x00007ff9879a0000 - 0x00007ff988742000 	C:\Users\Yogesh\.vscode\extensions\redhat.java-1.56.0-win32-x64\jre\21.0.12.1-win32-x86_64\bin\server\jvm.dll
0x00007ffa2f6a0000 - 0x00007ffa2f75c000 	C:\WINDOWS\System32\ADVAPI32.dll
0x00007ffa2ec90000 - 0x00007ffa2ed3a000 	C:\WINDOWS\System32\sechost.dll
0x00007ffa30130000 - 0x00007ffa30248000 	C:\WINDOWS\System32\RPCRT4.dll
0x00007ffa2e540000 - 0x00007ffa2e5c2000 	C:\WINDOWS\System32\WS2_32.dll
0x00007ffa2d610000 - 0x00007ffa2d66e000 	C:\WINDOWS\SYSTEM32\POWRPROF.dll
0x00007ffa210a0000 - 0x00007ffa210d6000 	C:\WINDOWS\SYSTEM32\WINMM.dll
0x00007ffa22970000 - 0x00007ffa2297b000 	C:\WINDOWS\SYSTEM32\VERSION.dll
0x00007ffa2d5f0000 - 0x00007ffa2d605000 	C:\WINDOWS\SYSTEM32\UMPDC.dll
0x00007ffa2c480000 - 0x00007ffa2c49b000 	C:\WINDOWS\SYSTEM32\kernel.appcore.dll
0x00007ff9f7d50000 - 0x00007ff9f7d5a000 	C:\Users\Yogesh\.vscode\extensions\redhat.java-1.56.0-win32-x64\jre\21.0.12.1-win32-x86_64\bin\jimage.dll
0x00007ffa2ad30000 - 0x00007ffa2af72000 	C:\WINDOWS\SYSTEM32\DBGHELP.DLL
0x00007ffa2f300000 - 0x00007ffa2f685000 	C:\WINDOWS\System32\combase.dll
0x00007ffa2e8b0000 - 0x00007ffa2e989000 	C:\WINDOWS\System32\OLEAUT32.dll
0x00007ffa0aa10000 - 0x00007ffa0aa4b000 	C:\WINDOWS\SYSTEM32\dbgcore.DLL
0x00007ffa2d790000 - 0x00007ffa2d83c000 	C:\WINDOWS\System32\bcryptPrimitives.dll
0x00007ff9b6b40000 - 0x00007ff9b6b4f000 	C:\Users\Yogesh\.vscode\extensions\redhat.java-1.56.0-win32-x64\jre\21.0.12.1-win32-x86_64\bin\instrument.dll
0x00007ff9f4f30000 - 0x00007ff9f4f50000 	C:\Users\Yogesh\.vscode\extensions\redhat.java-1.56.0-win32-x64\jre\21.0.12.1-win32-x86_64\bin\java.dll
0x00007ffa2f770000 - 0x00007ffa2fef8000 	C:\WINDOWS\System32\SHELL32.dll
0x00007ffa2b210000 - 0x00007ffa2baab000 	C:\WINDOWS\SYSTEM32\windows.storage.dll
0x00007ffa2e7b0000 - 0x00007ffa2e8a9000 	C:\WINDOWS\System32\SHCORE.dll
0x00007ffa2e5d0000 - 0x00007ffa2e636000 	C:\WINDOWS\System32\shlwapi.dll
0x00007ffa2d6b0000 - 0x00007ffa2d6d9000 	C:\WINDOWS\SYSTEM32\profapi.dll
0x00007ff9b5440000 - 0x00007ff9b5458000 	C:\Users\Yogesh\.vscode\extensions\redhat.java-1.56.0-win32-x64\jre\21.0.12.1-win32-x86_64\bin\zip.dll
0x00007ff9f4f90000 - 0x00007ff9f4fa0000 	C:\Users\Yogesh\.vscode\extensions\redhat.java-1.56.0-win32-x64\jre\21.0.12.1-win32-x86_64\bin\net.dll
0x00007ffa246f0000 - 0x00007ffa24818000 	C:\WINDOWS\SYSTEM32\WINHTTP.dll
0x00007ffa2ca30000 - 0x00007ffa2ca9c000 	C:\WINDOWS\system32\mswsock.dll
0x00007ff9918e0000 - 0x00007ff9918f6000 	C:\Users\Yogesh\.vscode\extensions\redhat.java-1.56.0-win32-x64\jre\21.0.12.1-win32-x86_64\bin\nio.dll
0x00007ff9b5430000 - 0x00007ff9b5440000 	C:\Users\Yogesh\.vscode\extensions\redhat.java-1.56.0-win32-x64\jre\21.0.12.1-win32-x86_64\bin\verify.dll
0x00007ff98ffb0000 - 0x00007ff98ffd7000 	C:\Users\Yogesh\.gradle\native\c067742578af261105cb4f569cf0c3c89f3d7b1fecec35dd04571415982c5e48\windows-amd64\native-platform.dll
0x00007ff97c1b0000 - 0x00007ff97c2f4000 	C:\Users\Yogesh\.gradle\native\100fb08df4bc3b14c8652ba06237920a3bd2aa13389f12d3474272988ae205f9\windows-amd64\native-platform-file-events.dll
0x00007ff9b5460000 - 0x00007ff9b546a000 	C:\Users\Yogesh\.vscode\extensions\redhat.java-1.56.0-win32-x64\jre\21.0.12.1-win32-x86_64\bin\management.dll
0x00007ff9b41c0000 - 0x00007ff9b41cc000 	C:\Users\Yogesh\.vscode\extensions\redhat.java-1.56.0-win32-x64\jre\21.0.12.1-win32-x86_64\bin\management_ext.dll
0x00007ffa2e3b0000 - 0x00007ffa2e3b8000 	C:\WINDOWS\System32\PSAPI.DLL
0x00007ffa2cd20000 - 0x00007ffa2cd3b000 	C:\WINDOWS\SYSTEM32\CRYPTSP.dll
0x00007ffa2c3c0000 - 0x00007ffa2c3f9000 	C:\WINDOWS\system32\rsaenh.dll
0x00007ffa2cae0000 - 0x00007ffa2cb12000 	C:\WINDOWS\SYSTEM32\USERENV.dll
0x00007ffa2d680000 - 0x00007ffa2d6aa000 	C:\WINDOWS\SYSTEM32\bcrypt.dll
0x00007ffa2cd40000 - 0x00007ffa2cd4c000 	C:\WINDOWS\SYSTEM32\CRYPTBASE.dll
0x00007ffa2be00000 - 0x00007ffa2be33000 	C:\WINDOWS\SYSTEM32\IPHLPAPI.DLL
0x00007ffa2f690000 - 0x00007ffa2f69a000 	C:\WINDOWS\System32\NSI.dll
0x00007ffa19de0000 - 0x00007ffa19de9000 	C:\Users\Yogesh\.vscode\extensions\redhat.java-1.56.0-win32-x64\jre\21.0.12.1-win32-x86_64\bin\extnet.dll
0x00007ffa27610000 - 0x00007ffa2761e000 	C:\Users\Yogesh\.vscode\extensions\redhat.java-1.56.0-win32-x64\jre\21.0.12.1-win32-x86_64\bin\sunmscapi.dll
0x00007ffa2e090000 - 0x00007ffa2e20e000 	C:\WINDOWS\System32\CRYPT32.dll
0x00007ffa2cf60000 - 0x00007ffa2cf90000 	C:\WINDOWS\SYSTEM32\ncrypt.dll
0x00007ffa2cf10000 - 0x00007ffa2cf4f000 	C:\WINDOWS\SYSTEM32\NTASN1.dll
0x00007ff9b2180000 - 0x00007ff9b2188000 	C:\WINDOWS\system32\wshunix.dll

JVMTI agents:
C:\Users\Yogesh\.gradle\wrapper\dists\gradle-8.9-bin\90cnw93cvbtalezasaz0blq0a\gradle-8.9\lib\agents\gradle-instrumentation-agent-8.9.jar path:C:\Users\Yogesh\.vscode\extensions\redhat.java-1.56.0-win32-x64\jre\21.0.12.1-win32-x86_64\bin\instrument.dll, loaded, initialized, instrumentlib options:none

dbghelp: loaded successfully - version: 4.0.5 - missing functions: none
symbol engine: initialized successfully - sym options: 0x614 - pdb path: .;C:\Users\Yogesh\.vscode\extensions\redhat.java-1.56.0-win32-x64\jre\21.0.12.1-win32-x86_64\bin;C:\WINDOWS\SYSTEM32;C:\WINDOWS\WinSxS\amd64_microsoft.windows.common-controls_6595b64144ccf1df_6.0.26100.8972_none_3e0da176e32f9d4b;C:\Users\Yogesh\.vscode\extensions\redhat.java-1.56.0-win32-x64\jre\21.0.12.1-win32-x86_64\bin\server;C:\Users\Yogesh\.gradle\native\c067742578af261105cb4f569cf0c3c89f3d7b1fecec35dd04571415982c5e48\windows-amd64;C:\Users\Yogesh\.gradle\native\100fb08df4bc3b14c8652ba06237920a3bd2aa13389f12d3474272988ae205f9\windows-amd64

VM Arguments:
jvm_args: --add-opens=java.base/java.util=ALL-UNNAMED --add-opens=java.base/java.lang=ALL-UNNAMED --add-opens=java.base/java.lang.invoke=ALL-UNNAMED --add-opens=java.prefs/java.util.prefs=ALL-UNNAMED --add-exports=jdk.compiler/com.sun.tools.javac.api=ALL-UNNAMED --add-exports=jdk.compiler/com.sun.tools.javac.util=ALL-UNNAMED --add-opens=java.base/java.nio.charset=ALL-UNNAMED --add-opens=java.base/java.net=ALL-UNNAMED --add-opens=java.base/java.util.concurrent.atomic=ALL-UNNAMED -XX:MaxMetaspaceSize=384m -XX:+HeapDumpOnOutOfMemoryError -Xms256m -Xmx512m -Dfile.encoding=utf8 -Duser.country=IN -Duser.language=en -Duser.variant -javaagent:C:\Users\Yogesh\.gradle\wrapper\dists\gradle-8.9-bin\90cnw93cvbtalezasaz0blq0a\gradle-8.9\lib\agents\gradle-instrumentation-agent-8.9.jar 
java_command: org.gradle.launcher.daemon.bootstrap.GradleDaemon 8.9
java_class_path (initial): C:\Users\Yogesh\.gradle\wrapper\dists\gradle-8.9-bin\90cnw93cvbtalezasaz0blq0a\gradle-8.9\lib\gradle-daemon-main-8.9.jar
Launcher Type: SUN_STANDARD

[Global flags]
     intx CICompilerCount                          = 4                                         {product} {ergonomic}
   size_t CompressedClassSpaceSize                 = 335544320                                 {product} {ergonomic}
     uint ConcGCThreads                            = 2                                         {product} {ergonomic}
     uint G1ConcRefinementThreads                  = 8                                         {product} {ergonomic}
   size_t G1HeapRegionSize                         = 1048576                                   {product} {ergonomic}
    uintx GCDrainStackTargetSize                   = 64                                        {product} {ergonomic}
     bool HeapDumpOnOutOfMemoryError               = true                                   {manageable} {command line}
   size_t InitialHeapSize                          = 268435456                                 {product} {command line}
   size_t MarkStackSize                            = 4194304                                   {product} {ergonomic}
   size_t MaxHeapSize                              = 536870912                                 {product} {command line}
   size_t MaxMetaspaceSize                         = 402653184                                 {product} {command line}
   size_t MaxNewSize                               = 321912832                                 {product} {ergonomic}
   size_t MinHeapDeltaBytes                        = 1048576                                   {product} {ergonomic}
   size_t MinHeapSize                              = 268435456                                 {product} {command line}
    uintx NonNMethodCodeHeapSize                   = 5839372                                {pd product} {ergonomic}
    uintx NonProfiledCodeHeapSize                  = 122909434                              {pd product} {ergonomic}
    uintx ProfiledCodeHeapSize                     = 122909434                              {pd product} {ergonomic}
    uintx ReservedCodeCacheSize                    = 251658240                              {pd product} {ergonomic}
     bool SegmentedCodeCache                       = true                                      {product} {ergonomic}
   size_t SoftMaxHeapSize                          = 536870912                              {manageable} {ergonomic}
     bool UseCompressedOops                        = true                           {product lp64_product} {ergonomic}
     bool UseG1GC                                  = true                                      {product} {ergonomic}
     bool UseLargePagesIndividualAllocation        = false                                  {pd product} {ergonomic}

Logging:
Log output configuration:
 #0: stdout all=warning uptime,level,tags foldmultilines=false
 #1: stderr all=off uptime,level,tags foldmultilines=false

Release file:
JAVA_VERSION="21.0.12.1" 
MODULES="java.base java.compiler java.datatransfer java.xml java.prefs java.desktop java.instrument java.logging java.management java.security.sasl java.naming java.rmi java.management.rmi java.net.http java.scripting java.security.jgss java.transaction.xa java.sql java.sql.rowset java.xml.crypto java.se java.smartcardio jdk.accessibility jdk.internal.jvmstat jdk.attach jdk.charsets jdk.internal.opt jdk.zipfs jdk.compiler jdk.crypto.ec jdk.crypto.cryptoki jdk.crypto.mscapi jdk.dynalink jdk.internal.ed jdk.editpad jdk.hotspot.agent jdk.httpserver jdk.internal.le jdk.internal.vm.ci jdk.internal.vm.compiler jdk.internal.vm.compiler.management jdk.jartool jdk.javadoc jdk.jcmd jdk.management jdk.management.agent jdk.jconsole jdk.jdeps jdk.jdwp.agent jdk.jdi jdk.jfr jdk.jshell jdk.jsobject jdk.jstatd jdk.localedata jdk.management.jfr jdk.naming.dns jdk.naming.rmi jdk.net jdk.nio.mapmode jdk.random jdk.sctp jdk.security.auth jdk.security.jgss jdk.unsupported jdk.unsupported.desktop jdk.xml.dom" 

Environment Variables:
JAVA_HOME=C:\Program Files\Microsoft\jdk-17.0.8.7-hotspot\
PATH=C:\Program Files\Microsoft\jdk-17.0.8.7-hotspot\bin;C:\Program Files\Common Files\Oracle\Java\javapath;C:\WINDOWS\system32;C:\WINDOWS;C:\WINDOWS\System32\Wbem;C:\WINDOWS\System32\WindowsPowerShell\v1.0\;C:\WINDOWS\System32\OpenSSH\;C:\Program Files\nodejs\;C:\Users\Yogesh\AppData\Local\Android\Sdk\platform-tools;C:\ProgramData\chocolatey\bin;C:\Users\Yogesh\Desktop\SqlLite\sqlite-tools-win-x64-3450000;C:\Program Files\Git\cmd;C:\Program Files\Git\bin;C:\Users\Yogesh\AppData\Local\Android\Sdk\cmdline-tools\latest\bin;C:\Software\cmake-3.31.0-rc2-windows-x86_64\cmake-3.31.0-rc2-windows-x86_64\bin;C:\Users\Yogesh\Downloads\apache-maven-3.9.9\bin;C:\Program Files\MySQL\MySQL Shell 8.0\bin\;C:\Users\Yogesh\AppData\Local\Android\Sdk\tools;C:\Users\Yogesh\AppData\Local\Microsoft\WindowsApps;C:\Users\Yogesh\AppData\Roaming\npm;C:\Users\Yogesh\AppData\Local\Programs\Microsoft VS Code\bin;C:\Users\Yogesh\AppData\Local\GitHubDesktop\bin;
USERNAME=Yogesh
OS=Windows_NT
PROCESSOR_IDENTIFIER=Intel64 Family 6 Model 140 Stepping 1, GenuineIntel
TMP=C:\Users\Yogesh\AppData\Local\Temp
TEMP=C:\Users\Yogesh\AppData\Local\Temp




Periodic native trim disabled

---------------  S Y S T E M  ---------------

OS:
 Windows 11 , 64 bit Build 26100 (10.0.26100.9168)
OS uptime: 0 days 1:49 hours
Hyper-V role detected

CPU: total 8 (initial active 8) (4 cores per cpu, 2 threads per core) family 6 model 140 stepping 1 microcode 0xb4, cx8, cmov, fxsr, ht, mmx, 3dnowpref, sse, sse2, sse3, ssse3, sse4.1, sse4.2, popcnt, lzcnt, tsc, tscinvbit, avx, avx2, aes, erms, clmul, bmi1, bmi2, adx, avx512f, avx512dq, avx512cd, avx512bw, avx512vl, sha, fma, vzeroupper, avx512_vpopcntdq, avx512_vpclmulqdq, avx512_vaes, avx512_vnni, clflush, clflushopt, clwb, avx512_vbmi2, avx512_vbmi, hv, rdtscp, rdpid, fsrm, gfni, avx512_bitalg, f16c, cet_ibt, cet_ss, avx512_ifma
Processor Information for the first 8 processors :
  Max Mhz: 2401, Current Mhz: 2400, Mhz Limit: 2376

Memory: 4k page, system-wide physical 16026M (62M free)
TotalPageFile size 65178M (AvailPageFile size 48M)
current process WorkingSet (physical memory assigned to process): 172M, peak: 199M
current process commit charge ("private bytes"): 409M, peak: 415M

vm_info: OpenJDK 64-Bit Server VM (21.0.12.1+1-LTS) for windows-amd64 JRE (21.0.12.1+1-LTS), built on 2026-08-18T00:00:00Z by "admin" with MS VC++ 17.12 (VS2022)

END.
