#
# There is insufficient memory for the Java Runtime Environment to continue.
# Native memory allocation (malloc) failed to allocate 2126624 bytes. Error detail: Chunk::new
# Possible reasons:
#   The system is out of physical RAM or swap space
#   This process is running with CompressedOops enabled, and the Java Heap may be blocking the growth of the native heap
# Possible solutions:
#   Reduce memory load on the system
#   Increase physical memory or swap space
#   Check if swap backing store is full
#   Decrease Java heap size (-Xmx/-Xms)
#   Decrease number of Java threads
#   Decrease Java thread stack sizes (-Xss)
#   Set larger code cache with -XX:ReservedCodeCacheSize=
#   JVM is running with Unscaled Compressed Oops mode in which the Java heap is
#     placed in the first 4GB address space. The Java Heap base address is the
#     maximum limit for the native heap growth. Please use -XX:HeapBaseMinAddress
#     to set the Java Heap base and to place the Java Heap above 4GB virtual address.
# This output file may be truncated or incomplete.
#
#  Out of Memory Error (arena.cpp:168), pid=36040, tid=39736
#
# JRE version: OpenJDK Runtime Environment Temurin-21.0.12.1+1 (21.0.12.1+1) (build 21.0.12.1+1-LTS)
# Java VM: OpenJDK 64-Bit Server VM Temurin-21.0.12.1+1 (21.0.12.1+1-LTS, mixed mode, sharing, tiered, compressed oops, compressed class ptrs, g1 gc, windows-amd64)
# No core dump will be written. Minidumps are not enabled by default on client versions of Windows
#

---------------  S U M M A R Y ------------

Command Line: --add-opens=java.base/java.util=ALL-UNNAMED --add-opens=java.base/java.lang=ALL-UNNAMED --add-opens=java.base/java.lang.invoke=ALL-UNNAMED --add-opens=java.prefs/java.util.prefs=ALL-UNNAMED --add-exports=jdk.compiler/com.sun.tools.javac.api=ALL-UNNAMED --add-exports=jdk.compiler/com.sun.tools.javac.util=ALL-UNNAMED --add-opens=java.base/java.nio.charset=ALL-UNNAMED --add-opens=java.base/java.net=ALL-UNNAMED --add-opens=java.base/java.util.concurrent.atomic=ALL-UNNAMED -XX:MaxMetaspaceSize=384m -XX:+HeapDumpOnOutOfMemoryError -Xms256m -Xmx512m -Dfile.encoding=utf8 -Duser.country=IN -Duser.language=en -Duser.variant -javaagent:C:\Users\Yogesh\.gradle\wrapper\dists\gradle-8.10.2-all\7iv73wktx1xtkvlq19urqw1wm\gradle-8.10.2\lib\agents\gradle-instrumentation-agent-8.10.2.jar org.gradle.launcher.daemon.bootstrap.GradleDaemon 8.10.2

Host: 11th Gen Intel(R) Core(TM) i5-1135G7 @ 2.40GHz, 8 cores, 15G,  Windows 11 , 64 bit Build 26100 (10.0.26100.9168)
Time: Sat Sep 12 14:46:26 2026 India Standard Time elapsed time: 112.528707 seconds (0d 0h 1m 52s)

---------------  T H R E A D  ---------------

Current thread (0x0000017fd3397510):  JavaThread "C2 CompilerThread0" daemon [_thread_in_native, id=39736, stack(0x0000001a1c200000,0x0000001a1c300000) (1024K)]


Current CompileTask:
C2:112528 2904   !   4       java.lang.ClassLoader::loadClass (121 bytes)

Stack: [0x0000001a1c200000,0x0000001a1c300000]
Native frames: (J=compiled Java code, j=interpreted, Vv=VM code, C=native code)
V  [jvm.dll+0x6d83e9]
V  [jvm.dll+0x8b5736]
V  [jvm.dll+0x8b7cee]
V  [jvm.dll+0x8b83d3]
V  [jvm.dll+0x284596]
V  [jvm.dll+0xc685d]
V  [jvm.dll+0xc6da1]
V  [jvm.dll+0x3bf18b]
V  [jvm.dll+0x38b6d2]
V  [jvm.dll+0x38ab1a]
V  [jvm.dll+0x24c700]
V  [jvm.dll+0x24bce0]
V  [jvm.dll+0x1cb4ae]
V  [jvm.dll+0x25baad]
V  [jvm.dll+0x25a03a]
V  [jvm.dll+0x3f8aae]
V  [jvm.dll+0x8600cd]
V  [jvm.dll+0x6d6c1d]
C  [ucrtbase.dll+0x2cd30]
C  [KERNEL32.DLL+0x2ccb7]
C  [ntdll.dll+0xaad6c]


---------------  P R O C E S S  ---------------

Threads class SMR info:
_java_thread_list=0x0000017fee850d10, length=25, elements={
0x0000017fbd9ce0e0, 0x0000017fd3385ef0, 0x0000017fd3389680, 0x0000017fd338d680,
0x0000017fd338e0e0, 0x0000017fd3395d20, 0x0000017fd3396780, 0x0000017fd3397510,
0x0000017fd340e150, 0x0000017fd3582160, 0x0000017fd35d7dd0, 0x0000017fed461720,
0x0000017fd3d45640, 0x0000017fd3d44920, 0x0000017fd3d43570, 0x0000017fd3d45cd0,
0x0000017fd3d46360, 0x0000017fd3d43c00, 0x0000017fd3d44290, 0x0000017fd3d44fb0,
0x0000017fedd79350, 0x0000017fedd77fa0, 0x0000017fedd78630, 0x0000017fedd7ad90,
0x0000017fedd7b420
}

Java Threads: ( => current thread )
  0x0000017fbd9ce0e0 JavaThread "main"                              [_thread_blocked, id=43416, stack(0x0000001a1b300000,0x0000001a1b400000) (1024K)]
  0x0000017fd3385ef0 JavaThread "Reference Handler"          daemon [_thread_blocked, id=29200, stack(0x0000001a1bc00000,0x0000001a1bd00000) (1024K)]
  0x0000017fd3389680 JavaThread "Finalizer"                  daemon [_thread_blocked, id=24664, stack(0x0000001a1bd00000,0x0000001a1be00000) (1024K)]
  0x0000017fd338d680 JavaThread "Signal Dispatcher"          daemon [_thread_blocked, id=19188, stack(0x0000001a1be00000,0x0000001a1bf00000) (1024K)]
  0x0000017fd338e0e0 JavaThread "Attach Listener"            daemon [_thread_blocked, id=20800, stack(0x0000001a1bf00000,0x0000001a1c000000) (1024K)]
  0x0000017fd3395d20 JavaThread "Service Thread"             daemon [_thread_blocked, id=43780, stack(0x0000001a1c000000,0x0000001a1c100000) (1024K)]
  0x0000017fd3396780 JavaThread "Monitor Deflation Thread"   daemon [_thread_blocked, id=39400, stack(0x0000001a1c100000,0x0000001a1c200000) (1024K)]
=>0x0000017fd3397510 JavaThread "C2 CompilerThread0"         daemon [_thread_in_native, id=39736, stack(0x0000001a1c200000,0x0000001a1c300000) (1024K)]
  0x0000017fd340e150 JavaThread "C1 CompilerThread0"         daemon [_thread_blocked, id=35440, stack(0x0000001a1c300000,0x0000001a1c400000) (1024K)]
  0x0000017fd3582160 JavaThread "Common-Cleaner"             daemon [_thread_blocked, id=33168, stack(0x0000001a1c400000,0x0000001a1c500000) (1024K)]
  0x0000017fd35d7dd0 JavaThread "Notification Thread"        daemon [_thread_blocked, id=15708, stack(0x0000001a1c500000,0x0000001a1c600000) (1024K)]
  0x0000017fed461720 JavaThread "Daemon health stats"               [_thread_blocked, id=33720, stack(0x0000001a1b400000,0x0000001a1b500000) (1024K)]
  0x0000017fd3d45640 JavaThread "Incoming local TCP Connector on port 59716"        [_thread_in_native, id=33044, stack(0x0000001a1ce00000,0x0000001a1cf00000) (1024K)]
  0x0000017fd3d44920 JavaThread "Daemon periodic checks"            [_thread_blocked, id=33556, stack(0x0000001a1cf00000,0x0000001a1d000000) (1024K)]
  0x0000017fd3d43570 JavaThread "Daemon"                            [_thread_blocked, id=44220, stack(0x0000001a1d000000,0x0000001a1d100000) (1024K)]
  0x0000017fd3d45cd0 JavaThread "Handler for socket connection from /127.0.0.1:59716 to /127.0.0.1:59730"        [_thread_in_native, id=41296, stack(0x0000001a1d100000,0x0000001a1d200000) (1024K)]
  0x0000017fd3d46360 JavaThread "Cancel handler"                    [_thread_blocked, id=44832, stack(0x0000001a1d200000,0x0000001a1d300000) (1024K)]
  0x0000017fd3d43c00 JavaThread "Daemon worker"                     [_thread_in_native, id=36912, stack(0x0000001a1d300000,0x0000001a1d400000) (1024K)]
  0x0000017fd3d44290 JavaThread "Asynchronous log dispatcher for DefaultDaemonConnection: socket connection from /127.0.0.1:59716 to /127.0.0.1:59730"        [_thread_blocked, id=36556, stack(0x0000001a1d400000,0x0000001a1d500000) (1024K)]
  0x0000017fd3d44fb0 JavaThread "Stdin handler"                     [_thread_blocked, id=40116, stack(0x0000001a1d500000,0x0000001a1d600000) (1024K)]
  0x0000017fedd79350 JavaThread "Daemon client event forwarder"        [_thread_blocked, id=34860, stack(0x0000001a1d600000,0x0000001a1d700000) (1024K)]
  0x0000017fedd77fa0 JavaThread "Cache worker for journal cache (C:\Users\Yogesh\.gradle\caches\journal-1)"        [_thread_blocked, id=34536, stack(0x0000001a1d700000,0x0000001a1d800000) (1024K)]
  0x0000017fedd78630 JavaThread "File lock request listener"        [_thread_in_native, id=44672, stack(0x0000001a1d800000,0x0000001a1d900000) (1024K)]
  0x0000017fedd7ad90 JavaThread "File lock release action executor"        [_thread_blocked, id=40788, stack(0x0000001a1d900000,0x0000001a1da00000) (1024K)]
  0x0000017fedd7b420 JavaThread "Cache worker for file hash cache (C:\Users\Yogesh\.gradle\caches\8.10.2\fileHashes)"        [_thread_blocked, id=41560, stack(0x0000001a1da00000,0x0000001a1db00000) (1024K)]
Total: 25

Other Threads:
  0x0000017fd3367910 VMThread "VM Thread"                           [id=29732, stack(0x0000001a1bb00000,0x0000001a1bc00000) (1024K)]
  0x0000017fd3359b80 WatcherThread "VM Periodic Task Thread"        [id=31304, stack(0x0000001a1ba00000,0x0000001a1bb00000) (1024K)]
  0x0000017fbd9f9bc0 WorkerThread "GC Thread#0"                     [id=30660, stack(0x0000001a1b500000,0x0000001a1b600000) (1024K)]
  0x0000017fd39078b0 WorkerThread "GC Thread#1"                     [id=40492, stack(0x0000001a1c600000,0x0000001a1c700000) (1024K)]
  0x0000017fd3908450 WorkerThread "GC Thread#2"                     [id=14076, stack(0x0000001a1c700000,0x0000001a1c800000) (1024K)]
  0x0000017fd3908800 WorkerThread "GC Thread#3"                     [id=38296, stack(0x0000001a1c800000,0x0000001a1c900000) (1024K)]
  0x0000017fd3abd110 WorkerThread "GC Thread#4"                     [id=37092, stack(0x0000001a1c900000,0x0000001a1ca00000) (1024K)]
  0x0000017fd38c5030 WorkerThread "GC Thread#5"                     [id=30428, stack(0x0000001a1ca00000,0x0000001a1cb00000) (1024K)]
  0x0000017fed916890 WorkerThread "GC Thread#6"                     [id=44700, stack(0x0000001a1cb00000,0x0000001a1cc00000) (1024K)]
  0x0000017fed948140 WorkerThread "GC Thread#7"                     [id=44696, stack(0x0000001a1cc00000,0x0000001a1cd00000) (1024K)]
  0x0000017fbd9ffad0 ConcurrentGCThread "G1 Main Marker"            [id=35496, stack(0x0000001a1b600000,0x0000001a1b700000) (1024K)]
  0x0000017fbda004f0 WorkerThread "G1 Conc#0"                       [id=34172, stack(0x0000001a1b700000,0x0000001a1b800000) (1024K)]
  0x0000017fd3227200 ConcurrentGCThread "G1 Refine#0"               [id=39608, stack(0x0000001a1b800000,0x0000001a1b900000) (1024K)]
  0x0000017fd3227c90 ConcurrentGCThread "G1 Service"                [id=39612, stack(0x0000001a1b900000,0x0000001a1ba00000) (1024K)]
Total: 14

Threads with active compile tasks:
C2 CompilerThread0  112582 2904   !   4       java.lang.ClassLoader::loadClass (121 bytes)
Total: 1

VM state: not at safepoint (normal execution)

VM Mutex/Monitor currently owned by a thread: None

Heap address: 0x00000000e0000000, size: 512 MB, Compressed Oops mode: 32-bit

CDS archive(s) mapped at: [0x0000017fd4000000-0x0000017fd4ba0000-0x0000017fd4ba0000), size 12189696, SharedBaseAddress: 0x0000017fd4000000, ArchiveRelocationMode: 1.
Compressed class space mapped at: 0x0000017fd5000000-0x0000017fe9000000, reserved size: 335544320
Narrow klass base: 0x0000017fd4000000, Narrow klass shift: 0, Narrow klass range: 0x100000000

GC Precious Log:
 CardTable entry size: 512
 Card Set container configuration: InlinePtr #cards 5 size 8 Array Of Cards #cards 12 size 40 Howl #buckets 4 coarsen threshold 1843 Howl Bitmap #cards 512 size 80 coarsen threshold 460 Card regions per heap region 1 cards per card region 2048
 CPUs: 8 total, 8 available
 Memory: 16026M
 Large Page Support: Disabled
 NUMA Support: Disabled
 Compressed Oops: Enabled (32-bit)
 Heap Region Size: 1M
 Heap Min Capacity: 256M
 Heap Initial Capacity: 256M
 Heap Max Capacity: 512M
 Pre-touch: Disabled
 Parallel Workers: 8
 Concurrent Workers: 2
 Concurrent Refinement Workers: 8
 Periodic GC: Disabled

Heap:
 garbage-first heap   total 262144K, used 67926K [0x00000000e0000000, 0x0000000100000000)
  region size 1024K, 56 young (57344K), 7 survivors (7168K)
 Metaspace       used 15631K, committed 16128K, reserved 393216K
  class space    used 2158K, committed 2368K, reserved 327680K

Heap Regions: E=young(eden), S=young(survivor), O=old, HS=humongous(starts), HC=humongous(continues), CS=collection set, F=free, TAMS=top-at-mark-start, PB=parsable bottom
|   0|0x00000000e0000000, 0x00000000e0100000, 0x00000000e0100000|100%| O|  |TAMS 0x00000000e0000000| PB 0x00000000e0000000| Untracked 
|   1|0x00000000e0100000, 0x00000000e0200000, 0x00000000e0200000|100%| O|  |TAMS 0x00000000e0100000| PB 0x00000000e0100000| Untracked 
|   2|0x00000000e0200000, 0x00000000e0300000, 0x00000000e0300000|100%|HS|  |TAMS 0x00000000e0200000| PB 0x00000000e0200000| Complete 
|   3|0x00000000e0300000, 0x00000000e0400000, 0x00000000e0400000|100%|HC|  |TAMS 0x00000000e0300000| PB 0x00000000e0300000| Complete 
|   4|0x00000000e0400000, 0x00000000e0500000, 0x00000000e0500000|100%|HC|  |TAMS 0x00000000e0400000| PB 0x00000000e0400000| Complete 
|   5|0x00000000e0500000, 0x00000000e0600000, 0x00000000e0600000|100%|HC|  |TAMS 0x00000000e0500000| PB 0x00000000e0500000| Complete 
|   6|0x00000000e0600000, 0x00000000e0700000, 0x00000000e0700000|100%| O|  |TAMS 0x00000000e0600000| PB 0x00000000e0600000| Untracked 
|   7|0x00000000e0700000, 0x00000000e07ffff8, 0x00000000e0800000| 99%| O|  |TAMS 0x00000000e0700000| PB 0x00000000e0700000| Untracked 
|   8|0x00000000e0800000, 0x00000000e0900000, 0x00000000e0900000|100%| O|  |TAMS 0x00000000e0800000| PB 0x00000000e0800000| Untracked 
|   9|0x00000000e0900000, 0x00000000e0a00000, 0x00000000e0a00000|100%|HS|  |TAMS 0x00000000e0900000| PB 0x00000000e0900000| Complete 
|  10|0x00000000e0a00000, 0x00000000e0a00000, 0x00000000e0b00000|  0%| F|  |TAMS 0x00000000e0a00000| PB 0x00000000e0a00000| Untracked 
|  11|0x00000000e0b00000, 0x00000000e0c00000, 0x00000000e0c00000|100%| O|  |TAMS 0x00000000e0b00000| PB 0x00000000e0b00000| Untracked 
|  12|0x00000000e0c00000, 0x00000000e0c55860, 0x00000000e0d00000| 33%| O|  |TAMS 0x00000000e0c00000| PB 0x00000000e0c00000| Untracked 
|  13|0x00000000e0d00000, 0x00000000e0d00000, 0x00000000e0e00000|  0%| F|  |TAMS 0x00000000e0d00000| PB 0x00000000e0d00000| Untracked 
|  14|0x00000000e0e00000, 0x00000000e0e00000, 0x00000000e0f00000|  0%| F|  |TAMS 0x00000000e0e00000| PB 0x00000000e0e00000| Untracked 
|  15|0x00000000e0f00000, 0x00000000e0f00000, 0x00000000e1000000|  0%| F|  |TAMS 0x00000000e0f00000| PB 0x00000000e0f00000| Untracked 
|  16|0x00000000e1000000, 0x00000000e1000000, 0x00000000e1100000|  0%| F|  |TAMS 0x00000000e1000000| PB 0x00000000e1000000| Untracked 
|  17|0x00000000e1100000, 0x00000000e1100000, 0x00000000e1200000|  0%| F|  |TAMS 0x00000000e1100000| PB 0x00000000e1100000| Untracked 
|  18|0x00000000e1200000, 0x00000000e1200000, 0x00000000e1300000|  0%| F|  |TAMS 0x00000000e1200000| PB 0x00000000e1200000| Untracked 
|  19|0x00000000e1300000, 0x00000000e1300000, 0x00000000e1400000|  0%| F|  |TAMS 0x00000000e1300000| PB 0x00000000e1300000| Untracked 
|  20|0x00000000e1400000, 0x00000000e1400000, 0x00000000e1500000|  0%| F|  |TAMS 0x00000000e1400000| PB 0x00000000e1400000| Untracked 
|  21|0x00000000e1500000, 0x00000000e1500000, 0x00000000e1600000|  0%| F|  |TAMS 0x00000000e1500000| PB 0x00000000e1500000| Untracked 
|  22|0x00000000e1600000, 0x00000000e1600000, 0x00000000e1700000|  0%| F|  |TAMS 0x00000000e1600000| PB 0x00000000e1600000| Untracked 
|  23|0x00000000e1700000, 0x00000000e1700000, 0x00000000e1800000|  0%| F|  |TAMS 0x00000000e1700000| PB 0x00000000e1700000| Untracked 
|  24|0x00000000e1800000, 0x00000000e1800000, 0x00000000e1900000|  0%| F|  |TAMS 0x00000000e1800000| PB 0x00000000e1800000| Untracked 
|  25|0x00000000e1900000, 0x00000000e1900000, 0x00000000e1a00000|  0%| F|  |TAMS 0x00000000e1900000| PB 0x00000000e1900000| Untracked 
|  26|0x00000000e1a00000, 0x00000000e1a00000, 0x00000000e1b00000|  0%| F|  |TAMS 0x00000000e1a00000| PB 0x00000000e1a00000| Untracked 
|  27|0x00000000e1b00000, 0x00000000e1b00000, 0x00000000e1c00000|  0%| F|  |TAMS 0x00000000e1b00000| PB 0x00000000e1b00000| Untracked 
|  28|0x00000000e1c00000, 0x00000000e1c00000, 0x00000000e1d00000|  0%| F|  |TAMS 0x00000000e1c00000| PB 0x00000000e1c00000| Untracked 
|  29|0x00000000e1d00000, 0x00000000e1d00000, 0x00000000e1e00000|  0%| F|  |TAMS 0x00000000e1d00000| PB 0x00000000e1d00000| Untracked 
|  30|0x00000000e1e00000, 0x00000000e1e00000, 0x00000000e1f00000|  0%| F|  |TAMS 0x00000000e1e00000| PB 0x00000000e1e00000| Untracked 
|  31|0x00000000e1f00000, 0x00000000e1f00000, 0x00000000e2000000|  0%| F|  |TAMS 0x00000000e1f00000| PB 0x00000000e1f00000| Untracked 
|  32|0x00000000e2000000, 0x00000000e2000000, 0x00000000e2100000|  0%| F|  |TAMS 0x00000000e2000000| PB 0x00000000e2000000| Untracked 
|  33|0x00000000e2100000, 0x00000000e2100000, 0x00000000e2200000|  0%| F|  |TAMS 0x00000000e2100000| PB 0x00000000e2100000| Untracked 
|  34|0x00000000e2200000, 0x00000000e2200000, 0x00000000e2300000|  0%| F|  |TAMS 0x00000000e2200000| PB 0x00000000e2200000| Untracked 
|  35|0x00000000e2300000, 0x00000000e2300000, 0x00000000e2400000|  0%| F|  |TAMS 0x00000000e2300000| PB 0x00000000e2300000| Untracked 
|  36|0x00000000e2400000, 0x00000000e2400000, 0x00000000e2500000|  0%| F|  |TAMS 0x00000000e2400000| PB 0x00000000e2400000| Untracked 
|  37|0x00000000e2500000, 0x00000000e2500000, 0x00000000e2600000|  0%| F|  |TAMS 0x00000000e2500000| PB 0x00000000e2500000| Untracked 
|  38|0x00000000e2600000, 0x00000000e2600000, 0x00000000e2700000|  0%| F|  |TAMS 0x00000000e2600000| PB 0x00000000e2600000| Untracked 
|  39|0x00000000e2700000, 0x00000000e2700000, 0x00000000e2800000|  0%| F|  |TAMS 0x00000000e2700000| PB 0x00000000e2700000| Untracked 
|  40|0x00000000e2800000, 0x00000000e2800000, 0x00000000e2900000|  0%| F|  |TAMS 0x00000000e2800000| PB 0x00000000e2800000| Untracked 
|  41|0x00000000e2900000, 0x00000000e2900000, 0x00000000e2a00000|  0%| F|  |TAMS 0x00000000e2900000| PB 0x00000000e2900000| Untracked 
|  42|0x00000000e2a00000, 0x00000000e2a00000, 0x00000000e2b00000|  0%| F|  |TAMS 0x00000000e2a00000| PB 0x00000000e2a00000| Untracked 
|  43|0x00000000e2b00000, 0x00000000e2b00000, 0x00000000e2c00000|  0%| F|  |TAMS 0x00000000e2b00000| PB 0x00000000e2b00000| Untracked 
|  44|0x00000000e2c00000, 0x00000000e2c00000, 0x00000000e2d00000|  0%| F|  |TAMS 0x00000000e2c00000| PB 0x00000000e2c00000| Untracked 
|  45|0x00000000e2d00000, 0x00000000e2d00000, 0x00000000e2e00000|  0%| F|  |TAMS 0x00000000e2d00000| PB 0x00000000e2d00000| Untracked 
|  46|0x00000000e2e00000, 0x00000000e2e00000, 0x00000000e2f00000|  0%| F|  |TAMS 0x00000000e2e00000| PB 0x00000000e2e00000| Untracked 
|  47|0x00000000e2f00000, 0x00000000e2f00000, 0x00000000e3000000|  0%| F|  |TAMS 0x00000000e2f00000| PB 0x00000000e2f00000| Untracked 
|  48|0x00000000e3000000, 0x00000000e3000000, 0x00000000e3100000|  0%| F|  |TAMS 0x00000000e3000000| PB 0x00000000e3000000| Untracked 
|  49|0x00000000e3100000, 0x00000000e3100000, 0x00000000e3200000|  0%| F|  |TAMS 0x00000000e3100000| PB 0x00000000e3100000| Untracked 
|  50|0x00000000e3200000, 0x00000000e3200000, 0x00000000e3300000|  0%| F|  |TAMS 0x00000000e3200000| PB 0x00000000e3200000| Untracked 
|  51|0x00000000e3300000, 0x00000000e3300000, 0x00000000e3400000|  0%| F|  |TAMS 0x00000000e3300000| PB 0x00000000e3300000| Untracked 
|  52|0x00000000e3400000, 0x00000000e3400000, 0x00000000e3500000|  0%| F|  |TAMS 0x00000000e3400000| PB 0x00000000e3400000| Untracked 
|  53|0x00000000e3500000, 0x00000000e3500000, 0x00000000e3600000|  0%| F|  |TAMS 0x00000000e3500000| PB 0x00000000e3500000| Untracked 
|  54|0x00000000e3600000, 0x00000000e3600000, 0x00000000e3700000|  0%| F|  |TAMS 0x00000000e3600000| PB 0x00000000e3600000| Untracked 
|  55|0x00000000e3700000, 0x00000000e3700000, 0x00000000e3800000|  0%| F|  |TAMS 0x00000000e3700000| PB 0x00000000e3700000| Untracked 
|  56|0x00000000e3800000, 0x00000000e3800000, 0x00000000e3900000|  0%| F|  |TAMS 0x00000000e3800000| PB 0x00000000e3800000| Untracked 
|  57|0x00000000e3900000, 0x00000000e3900000, 0x00000000e3a00000|  0%| F|  |TAMS 0x00000000e3900000| PB 0x00000000e3900000| Untracked 
|  58|0x00000000e3a00000, 0x00000000e3a00000, 0x00000000e3b00000|  0%| F|  |TAMS 0x00000000e3a00000| PB 0x00000000e3a00000| Untracked 
|  59|0x00000000e3b00000, 0x00000000e3b00000, 0x00000000e3c00000|  0%| F|  |TAMS 0x00000000e3b00000| PB 0x00000000e3b00000| Untracked 
|  60|0x00000000e3c00000, 0x00000000e3c00000, 0x00000000e3d00000|  0%| F|  |TAMS 0x00000000e3c00000| PB 0x00000000e3c00000| Untracked 
|  61|0x00000000e3d00000, 0x00000000e3d00000, 0x00000000e3e00000|  0%| F|  |TAMS 0x00000000e3d00000| PB 0x00000000e3d00000| Untracked 
|  62|0x00000000e3e00000, 0x00000000e3e00000, 0x00000000e3f00000|  0%| F|  |TAMS 0x00000000e3e00000| PB 0x00000000e3e00000| Untracked 
|  63|0x00000000e3f00000, 0x00000000e3f00000, 0x00000000e4000000|  0%| F|  |TAMS 0x00000000e3f00000| PB 0x00000000e3f00000| Untracked 
|  64|0x00000000e4000000, 0x00000000e4000000, 0x00000000e4100000|  0%| F|  |TAMS 0x00000000e4000000| PB 0x00000000e4000000| Untracked 
|  65|0x00000000e4100000, 0x00000000e4100000, 0x00000000e4200000|  0%| F|  |TAMS 0x00000000e4100000| PB 0x00000000e4100000| Untracked 
|  66|0x00000000e4200000, 0x00000000e4200000, 0x00000000e4300000|  0%| F|  |TAMS 0x00000000e4200000| PB 0x00000000e4200000| Untracked 
|  67|0x00000000e4300000, 0x00000000e4300000, 0x00000000e4400000|  0%| F|  |TAMS 0x00000000e4300000| PB 0x00000000e4300000| Untracked 
|  68|0x00000000e4400000, 0x00000000e4400000, 0x00000000e4500000|  0%| F|  |TAMS 0x00000000e4400000| PB 0x00000000e4400000| Untracked 
|  69|0x00000000e4500000, 0x00000000e4500000, 0x00000000e4600000|  0%| F|  |TAMS 0x00000000e4500000| PB 0x00000000e4500000| Untracked 
|  70|0x00000000e4600000, 0x00000000e4600000, 0x00000000e4700000|  0%| F|  |TAMS 0x00000000e4600000| PB 0x00000000e4600000| Untracked 
|  71|0x00000000e4700000, 0x00000000e4700000, 0x00000000e4800000|  0%| F|  |TAMS 0x00000000e4700000| PB 0x00000000e4700000| Untracked 
|  72|0x00000000e4800000, 0x00000000e4800000, 0x00000000e4900000|  0%| F|  |TAMS 0x00000000e4800000| PB 0x00000000e4800000| Untracked 
|  73|0x00000000e4900000, 0x00000000e4900000, 0x00000000e4a00000|  0%| F|  |TAMS 0x00000000e4900000| PB 0x00000000e4900000| Untracked 
|  74|0x00000000e4a00000, 0x00000000e4a00000, 0x00000000e4b00000|  0%| F|  |TAMS 0x00000000e4a00000| PB 0x00000000e4a00000| Untracked 
|  75|0x00000000e4b00000, 0x00000000e4b00000, 0x00000000e4c00000|  0%| F|  |TAMS 0x00000000e4b00000| PB 0x00000000e4b00000| Untracked 
|  76|0x00000000e4c00000, 0x00000000e4c00000, 0x00000000e4d00000|  0%| F|  |TAMS 0x00000000e4c00000| PB 0x00000000e4c00000| Untracked 
|  77|0x00000000e4d00000, 0x00000000e4d00000, 0x00000000e4e00000|  0%| F|  |TAMS 0x00000000e4d00000| PB 0x00000000e4d00000| Untracked 
|  78|0x00000000e4e00000, 0x00000000e4e00000, 0x00000000e4f00000|  0%| F|  |TAMS 0x00000000e4e00000| PB 0x00000000e4e00000| Untracked 
|  79|0x00000000e4f00000, 0x00000000e4f00000, 0x00000000e5000000|  0%| F|  |TAMS 0x00000000e4f00000| PB 0x00000000e4f00000| Untracked 
|  80|0x00000000e5000000, 0x00000000e5000000, 0x00000000e5100000|  0%| F|  |TAMS 0x00000000e5000000| PB 0x00000000e5000000| Untracked 
|  81|0x00000000e5100000, 0x00000000e5100000, 0x00000000e5200000|  0%| F|  |TAMS 0x00000000e5100000| PB 0x00000000e5100000| Untracked 
|  82|0x00000000e5200000, 0x00000000e5200000, 0x00000000e5300000|  0%| F|  |TAMS 0x00000000e5200000| PB 0x00000000e5200000| Untracked 
|  83|0x00000000e5300000, 0x00000000e5300000, 0x00000000e5400000|  0%| F|  |TAMS 0x00000000e5300000| PB 0x00000000e5300000| Untracked 
|  84|0x00000000e5400000, 0x00000000e5400000, 0x00000000e5500000|  0%| F|  |TAMS 0x00000000e5400000| PB 0x00000000e5400000| Untracked 
|  85|0x00000000e5500000, 0x00000000e5500000, 0x00000000e5600000|  0%| F|  |TAMS 0x00000000e5500000| PB 0x00000000e5500000| Untracked 
|  86|0x00000000e5600000, 0x00000000e5600000, 0x00000000e5700000|  0%| F|  |TAMS 0x00000000e5600000| PB 0x00000000e5600000| Untracked 
|  87|0x00000000e5700000, 0x00000000e5700000, 0x00000000e5800000|  0%| F|  |TAMS 0x00000000e5700000| PB 0x00000000e5700000| Untracked 
|  88|0x00000000e5800000, 0x00000000e5800000, 0x00000000e5900000|  0%| F|  |TAMS 0x00000000e5800000| PB 0x00000000e5800000| Untracked 
|  89|0x00000000e5900000, 0x00000000e5900000, 0x00000000e5a00000|  0%| F|  |TAMS 0x00000000e5900000| PB 0x00000000e5900000| Untracked 
|  90|0x00000000e5a00000, 0x00000000e5a00000, 0x00000000e5b00000|  0%| F|  |TAMS 0x00000000e5a00000| PB 0x00000000e5a00000| Untracked 
|  91|0x00000000e5b00000, 0x00000000e5b00000, 0x00000000e5c00000|  0%| F|  |TAMS 0x00000000e5b00000| PB 0x00000000e5b00000| Untracked 
|  92|0x00000000e5c00000, 0x00000000e5c00000, 0x00000000e5d00000|  0%| F|  |TAMS 0x00000000e5c00000| PB 0x00000000e5c00000| Untracked 
|  93|0x00000000e5d00000, 0x00000000e5d00000, 0x00000000e5e00000|  0%| F|  |TAMS 0x00000000e5d00000| PB 0x00000000e5d00000| Untracked 
|  94|0x00000000e5e00000, 0x00000000e5e00000, 0x00000000e5f00000|  0%| F|  |TAMS 0x00000000e5e00000| PB 0x00000000e5e00000| Untracked 
|  95|0x00000000e5f00000, 0x00000000e5f00000, 0x00000000e6000000|  0%| F|  |TAMS 0x00000000e5f00000| PB 0x00000000e5f00000| Untracked 
|  96|0x00000000e6000000, 0x00000000e6000000, 0x00000000e6100000|  0%| F|  |TAMS 0x00000000e6000000| PB 0x00000000e6000000| Untracked 
|  97|0x00000000e6100000, 0x00000000e6100000, 0x00000000e6200000|  0%| F|  |TAMS 0x00000000e6100000| PB 0x00000000e6100000| Untracked 
|  98|0x00000000e6200000, 0x00000000e6200000, 0x00000000e6300000|  0%| F|  |TAMS 0x00000000e6200000| PB 0x00000000e6200000| Untracked 
|  99|0x00000000e6300000, 0x00000000e6300000, 0x00000000e6400000|  0%| F|  |TAMS 0x00000000e6300000| PB 0x00000000e6300000| Untracked 
| 100|0x00000000e6400000, 0x00000000e6400000, 0x00000000e6500000|  0%| F|  |TAMS 0x00000000e6400000| PB 0x00000000e6400000| Untracked 
| 101|0x00000000e6500000, 0x00000000e6500000, 0x00000000e6600000|  0%| F|  |TAMS 0x00000000e6500000| PB 0x00000000e6500000| Untracked 
| 102|0x00000000e6600000, 0x00000000e6600000, 0x00000000e6700000|  0%| F|  |TAMS 0x00000000e6600000| PB 0x00000000e6600000| Untracked 
| 103|0x00000000e6700000, 0x00000000e6700000, 0x00000000e6800000|  0%| F|  |TAMS 0x00000000e6700000| PB 0x00000000e6700000| Untracked 
| 104|0x00000000e6800000, 0x00000000e6800000, 0x00000000e6900000|  0%| F|  |TAMS 0x00000000e6800000| PB 0x00000000e6800000| Untracked 
| 105|0x00000000e6900000, 0x00000000e6900000, 0x00000000e6a00000|  0%| F|  |TAMS 0x00000000e6900000| PB 0x00000000e6900000| Untracked 
| 106|0x00000000e6a00000, 0x00000000e6a00000, 0x00000000e6b00000|  0%| F|  |TAMS 0x00000000e6a00000| PB 0x00000000e6a00000| Untracked 
| 107|0x00000000e6b00000, 0x00000000e6b00000, 0x00000000e6c00000|  0%| F|  |TAMS 0x00000000e6b00000| PB 0x00000000e6b00000| Untracked 
| 108|0x00000000e6c00000, 0x00000000e6c00000, 0x00000000e6d00000|  0%| F|  |TAMS 0x00000000e6c00000| PB 0x00000000e6c00000| Untracked 
| 109|0x00000000e6d00000, 0x00000000e6d00000, 0x00000000e6e00000|  0%| F|  |TAMS 0x00000000e6d00000| PB 0x00000000e6d00000| Untracked 
| 110|0x00000000e6e00000, 0x00000000e6e00000, 0x00000000e6f00000|  0%| F|  |TAMS 0x00000000e6e00000| PB 0x00000000e6e00000| Untracked 
| 111|0x00000000e6f00000, 0x00000000e6f00000, 0x00000000e7000000|  0%| F|  |TAMS 0x00000000e6f00000| PB 0x00000000e6f00000| Untracked 
| 112|0x00000000e7000000, 0x00000000e7000000, 0x00000000e7100000|  0%| F|  |TAMS 0x00000000e7000000| PB 0x00000000e7000000| Untracked 
| 113|0x00000000e7100000, 0x00000000e7100000, 0x00000000e7200000|  0%| F|  |TAMS 0x00000000e7100000| PB 0x00000000e7100000| Untracked 
| 114|0x00000000e7200000, 0x00000000e7200000, 0x00000000e7300000|  0%| F|  |TAMS 0x00000000e7200000| PB 0x00000000e7200000| Untracked 
| 115|0x00000000e7300000, 0x00000000e7300000, 0x00000000e7400000|  0%| F|  |TAMS 0x00000000e7300000| PB 0x00000000e7300000| Untracked 
| 116|0x00000000e7400000, 0x00000000e7400000, 0x00000000e7500000|  0%| F|  |TAMS 0x00000000e7400000| PB 0x00000000e7400000| Untracked 
| 117|0x00000000e7500000, 0x00000000e7500000, 0x00000000e7600000|  0%| F|  |TAMS 0x00000000e7500000| PB 0x00000000e7500000| Untracked 
| 118|0x00000000e7600000, 0x00000000e7600000, 0x00000000e7700000|  0%| F|  |TAMS 0x00000000e7600000| PB 0x00000000e7600000| Untracked 
| 119|0x00000000e7700000, 0x00000000e7700000, 0x00000000e7800000|  0%| F|  |TAMS 0x00000000e7700000| PB 0x00000000e7700000| Untracked 
| 120|0x00000000e7800000, 0x00000000e7800000, 0x00000000e7900000|  0%| F|  |TAMS 0x00000000e7800000| PB 0x00000000e7800000| Untracked 
| 121|0x00000000e7900000, 0x00000000e7900000, 0x00000000e7a00000|  0%| F|  |TAMS 0x00000000e7900000| PB 0x00000000e7900000| Untracked 
| 122|0x00000000e7a00000, 0x00000000e7a00000, 0x00000000e7b00000|  0%| F|  |TAMS 0x00000000e7a00000| PB 0x00000000e7a00000| Untracked 
| 123|0x00000000e7b00000, 0x00000000e7b00000, 0x00000000e7c00000|  0%| F|  |TAMS 0x00000000e7b00000| PB 0x00000000e7b00000| Untracked 
| 124|0x00000000e7c00000, 0x00000000e7c00000, 0x00000000e7d00000|  0%| F|  |TAMS 0x00000000e7c00000| PB 0x00000000e7c00000| Untracked 
| 125|0x00000000e7d00000, 0x00000000e7d00000, 0x00000000e7e00000|  0%| F|  |TAMS 0x00000000e7d00000| PB 0x00000000e7d00000| Untracked 
| 126|0x00000000e7e00000, 0x00000000e7e00000, 0x00000000e7f00000|  0%| F|  |TAMS 0x00000000e7e00000| PB 0x00000000e7e00000| Untracked 
| 127|0x00000000e7f00000, 0x00000000e7f00000, 0x00000000e8000000|  0%| F|  |TAMS 0x00000000e7f00000| PB 0x00000000e7f00000| Untracked 
| 128|0x00000000e8000000, 0x00000000e8000000, 0x00000000e8100000|  0%| F|  |TAMS 0x00000000e8000000| PB 0x00000000e8000000| Untracked 
| 129|0x00000000e8100000, 0x00000000e8100000, 0x00000000e8200000|  0%| F|  |TAMS 0x00000000e8100000| PB 0x00000000e8100000| Untracked 
| 130|0x00000000e8200000, 0x00000000e8200000, 0x00000000e8300000|  0%| F|  |TAMS 0x00000000e8200000| PB 0x00000000e8200000| Untracked 
| 131|0x00000000e8300000, 0x00000000e8300000, 0x00000000e8400000|  0%| F|  |TAMS 0x00000000e8300000| PB 0x00000000e8300000| Untracked 
| 132|0x00000000e8400000, 0x00000000e8400000, 0x00000000e8500000|  0%| F|  |TAMS 0x00000000e8400000| PB 0x00000000e8400000| Untracked 
| 133|0x00000000e8500000, 0x00000000e8500000, 0x00000000e8600000|  0%| F|  |TAMS 0x00000000e8500000| PB 0x00000000e8500000| Untracked 
| 134|0x00000000e8600000, 0x00000000e8600000, 0x00000000e8700000|  0%| F|  |TAMS 0x00000000e8600000| PB 0x00000000e8600000| Untracked 
| 135|0x00000000e8700000, 0x00000000e8700000, 0x00000000e8800000|  0%| F|  |TAMS 0x00000000e8700000| PB 0x00000000e8700000| Untracked 
| 136|0x00000000e8800000, 0x00000000e8800000, 0x00000000e8900000|  0%| F|  |TAMS 0x00000000e8800000| PB 0x00000000e8800000| Untracked 
| 137|0x00000000e8900000, 0x00000000e8900000, 0x00000000e8a00000|  0%| F|  |TAMS 0x00000000e8900000| PB 0x00000000e8900000| Untracked 
| 138|0x00000000e8a00000, 0x00000000e8a00000, 0x00000000e8b00000|  0%| F|  |TAMS 0x00000000e8a00000| PB 0x00000000e8a00000| Untracked 
| 139|0x00000000e8b00000, 0x00000000e8b00000, 0x00000000e8c00000|  0%| F|  |TAMS 0x00000000e8b00000| PB 0x00000000e8b00000| Untracked 
| 140|0x00000000e8c00000, 0x00000000e8c00000, 0x00000000e8d00000|  0%| F|  |TAMS 0x00000000e8c00000| PB 0x00000000e8c00000| Untracked 
| 141|0x00000000e8d00000, 0x00000000e8d00000, 0x00000000e8e00000|  0%| F|  |TAMS 0x00000000e8d00000| PB 0x00000000e8d00000| Untracked 
| 142|0x00000000e8e00000, 0x00000000e8e00000, 0x00000000e8f00000|  0%| F|  |TAMS 0x00000000e8e00000| PB 0x00000000e8e00000| Untracked 
| 143|0x00000000e8f00000, 0x00000000e8f00000, 0x00000000e9000000|  0%| F|  |TAMS 0x00000000e8f00000| PB 0x00000000e8f00000| Untracked 
| 144|0x00000000e9000000, 0x00000000e9000000, 0x00000000e9100000|  0%| F|  |TAMS 0x00000000e9000000| PB 0x00000000e9000000| Untracked 
| 145|0x00000000e9100000, 0x00000000e9100000, 0x00000000e9200000|  0%| F|  |TAMS 0x00000000e9100000| PB 0x00000000e9100000| Untracked 
| 146|0x00000000e9200000, 0x00000000e9200000, 0x00000000e9300000|  0%| F|  |TAMS 0x00000000e9200000| PB 0x00000000e9200000| Untracked 
| 147|0x00000000e9300000, 0x00000000e9300000, 0x00000000e9400000|  0%| F|  |TAMS 0x00000000e9300000| PB 0x00000000e9300000| Untracked 
| 148|0x00000000e9400000, 0x00000000e9400000, 0x00000000e9500000|  0%| F|  |TAMS 0x00000000e9400000| PB 0x00000000e9400000| Untracked 
| 149|0x00000000e9500000, 0x00000000e9500000, 0x00000000e9600000|  0%| F|  |TAMS 0x00000000e9500000| PB 0x00000000e9500000| Untracked 
| 150|0x00000000e9600000, 0x00000000e9600000, 0x00000000e9700000|  0%| F|  |TAMS 0x00000000e9600000| PB 0x00000000e9600000| Untracked 
| 151|0x00000000e9700000, 0x00000000e9700000, 0x00000000e9800000|  0%| F|  |TAMS 0x00000000e9700000| PB 0x00000000e9700000| Untracked 
| 152|0x00000000e9800000, 0x00000000e9800000, 0x00000000e9900000|  0%| F|  |TAMS 0x00000000e9800000| PB 0x00000000e9800000| Untracked 
| 153|0x00000000e9900000, 0x00000000e9900000, 0x00000000e9a00000|  0%| F|  |TAMS 0x00000000e9900000| PB 0x00000000e9900000| Untracked 
| 154|0x00000000e9a00000, 0x00000000e9a00000, 0x00000000e9b00000|  0%| F|  |TAMS 0x00000000e9a00000| PB 0x00000000e9a00000| Untracked 
| 155|0x00000000e9b00000, 0x00000000e9b00000, 0x00000000e9c00000|  0%| F|  |TAMS 0x00000000e9b00000| PB 0x00000000e9b00000| Untracked 
| 156|0x00000000e9c00000, 0x00000000e9c00000, 0x00000000e9d00000|  0%| F|  |TAMS 0x00000000e9c00000| PB 0x00000000e9c00000| Untracked 
| 157|0x00000000e9d00000, 0x00000000e9d00000, 0x00000000e9e00000|  0%| F|  |TAMS 0x00000000e9d00000| PB 0x00000000e9d00000| Untracked 
| 158|0x00000000e9e00000, 0x00000000e9e00000, 0x00000000e9f00000|  0%| F|  |TAMS 0x00000000e9e00000| PB 0x00000000e9e00000| Untracked 
| 159|0x00000000e9f00000, 0x00000000e9f00000, 0x00000000ea000000|  0%| F|  |TAMS 0x00000000e9f00000| PB 0x00000000e9f00000| Untracked 
| 160|0x00000000ea000000, 0x00000000ea000000, 0x00000000ea100000|  0%| F|  |TAMS 0x00000000ea000000| PB 0x00000000ea000000| Untracked 
| 161|0x00000000ea100000, 0x00000000ea100000, 0x00000000ea200000|  0%| F|  |TAMS 0x00000000ea100000| PB 0x00000000ea100000| Untracked 
| 162|0x00000000ea200000, 0x00000000ea200000, 0x00000000ea300000|  0%| F|  |TAMS 0x00000000ea200000| PB 0x00000000ea200000| Untracked 
| 163|0x00000000ea300000, 0x00000000ea300000, 0x00000000ea400000|  0%| F|  |TAMS 0x00000000ea300000| PB 0x00000000ea300000| Untracked 
| 164|0x00000000ea400000, 0x00000000ea400000, 0x00000000ea500000|  0%| F|  |TAMS 0x00000000ea400000| PB 0x00000000ea400000| Untracked 
| 165|0x00000000ea500000, 0x00000000ea500000, 0x00000000ea600000|  0%| F|  |TAMS 0x00000000ea500000| PB 0x00000000ea500000| Untracked 
| 166|0x00000000ea600000, 0x00000000ea600000, 0x00000000ea700000|  0%| F|  |TAMS 0x00000000ea600000| PB 0x00000000ea600000| Untracked 
| 167|0x00000000ea700000, 0x00000000ea700000, 0x00000000ea800000|  0%| F|  |TAMS 0x00000000ea700000| PB 0x00000000ea700000| Untracked 
| 168|0x00000000ea800000, 0x00000000ea800000, 0x00000000ea900000|  0%| F|  |TAMS 0x00000000ea800000| PB 0x00000000ea800000| Untracked 
| 169|0x00000000ea900000, 0x00000000ea900000, 0x00000000eaa00000|  0%| F|  |TAMS 0x00000000ea900000| PB 0x00000000ea900000| Untracked 
| 170|0x00000000eaa00000, 0x00000000eaa00000, 0x00000000eab00000|  0%| F|  |TAMS 0x00000000eaa00000| PB 0x00000000eaa00000| Untracked 
| 171|0x00000000eab00000, 0x00000000eab00000, 0x00000000eac00000|  0%| F|  |TAMS 0x00000000eab00000| PB 0x00000000eab00000| Untracked 
| 172|0x00000000eac00000, 0x00000000eac00000, 0x00000000ead00000|  0%| F|  |TAMS 0x00000000eac00000| PB 0x00000000eac00000| Untracked 
| 173|0x00000000ead00000, 0x00000000ead00000, 0x00000000eae00000|  0%| F|  |TAMS 0x00000000ead00000| PB 0x00000000ead00000| Untracked 
| 174|0x00000000eae00000, 0x00000000eae00000, 0x00000000eaf00000|  0%| F|  |TAMS 0x00000000eae00000| PB 0x00000000eae00000| Untracked 
| 175|0x00000000eaf00000, 0x00000000eaf00000, 0x00000000eb000000|  0%| F|  |TAMS 0x00000000eaf00000| PB 0x00000000eaf00000| Untracked 
| 176|0x00000000eb000000, 0x00000000eb000000, 0x00000000eb100000|  0%| F|  |TAMS 0x00000000eb000000| PB 0x00000000eb000000| Untracked 
| 177|0x00000000eb100000, 0x00000000eb100000, 0x00000000eb200000|  0%| F|  |TAMS 0x00000000eb100000| PB 0x00000000eb100000| Untracked 
| 178|0x00000000eb200000, 0x00000000eb200000, 0x00000000eb300000|  0%| F|  |TAMS 0x00000000eb200000| PB 0x00000000eb200000| Untracked 
| 179|0x00000000eb300000, 0x00000000eb300000, 0x00000000eb400000|  0%| F|  |TAMS 0x00000000eb300000| PB 0x00000000eb300000| Untracked 
| 180|0x00000000eb400000, 0x00000000eb400000, 0x00000000eb500000|  0%| F|  |TAMS 0x00000000eb400000| PB 0x00000000eb400000| Untracked 
| 181|0x00000000eb500000, 0x00000000eb500000, 0x00000000eb600000|  0%| F|  |TAMS 0x00000000eb500000| PB 0x00000000eb500000| Untracked 
| 182|0x00000000eb600000, 0x00000000eb600000, 0x00000000eb700000|  0%| F|  |TAMS 0x00000000eb600000| PB 0x00000000eb600000| Untracked 
| 183|0x00000000eb700000, 0x00000000eb700000, 0x00000000eb800000|  0%| F|  |TAMS 0x00000000eb700000| PB 0x00000000eb700000| Untracked 
| 184|0x00000000eb800000, 0x00000000eb800000, 0x00000000eb900000|  0%| F|  |TAMS 0x00000000eb800000| PB 0x00000000eb800000| Untracked 
| 185|0x00000000eb900000, 0x00000000eb900000, 0x00000000eba00000|  0%| F|  |TAMS 0x00000000eb900000| PB 0x00000000eb900000| Untracked 
| 186|0x00000000eba00000, 0x00000000eba00000, 0x00000000ebb00000|  0%| F|  |TAMS 0x00000000eba00000| PB 0x00000000eba00000| Untracked 
| 187|0x00000000ebb00000, 0x00000000ebb00000, 0x00000000ebc00000|  0%| F|  |TAMS 0x00000000ebb00000| PB 0x00000000ebb00000| Untracked 
| 188|0x00000000ebc00000, 0x00000000ebc00000, 0x00000000ebd00000|  0%| F|  |TAMS 0x00000000ebc00000| PB 0x00000000ebc00000| Untracked 
| 189|0x00000000ebd00000, 0x00000000ebd00000, 0x00000000ebe00000|  0%| F|  |TAMS 0x00000000ebd00000| PB 0x00000000ebd00000| Untracked 
| 190|0x00000000ebe00000, 0x00000000ebe00000, 0x00000000ebf00000|  0%| F|  |TAMS 0x00000000ebe00000| PB 0x00000000ebe00000| Untracked 
| 191|0x00000000ebf00000, 0x00000000ebf00000, 0x00000000ec000000|  0%| F|  |TAMS 0x00000000ebf00000| PB 0x00000000ebf00000| Untracked 
| 192|0x00000000ec000000, 0x00000000ec000000, 0x00000000ec100000|  0%| F|  |TAMS 0x00000000ec000000| PB 0x00000000ec000000| Untracked 
| 193|0x00000000ec100000, 0x00000000ec100000, 0x00000000ec200000|  0%| F|  |TAMS 0x00000000ec100000| PB 0x00000000ec100000| Untracked 
| 194|0x00000000ec200000, 0x00000000ec200000, 0x00000000ec300000|  0%| F|  |TAMS 0x00000000ec200000| PB 0x00000000ec200000| Untracked 
| 195|0x00000000ec300000, 0x00000000ec300000, 0x00000000ec400000|  0%| F|  |TAMS 0x00000000ec300000| PB 0x00000000ec300000| Untracked 
| 196|0x00000000ec400000, 0x00000000ec400000, 0x00000000ec500000|  0%| F|  |TAMS 0x00000000ec400000| PB 0x00000000ec400000| Untracked 
| 197|0x00000000ec500000, 0x00000000ec500000, 0x00000000ec600000|  0%| F|  |TAMS 0x00000000ec500000| PB 0x00000000ec500000| Untracked 
| 198|0x00000000ec600000, 0x00000000ec600000, 0x00000000ec700000|  0%| F|  |TAMS 0x00000000ec600000| PB 0x00000000ec600000| Untracked 
| 199|0x00000000ec700000, 0x00000000ec700000, 0x00000000ec800000|  0%| F|  |TAMS 0x00000000ec700000| PB 0x00000000ec700000| Untracked 
| 200|0x00000000ec800000, 0x00000000ec900000, 0x00000000ec900000|100%| S|CS|TAMS 0x00000000ec800000| PB 0x00000000ec800000| Complete 
| 201|0x00000000ec900000, 0x00000000eca00000, 0x00000000eca00000|100%| S|CS|TAMS 0x00000000ec900000| PB 0x00000000ec900000| Complete 
| 202|0x00000000eca00000, 0x00000000ecb00000, 0x00000000ecb00000|100%| S|CS|TAMS 0x00000000eca00000| PB 0x00000000eca00000| Complete 
| 203|0x00000000ecb00000, 0x00000000ecc00000, 0x00000000ecc00000|100%| S|CS|TAMS 0x00000000ecb00000| PB 0x00000000ecb00000| Complete 
| 204|0x00000000ecc00000, 0x00000000ecd00000, 0x00000000ecd00000|100%| S|CS|TAMS 0x00000000ecc00000| PB 0x00000000ecc00000| Complete 
| 205|0x00000000ecd00000, 0x00000000ece00000, 0x00000000ece00000|100%| S|CS|TAMS 0x00000000ecd00000| PB 0x00000000ecd00000| Complete 
| 206|0x00000000ece00000, 0x00000000ecf00000, 0x00000000ecf00000|100%| S|CS|TAMS 0x00000000ece00000| PB 0x00000000ece00000| Complete 
| 207|0x00000000ecf00000, 0x00000000ed000000, 0x00000000ed000000|100%| E|  |TAMS 0x00000000ecf00000| PB 0x00000000ecf00000| Complete 
| 208|0x00000000ed000000, 0x00000000ed100000, 0x00000000ed100000|100%| E|CS|TAMS 0x00000000ed000000| PB 0x00000000ed000000| Complete 
| 209|0x00000000ed100000, 0x00000000ed200000, 0x00000000ed200000|100%| E|CS|TAMS 0x00000000ed100000| PB 0x00000000ed100000| Complete 
| 210|0x00000000ed200000, 0x00000000ed300000, 0x00000000ed300000|100%| E|CS|TAMS 0x00000000ed200000| PB 0x00000000ed200000| Complete 
| 211|0x00000000ed300000, 0x00000000ed400000, 0x00000000ed400000|100%| E|CS|TAMS 0x00000000ed300000| PB 0x00000000ed300000| Complete 
| 212|0x00000000ed400000, 0x00000000ed500000, 0x00000000ed500000|100%| E|CS|TAMS 0x00000000ed400000| PB 0x00000000ed400000| Complete 
| 213|0x00000000ed500000, 0x00000000ed600000, 0x00000000ed600000|100%| E|CS|TAMS 0x00000000ed500000| PB 0x00000000ed500000| Complete 
| 214|0x00000000ed600000, 0x00000000ed700000, 0x00000000ed700000|100%| E|CS|TAMS 0x00000000ed600000| PB 0x00000000ed600000| Complete 
| 215|0x00000000ed700000, 0x00000000ed800000, 0x00000000ed800000|100%| E|CS|TAMS 0x00000000ed700000| PB 0x00000000ed700000| Complete 
| 216|0x00000000ed800000, 0x00000000ed900000, 0x00000000ed900000|100%| E|CS|TAMS 0x00000000ed800000| PB 0x00000000ed800000| Complete 
| 217|0x00000000ed900000, 0x00000000eda00000, 0x00000000eda00000|100%| E|CS|TAMS 0x00000000ed900000| PB 0x00000000ed900000| Complete 
| 218|0x00000000eda00000, 0x00000000edb00000, 0x00000000edb00000|100%| E|CS|TAMS 0x00000000eda00000| PB 0x00000000eda00000| Complete 
| 219|0x00000000edb00000, 0x00000000edc00000, 0x00000000edc00000|100%| E|CS|TAMS 0x00000000edb00000| PB 0x00000000edb00000| Complete 
| 220|0x00000000edc00000, 0x00000000edd00000, 0x00000000edd00000|100%| E|CS|TAMS 0x00000000edc00000| PB 0x00000000edc00000| Complete 
| 221|0x00000000edd00000, 0x00000000ede00000, 0x00000000ede00000|100%| E|CS|TAMS 0x00000000edd00000| PB 0x00000000edd00000| Complete 
| 222|0x00000000ede00000, 0x00000000edf00000, 0x00000000edf00000|100%| E|CS|TAMS 0x00000000ede00000| PB 0x00000000ede00000| Complete 
| 223|0x00000000edf00000, 0x00000000ee000000, 0x00000000ee000000|100%| E|CS|TAMS 0x00000000edf00000| PB 0x00000000edf00000| Complete 
| 224|0x00000000ee000000, 0x00000000ee100000, 0x00000000ee100000|100%| E|CS|TAMS 0x00000000ee000000| PB 0x00000000ee000000| Complete 
| 225|0x00000000ee100000, 0x00000000ee200000, 0x00000000ee200000|100%| E|CS|TAMS 0x00000000ee100000| PB 0x00000000ee100000| Complete 
| 226|0x00000000ee200000, 0x00000000ee300000, 0x00000000ee300000|100%| E|CS|TAMS 0x00000000ee200000| PB 0x00000000ee200000| Complete 
| 227|0x00000000ee300000, 0x00000000ee400000, 0x00000000ee400000|100%| E|CS|TAMS 0x00000000ee300000| PB 0x00000000ee300000| Complete 
| 228|0x00000000ee400000, 0x00000000ee500000, 0x00000000ee500000|100%| E|CS|TAMS 0x00000000ee400000| PB 0x00000000ee400000| Complete 
| 229|0x00000000ee500000, 0x00000000ee600000, 0x00000000ee600000|100%| E|CS|TAMS 0x00000000ee500000| PB 0x00000000ee500000| Complete 
| 230|0x00000000ee600000, 0x00000000ee700000, 0x00000000ee700000|100%| E|CS|TAMS 0x00000000ee600000| PB 0x00000000ee600000| Complete 
| 231|0x00000000ee700000, 0x00000000ee800000, 0x00000000ee800000|100%| E|CS|TAMS 0x00000000ee700000| PB 0x00000000ee700000| Complete 
| 232|0x00000000ee800000, 0x00000000ee900000, 0x00000000ee900000|100%| E|CS|TAMS 0x00000000ee800000| PB 0x00000000ee800000| Complete 
| 233|0x00000000ee900000, 0x00000000eea00000, 0x00000000eea00000|100%| E|CS|TAMS 0x00000000ee900000| PB 0x00000000ee900000| Complete 
| 234|0x00000000eea00000, 0x00000000eeb00000, 0x00000000eeb00000|100%| E|CS|TAMS 0x00000000eea00000| PB 0x00000000eea00000| Complete 
| 235|0x00000000eeb00000, 0x00000000eec00000, 0x00000000eec00000|100%| E|CS|TAMS 0x00000000eeb00000| PB 0x00000000eeb00000| Complete 
| 236|0x00000000eec00000, 0x00000000eed00000, 0x00000000eed00000|100%| E|CS|TAMS 0x00000000eec00000| PB 0x00000000eec00000| Complete 
| 237|0x00000000eed00000, 0x00000000eee00000, 0x00000000eee00000|100%| E|CS|TAMS 0x00000000eed00000| PB 0x00000000eed00000| Complete 
| 238|0x00000000eee00000, 0x00000000eef00000, 0x00000000eef00000|100%| E|CS|TAMS 0x00000000eee00000| PB 0x00000000eee00000| Complete 
| 239|0x00000000eef00000, 0x00000000ef000000, 0x00000000ef000000|100%| E|CS|TAMS 0x00000000eef00000| PB 0x00000000eef00000| Complete 
| 240|0x00000000ef000000, 0x00000000ef100000, 0x00000000ef100000|100%| E|CS|TAMS 0x00000000ef000000| PB 0x00000000ef000000| Complete 
| 241|0x00000000ef100000, 0x00000000ef200000, 0x00000000ef200000|100%| E|CS|TAMS 0x00000000ef100000| PB 0x00000000ef100000| Complete 
| 242|0x00000000ef200000, 0x00000000ef300000, 0x00000000ef300000|100%| E|CS|TAMS 0x00000000ef200000| PB 0x00000000ef200000| Complete 
| 243|0x00000000ef300000, 0x00000000ef400000, 0x00000000ef400000|100%| E|CS|TAMS 0x00000000ef300000| PB 0x00000000ef300000| Complete 
| 244|0x00000000ef400000, 0x00000000ef500000, 0x00000000ef500000|100%| E|CS|TAMS 0x00000000ef400000| PB 0x00000000ef400000| Complete 
| 245|0x00000000ef500000, 0x00000000ef600000, 0x00000000ef600000|100%| E|CS|TAMS 0x00000000ef500000| PB 0x00000000ef500000| Complete 
| 246|0x00000000ef600000, 0x00000000ef700000, 0x00000000ef700000|100%| E|CS|TAMS 0x00000000ef600000| PB 0x00000000ef600000| Complete 
| 247|0x00000000ef700000, 0x00000000ef800000, 0x00000000ef800000|100%| E|CS|TAMS 0x00000000ef700000| PB 0x00000000ef700000| Complete 
| 248|0x00000000ef800000, 0x00000000ef900000, 0x00000000ef900000|100%| E|CS|TAMS 0x00000000ef800000| PB 0x00000000ef800000| Complete 
| 249|0x00000000ef900000, 0x00000000efa00000, 0x00000000efa00000|100%| E|CS|TAMS 0x00000000ef900000| PB 0x00000000ef900000| Complete 
| 250|0x00000000efa00000, 0x00000000efb00000, 0x00000000efb00000|100%| E|CS|TAMS 0x00000000efa00000| PB 0x00000000efa00000| Complete 
| 251|0x00000000efb00000, 0x00000000efc00000, 0x00000000efc00000|100%| E|CS|TAMS 0x00000000efb00000| PB 0x00000000efb00000| Complete 
| 252|0x00000000efc00000, 0x00000000efd00000, 0x00000000efd00000|100%| E|CS|TAMS 0x00000000efc00000| PB 0x00000000efc00000| Complete 
| 253|0x00000000efd00000, 0x00000000efe00000, 0x00000000efe00000|100%| E|CS|TAMS 0x00000000efd00000| PB 0x00000000efd00000| Complete 
| 254|0x00000000efe00000, 0x00000000eff00000, 0x00000000eff00000|100%| E|CS|TAMS 0x00000000efe00000| PB 0x00000000efe00000| Complete 
| 255|0x00000000eff00000, 0x00000000f0000000, 0x00000000f0000000|100%| E|CS|TAMS 0x00000000eff00000| PB 0x00000000eff00000| Complete 

Card table byte_map: [0x0000017fd0010000,0x0000017fd0110000] _byte_map_base: 0x0000017fcf910000

Marking Bits: (CMBitMap*) 0x0000017fbd9fb1f0
 Bits: [0x0000017fd0110000, 0x0000017fd0910000)

Polling page: 0x0000017fbb7d0000

Metaspace:

Usage:
  Non-class:     13.16 MB used.
      Class:      2.11 MB used.
       Both:     15.27 MB used.

Virtual space:
  Non-class space:       64.00 MB reserved,      13.44 MB ( 21%) committed,  1 nodes.
      Class space:      320.00 MB reserved,       2.31 MB ( <1%) committed,  1 nodes.
             Both:      384.00 MB reserved,      15.75 MB (  4%) committed. 

Chunk freelists:
   Non-Class:  1.74 MB
       Class:  13.72 MB
        Both:  15.46 MB

MaxMetaspaceSize: 384.00 MB
CompressedClassSpaceSize: 320.00 MB
Initial GC threshold: 21.00 MB
Current GC threshold: 21.00 MB
CDS: on
 - commit_granule_bytes: 65536.
 - commit_granule_words: 8192.
 - virtual_space_node_default_size: 8388608.
 - enlarge_chunks_in_place: 1.
 - use_allocation_guard: 0.


Internal statistics:

num_allocs_failed_limit: 0.
num_arena_births: 546.
num_arena_deaths: 0.
num_vsnodes_births: 2.
num_vsnodes_deaths: 0.
num_space_committed: 252.
num_space_uncommitted: 0.
num_chunks_returned_to_freelist: 0.
num_chunks_taken_from_freelist: 1075.
num_chunk_merges: 0.
num_chunk_splits: 697.
num_chunks_enlarged: 485.
num_inconsistent_stats: 0.

CodeHeap 'non-profiled nmethods': size=120000Kb used=1342Kb max_used=1342Kb free=118657Kb
 bounds [0x0000017fc86a0000, 0x0000017fc8910000, 0x0000017fcfbd0000]
CodeHeap 'profiled nmethods': size=120000Kb used=5831Kb max_used=5831Kb free=114168Kb
 bounds [0x0000017fc0bd0000, 0x0000017fc1190000, 0x0000017fc8100000]
CodeHeap 'non-nmethods': size=5760Kb used=1526Kb max_used=1541Kb free=4233Kb
 bounds [0x0000017fc8100000, 0x0000017fc8370000, 0x0000017fc86a0000]
CodeCache: size=245760Kb, used=8699Kb, max_used=8714Kb, free=237058Kb
 total_blobs=3488, nmethods=2933, adapters=459, full_count=0
Compilation: enabled, stopped_count=0, restarted_count=0

Compilation events (20 events):
Event: 110.459 Thread 0x0000017fd340e150 2934       3       com.google.common.collect.ImmutableList$Builder::add (34 bytes)
Event: 110.460 Thread 0x0000017fd340e150 nmethod 2934 0x0000017fc1176d90 code [0x0000017fc1176f80, 0x0000017fc11773e8]
Event: 110.460 Thread 0x0000017fd340e150 2935       3       org.gradle.internal.file.FilePathUtil::sizeOfCommonPrefix (142 bytes)
Event: 111.471 Thread 0x0000017fd340e150 nmethod 2935 0x0000017fc1177590 code [0x0000017fc11779c0, 0x0000017fc1179a90]
Event: 111.472 Thread 0x0000017fd340e150 2936       3       org.gradle.internal.file.FileHierarchySet$Node::sizeOfCommonPrefix (10 bytes)
Event: 111.472 Thread 0x0000017fd340e150 nmethod 2936 0x0000017fc117a790 code [0x0000017fc117a940, 0x0000017fc117aad8]
Event: 111.472 Thread 0x0000017fd340e150 2937       3       org.gradle.internal.file.FilePathUtil::sizeOfCommonPrefix (10 bytes)
Event: 111.472 Thread 0x0000017fd340e150 nmethod 2937 0x0000017fc117ab90 code [0x0000017fc117ad40, 0x0000017fc117ae60]
Event: 111.472 Thread 0x0000017fd340e150 2938       3       jdk.internal.reflect.ReflectionFactory::useMethodHandleAccessor (18 bytes)
Event: 111.473 Thread 0x0000017fd340e150 nmethod 2938 0x0000017fc117af10 code [0x0000017fc117b0c0, 0x0000017fc117b240]
Event: 111.474 Thread 0x0000017fd340e150 2939       1       java.lang.reflect.Method::getMethodAccessor (5 bytes)
Event: 111.474 Thread 0x0000017fd340e150 nmethod 2939 0x0000017fc87ef610 code [0x0000017fc87ef7a0, 0x0000017fc87ef868]
Event: 111.474 Thread 0x0000017fd340e150 2941       3       jdk.internal.reflect.MethodHandleAccessorFactory::slotCount (78 bytes)
Event: 111.475 Thread 0x0000017fd340e150 nmethod 2941 0x0000017fc117b310 code [0x0000017fc117b500, 0x0000017fc117ba90]
Event: 111.475 Thread 0x0000017fd340e150 2940       3       jdk.internal.reflect.ReflectionFactory::useNativeAccessorOnly (7 bytes)
Event: 111.475 Thread 0x0000017fd340e150 nmethod 2940 0x0000017fc117bc90 code [0x0000017fc117be40, 0x0000017fc117bf98]
Event: 111.485 Thread 0x0000017fd340e150 2942       3       sun.nio.fs.WindowsPathParser::normalize (233 bytes)
Event: 111.489 Thread 0x0000017fd340e150 nmethod 2942 0x0000017fc117c090 code [0x0000017fc117c640, 0x0000017fc117f170]
Event: 111.781 Thread 0x0000017fd340e150 2943       3       java.util.stream.AbstractPipeline::evaluate (94 bytes)
Event: 111.782 Thread 0x0000017fd340e150 nmethod 2943 0x0000017fc1180390 code [0x0000017fc11805c0, 0x0000017fc1180c78]

GC Heap History (6 events):
Event: 18.228 GC heap before
{Heap before GC invocations=0 (full 0):
 garbage-first heap   total 262144K, used 22528K [0x00000000e0000000, 0x0000000100000000)
  region size 1024K, 23 young (23552K), 0 survivors (0K)
 Metaspace       used 1089K, committed 1216K, reserved 393216K
  class space    used 81K, committed 128K, reserved 327680K
}
Event: 19.076 GC heap after
{Heap after GC invocations=1 (full 0):
 garbage-first heap   total 262144K, used 4565K [0x00000000e0000000, 0x0000000100000000)
  region size 1024K, 3 young (3072K), 3 survivors (3072K)
 Metaspace       used 1089K, committed 1216K, reserved 393216K
  class space    used 81K, committed 128K, reserved 327680K
}
Event: 39.084 GC heap before
{Heap before GC invocations=1 (full 0):
 garbage-first heap   total 262144K, used 42453K [0x00000000e0000000, 0x0000000100000000)
  region size 1024K, 36 young (36864K), 3 survivors (3072K)
 Metaspace       used 4386K, committed 4544K, reserved 393216K
  class space    used 551K, committed 640K, reserved 327680K
}
Event: 39.090 GC heap after
{Heap after GC invocations=2 (full 0):
 garbage-first heap   total 262144K, used 12206K [0x00000000e0000000, 0x0000000100000000)
  region size 1024K, 4 young (4096K), 4 survivors (4096K)
 Metaspace       used 4386K, committed 4544K, reserved 393216K
  class space    used 551K, committed 640K, reserved 327680K
}
Event: 57.916 GC heap before
{Heap before GC invocations=2 (full 0):
 garbage-first heap   total 262144K, used 60334K [0x00000000e0000000, 0x0000000100000000)
  region size 1024K, 49 young (50176K), 4 survivors (4096K)
 Metaspace       used 6077K, committed 6272K, reserved 393216K
  class space    used 800K, committed 896K, reserved 327680K
}
Event: 57.925 GC heap after
{Heap after GC invocations=3 (full 0):
 garbage-first heap   total 262144K, used 18774K [0x00000000e0000000, 0x0000000100000000)
  region size 1024K, 7 young (7168K), 7 survivors (7168K)
 Metaspace       used 6077K, committed 6272K, reserved 393216K
  class space    used 800K, committed 896K, reserved 327680K
}

Dll operation events (20 events):
Event: 8.617 Attempting to load shared library C:\Users\Yogesh\.vscode\extensions\redhat.java-1.56.0-win32-x64\jre\21.0.12.1-win32-x86_64\bin\nio.dll
Event: 8.618 Loaded shared library C:\Users\Yogesh\.vscode\extensions\redhat.java-1.56.0-win32-x64\jre\21.0.12.1-win32-x86_64\bin\nio.dll
Event: 8.623 Attempting to load shared library C:\Users\Yogesh\.vscode\extensions\redhat.java-1.56.0-win32-x64\jre\21.0.12.1-win32-x86_64\bin\zip.dll
Event: 8.623 Loaded shared library C:\Users\Yogesh\.vscode\extensions\redhat.java-1.56.0-win32-x64\jre\21.0.12.1-win32-x86_64\bin\zip.dll
Event: 15.463 Attempting to load shared library C:\Users\Yogesh\.vscode\extensions\redhat.java-1.56.0-win32-x64\jre\21.0.12.1-win32-x86_64\bin\jimage.dll
Event: 15.463 Loaded shared library C:\Users\Yogesh\.vscode\extensions\redhat.java-1.56.0-win32-x64\jre\21.0.12.1-win32-x86_64\bin\jimage.dll
Event: 20.174 Attempting to load shared library C:\Users\Yogesh\.vscode\extensions\redhat.java-1.56.0-win32-x64\jre\21.0.12.1-win32-x86_64\bin\verify.dll
Event: 20.174 Loaded shared library C:\Users\Yogesh\.vscode\extensions\redhat.java-1.56.0-win32-x64\jre\21.0.12.1-win32-x86_64\bin\verify.dll
Event: 26.879 Attempting to load shared library C:\Users\Yogesh\.gradle\native\c067742578af261105cb4f569cf0c3c89f3d7b1fecec35dd04571415982c5e48\windows-amd64\native-platform.dll
Event: 26.880 Loaded shared library C:\Users\Yogesh\.gradle\native\c067742578af261105cb4f569cf0c3c89f3d7b1fecec35dd04571415982c5e48\windows-amd64\native-platform.dll
Event: 27.632 Attempting to load shared library C:\Users\Yogesh\.gradle\native\100fb08df4bc3b14c8652ba06237920a3bd2aa13389f12d3474272988ae205f9\windows-amd64\native-platform-file-events.dll
Event: 27.635 Loaded shared library C:\Users\Yogesh\.gradle\native\100fb08df4bc3b14c8652ba06237920a3bd2aa13389f12d3474272988ae205f9\windows-amd64\native-platform-file-events.dll
Event: 58.130 Attempting to load shared library C:\Users\Yogesh\.vscode\extensions\redhat.java-1.56.0-win32-x64\jre\21.0.12.1-win32-x86_64\bin\management.dll
Event: 58.144 Loaded shared library C:\Users\Yogesh\.vscode\extensions\redhat.java-1.56.0-win32-x64\jre\21.0.12.1-win32-x86_64\bin\management.dll
Event: 58.158 Attempting to load shared library C:\Users\Yogesh\.vscode\extensions\redhat.java-1.56.0-win32-x64\jre\21.0.12.1-win32-x86_64\bin\management_ext.dll
Event: 58.192 Loaded shared library C:\Users\Yogesh\.vscode\extensions\redhat.java-1.56.0-win32-x64\jre\21.0.12.1-win32-x86_64\bin\management_ext.dll
Event: 70.075 Attempting to load shared library C:\Users\Yogesh\.vscode\extensions\redhat.java-1.56.0-win32-x64\jre\21.0.12.1-win32-x86_64\bin\extnet.dll
Event: 70.076 Loaded shared library C:\Users\Yogesh\.vscode\extensions\redhat.java-1.56.0-win32-x64\jre\21.0.12.1-win32-x86_64\bin\extnet.dll
Event: 85.724 Attempting to load shared library C:\Users\Yogesh\.vscode\extensions\redhat.java-1.56.0-win32-x64\jre\21.0.12.1-win32-x86_64\bin\sunmscapi.dll
Event: 85.739 Loaded shared library C:\Users\Yogesh\.vscode\extensions\redhat.java-1.56.0-win32-x64\jre\21.0.12.1-win32-x86_64\bin\sunmscapi.dll

Deoptimization events (20 events):
Event: 95.117 Thread 0x0000017fd3d43c00 Uncommon trap: trap_request=0xffffffde fr.pc=0x0000017fc876dce4 relative=0x0000000000000304
Event: 95.117 Thread 0x0000017fd3d43c00 Uncommon trap: reason=class_check action=maybe_recompile pc=0x0000017fc876dce4 method=java.util.regex.Pattern$BmpCharPropertyGreedy.match(Ljava/util/regex/Matcher;ILjava/lang/CharSequence;)Z @ 26 c2
Event: 95.117 Thread 0x0000017fd3d43c00 DEOPT PACKING pc=0x0000017fc876dce4 sp=0x0000001a1d3fbfe0
Event: 95.117 Thread 0x0000017fd3d43c00 DEOPT UNPACKING pc=0x0000017fc8157ba2 sp=0x0000001a1d3fbf98 mode 2
Event: 109.129 Thread 0x0000017fd3d43c00 Uncommon trap: trap_request=0xffffff45 fr.pc=0x0000017fc86c67f0 relative=0x0000000000000130
Event: 109.129 Thread 0x0000017fd3d43c00 Uncommon trap: reason=unstable_if action=reinterpret pc=0x0000017fc86c67f0 method=java.util.regex.Matcher.reset()Ljava/util/regex/Matcher; @ 47 c2
Event: 109.129 Thread 0x0000017fd3d43c00 DEOPT PACKING pc=0x0000017fc86c67f0 sp=0x0000001a1d3fac30
Event: 109.129 Thread 0x0000017fd3d43c00 DEOPT UNPACKING pc=0x0000017fc8157ba2 sp=0x0000001a1d3fabe0 mode 2
Event: 111.482 Thread 0x0000017fd3d43c00 Uncommon trap: trap_request=0xffffff45 fr.pc=0x0000017fc86c9894 relative=0x0000000000000e14
Event: 111.482 Thread 0x0000017fd3d43c00 Uncommon trap: reason=unstable_if action=reinterpret pc=0x0000017fc86c9894 method=java.io.WinNTFileSystem.resolve(Ljava/lang/String;Ljava/lang/String;)Ljava/lang/String; @ 19 c2
Event: 111.482 Thread 0x0000017fd3d43c00 DEOPT PACKING pc=0x0000017fc86c9894 sp=0x0000001a1d3fb600
Event: 111.482 Thread 0x0000017fd3d43c00 DEOPT UNPACKING pc=0x0000017fc8157ba2 sp=0x0000001a1d3fb598 mode 2
Event: 111.485 Thread 0x0000017fd3d43c00 Uncommon trap: trap_request=0xffffff45 fr.pc=0x0000017fc87c1f4c relative=0x000000000000026c
Event: 111.485 Thread 0x0000017fd3d43c00 Uncommon trap: reason=unstable_if action=reinterpret pc=0x0000017fc87c1f4c method=java.io.WinNTFileSystem.prefixLength(Ljava/lang/String;)I @ 68 c2
Event: 111.485 Thread 0x0000017fd3d43c00 DEOPT PACKING pc=0x0000017fc87c1f4c sp=0x0000001a1d3fb570
Event: 111.485 Thread 0x0000017fd3d43c00 DEOPT UNPACKING pc=0x0000017fc8157ba2 sp=0x0000001a1d3fb4f8 mode 2
Event: 111.485 Thread 0x0000017fd3d43c00 Uncommon trap: trap_request=0xffffff45 fr.pc=0x0000017fc87344e8 relative=0x0000000000000688
Event: 111.485 Thread 0x0000017fd3d43c00 Uncommon trap: reason=unstable_if action=reinterpret pc=0x0000017fc87344e8 method=java.io.File.getName()Ljava/lang/String; @ 16 c2
Event: 111.485 Thread 0x0000017fd3d43c00 DEOPT PACKING pc=0x0000017fc87344e8 sp=0x0000001a1d3fb5c0
Event: 111.485 Thread 0x0000017fd3d43c00 DEOPT UNPACKING pc=0x0000017fc8157ba2 sp=0x0000001a1d3fb590 mode 2

Classes loaded (20 events):
Event: 95.358 Loading class java/util/concurrent/ArrayBlockingQueue
Event: 95.360 Loading class java/util/concurrent/ArrayBlockingQueue done
Event: 95.360 Loading class java/util/concurrent/locks/ReentrantLock$FairSync
Event: 95.360 Loading class java/util/concurrent/locks/ReentrantLock$FairSync done
Event: 95.452 Loading class sun/misc/Unsafe
Event: 95.453 Loading class sun/misc/Unsafe done
Event: 95.875 Loading class sun/nio/ch/DatagramChannelImpl$DatagramPackets
Event: 95.875 Loading class sun/nio/ch/DatagramChannelImpl$DatagramPackets done
Event: 110.233 Loading class sun/security/provider/MD5
Event: 110.233 Loading class sun/security/provider/MD5 done
Event: 110.233 Loading class sun/security/provider/SHA5$SHA512
Event: 110.234 Loading class sun/security/provider/SHA5
Event: 110.234 Loading class sun/security/provider/SHA5 done
Event: 110.234 Loading class sun/security/provider/SHA5$SHA512 done
Event: 110.240 Loading class sun/security/provider/ByteArrayAccess$LE
Event: 110.240 Loading class sun/security/provider/ByteArrayAccess$LE done
Event: 111.484 Loading class java/io/File$TempDirectory
Event: 111.484 Loading class java/io/File$TempDirectory done
Event: 111.493 Loading class java/io/PrintWriter
Event: 111.494 Loading class java/io/PrintWriter done

Classes unloaded (0 events):
No events

Classes redefined (0 events):
No events

Internal exceptions (20 events):
Event: 67.948 Thread 0x0000017fbd9ce0e0 Exception <a 'java/lang/NoSuchMethodError'{0x00000000ef8ec180}: 'java.lang.Object java.lang.invoke.DirectMethodHandle$Holder.invokeStaticInit(java.lang.Object, int, int, int, int)'> (0x00000000ef8ec180) 
thrown [s\src\hotspot\share\interpreter\linkResolver.cpp, line 773]
Event: 69.457 Thread 0x0000017fbd9ce0e0 Exception <a 'java/lang/NoSuchMethodError'{0x00000000ef615618}: 'java.lang.Object java.lang.invoke.DirectMethodHandle$Holder.invokeStaticInit(java.lang.Object, java.lang.Object, int, int, int, int)'> (0x00000000ef615618) 
thrown [s\src\hotspot\share\interpreter\linkResolver.cpp, line 773]
Event: 80.340 Thread 0x0000017fbd9ce0e0 Exception <a 'java/io/IOException'{0x00000000ef3bc088}> (0x00000000ef3bc088) 
thrown [s\src\hotspot\share\prims\jni.cpp, line 520]
Event: 81.482 Thread 0x0000017fbd9ce0e0 Implicit null exception at 0x0000017fc86f6324 to 0x0000017fc86f69ec
Event: 81.583 Thread 0x0000017fbd9ce0e0 Exception <a 'java/lang/NoSuchMethodError'{0x00000000ef21e3f8}: 'java.lang.Object java.lang.invoke.DirectMethodHandle$Holder.newInvokeSpecial(java.lang.Object, java.lang.Object, java.lang.Object, java.lang.Object, java.lang.Object)'> (0x00000000ef21e3f8) 
thrown [s\src\hotspot\share\interpreter\linkResolver.cpp, line 773]
Event: 88.540 Thread 0x0000017fd3d43570 Exception <a 'java/lang/NoSuchMethodError'{0x00000000eef6bed8}: 'void java.lang.invoke.DirectMethodHandle$Holder.invokeSpecial(java.lang.Object, java.lang.Object, java.lang.Object)'> (0x00000000eef6bed8) 
thrown [s\src\hotspot\share\interpreter\linkResolver.cpp, line 773]
Event: 89.636 Thread 0x0000017fd3d43c00 Exception <a 'java/lang/NoSuchMethodError'{0x00000000ee95af08}: 'long java.lang.invoke.DirectMethodHandle$Holder.invokeInterface(java.lang.Object, java.lang.Object)'> (0x00000000ee95af08) 
thrown [s\src\hotspot\share\interpreter\linkResolver.cpp, line 773]
Event: 92.062 Thread 0x0000017fd3d43c00 Exception <a 'java/lang/NoSuchMethodError'{0x00000000ee59ce98}: 'void java.lang.invoke.DirectMethodHandle$Holder.invokeStatic(java.lang.Object, java.lang.Object)'> (0x00000000ee59ce98) 
thrown [s\src\hotspot\share\interpreter\linkResolver.cpp, line 773]
Event: 92.074 Thread 0x0000017fd3d43c00 Exception <a 'java/lang/NoSuchMethodError'{0x00000000ee5e2870}: 'java.lang.Object java.lang.invoke.DirectMethodHandle$Holder.invokeVirtual(java.lang.Object, java.lang.Object, java.lang.Object, java.lang.Object, java.lang.Object, java.lang.Object, java.lang.Object, java.lang.Object, java.lang.Object, java.lang.Object, java.lang.Object, java.lang.Object)'> (0x00000000ee5e2870) 
thrown [s\src\hotspot\share\interpreter\linkResolver.cpp, line 773]
Event: 92.075 Thread 0x0000017fd3d43c00 Exception <a 'java/lang/NoSuchMethodError'{0x00000000ee5e7898}: 'java.lang.Object java.lang.invoke.DirectMethodHandle$Holder.invokeSpecial(java.lang.Object, java.lang.Object, java.lang.Object, java.lang.Object, java.lang.Object, java.lang.Object, java.lang.Object, java.lang.Object, java.lang.Object, java.lang.Object, java.lang.Object, java.lang.Object, java.lang.Object)'> (0x00000000ee5e7898) 
thrown [s\src\hotspot\share\interpreter\linkResolver.cpp, line 773]
Event: 92.846 Thread 0x0000017fd3d43c00 Exception <a 'java/lang/NoSuchMethodError'{0x00000000ee3ce518}: 'int java.lang.invoke.DirectMethodHandle$Holder.invokeVirtual(java.lang.Object, java.lang.Object, java.lang.Object)'> (0x00000000ee3ce518) 
thrown [s\src\hotspot\share\interpreter\linkResolver.cpp, line 773]
Event: 93.154 Thread 0x0000017fd3d43c00 Exception <a 'java/lang/NoSuchMethodError'{0x00000000ee026818}: 'java.lang.Object java.lang.invoke.DirectMethodHandle$Holder.newInvokeSpecial(java.lang.Object, java.lang.Object, java.lang.Object, java.lang.Object, java.lang.Object, java.lang.Object)'> (0x00000000ee026818) 
thrown [s\src\hotspot\share\interpreter\linkResolver.cpp, line 773]
Event: 93.160 Thread 0x0000017fd3d43c00 Exception <a 'java/lang/NoSuchMethodError'{0x00000000ee0481d8}: 'void java.lang.invoke.DirectMethodHandle$Holder.invokeStaticInit(java.lang.Object, java.lang.Object)'> (0x00000000ee0481d8) 
thrown [s\src\hotspot\share\interpreter\linkResolver.cpp, line 773]
Event: 93.858 Thread 0x0000017fd3d43c00 Exception <a 'java/lang/NoSuchMethodError'{0x00000000eded7218}: 'void java.lang.invoke.DelegatingMethodHandle$Holder.reinvoke_L(java.lang.Object, java.lang.Object, java.lang.Object, java.lang.Object, java.lang.Object, java.lang.Object, java.lang.Object, java.lang.Object, java.lang.Object, java.lang.Object)'> (0x00000000eded7218) 
thrown [s\src\hotspot\share\interpreter\linkResolver.cpp, line 773]
Event: 93.859 Thread 0x0000017fd3d43c00 Exception <a 'java/lang/NoSuchMethodError'{0x00000000ededecf8}: 'java.lang.Object java.lang.invoke.Invokers$Holder.invoker(java.lang.Object, java.lang.Object, java.lang.Object, java.lang.Object, java.lang.Object, java.lang.Object, java.lang.Object, java.lang.Object, java.lang.Object, java.lang.Object)'> (0x00000000ededecf8) 
thrown [s\src\hotspot\share\interpreter\linkResolver.cpp, line 773]
Event: 94.723 Thread 0x0000017fd3d43c00 Exception <a 'java/lang/NoSuchMethodError'{0x00000000edab1ad8}: 'void java.lang.invoke.DirectMethodHandle$Holder.invokeVirtual(java.lang.Object, java.lang.Object, java.lang.Object, java.lang.Object, java.lang.Object)'> (0x00000000edab1ad8) 
thrown [s\src\hotspot\share\interpreter\linkResolver.cpp, line 773]
Event: 95.081 Thread 0x0000017fd3d43c00 Exception <a 'java/lang/NoSuchMethodError'{0x00000000ed856b80}: 'void java.lang.invoke.DirectMethodHandle$Holder.invokeInterface(java.lang.Object, java.lang.Object)'> (0x00000000ed856b80) 
thrown [s\src\hotspot\share\interpreter\linkResolver.cpp, line 773]
Event: 95.081 Thread 0x0000017fd3d43c00 Exception <a 'java/lang/IncompatibleClassChangeError'{0x00000000ed85a100}: Found class java.lang.Object, but interface was expected> (0x00000000ed85a100) 
thrown [s\src\hotspot\share\interpreter\linkResolver.cpp, line 840]
Event: 95.402 Thread 0x0000017fd3d43c00 Exception <a 'java/lang/NoSuchMethodError'{0x00000000ed77b068}: 'java.lang.Object java.lang.invoke.DirectMethodHandle$Holder.newInvokeSpecial(java.lang.Object, java.lang.Object, int)'> (0x00000000ed77b068) 
thrown [s\src\hotspot\share\interpreter\linkResolver.cpp, line 773]
Event: 109.099 Thread 0x0000017fd3d43c00 Exception <a 'java/lang/NoSuchMethodError'{0x00000000ed450640}: 'java.lang.Object java.lang.invoke.DirectMethodHandle$Holder.invokeVirtual(java.lang.Object, java.lang.Object, java.lang.Object, java.lang.Object, java.lang.Object, java.lang.Object, java.lang.Object, java.lang.Object)'> (0x00000000ed450640) 
thrown [s\src\hotspot\share\interpreter\linkResolver.cpp, line 773]

ZGC Phase Switch (0 events):
No events

VM Operations (20 events):
Event: 96.363 Executing safepoint VM operation: Cleanup
Event: 96.363 Executing safepoint VM operation: Cleanup done
Event: 97.372 Executing safepoint VM operation: Cleanup
Event: 97.372 Executing safepoint VM operation: Cleanup done
Event: 98.384 Executing safepoint VM operation: Cleanup
Event: 98.384 Executing safepoint VM operation: Cleanup done
Event: 100.402 Executing safepoint VM operation: Cleanup
Event: 100.403 Executing safepoint VM operation: Cleanup done
Event: 101.413 Executing safepoint VM operation: Cleanup
Event: 101.413 Executing safepoint VM operation: Cleanup done
Event: 102.428 Executing safepoint VM operation: Cleanup
Event: 102.428 Executing safepoint VM operation: Cleanup done
Event: 108.496 Executing safepoint VM operation: Cleanup
Event: 108.496 Executing safepoint VM operation: Cleanup done
Event: 109.503 Executing safepoint VM operation: Cleanup
Event: 110.215 Executing safepoint VM operation: Cleanup done
Event: 111.223 Executing safepoint VM operation: Cleanup
Event: 111.469 Executing safepoint VM operation: Cleanup done
Event: 112.478 Executing safepoint VM operation: Cleanup
Event: 112.478 Executing safepoint VM operation: Cleanup done

Memory protections (0 events):
No events

Nmethod flushes (0 events):
No events

Events (20 events):
Event: 5.101 Thread 0x0000017fbd9ce0e0 Thread added: 0x0000017fd3395d20
Event: 5.108 Thread 0x0000017fbd9ce0e0 Thread added: 0x0000017fd3396780
Event: 5.108 Thread 0x0000017fbd9ce0e0 Thread added: 0x0000017fd3397510
Event: 5.557 Thread 0x0000017fbd9ce0e0 Thread added: 0x0000017fd340e150
Event: 8.605 Thread 0x0000017fbd9ce0e0 Thread added: 0x0000017fd3582160
Event: 8.989 Thread 0x0000017fbd9ce0e0 Thread added: 0x0000017fd35d7dd0
Event: 61.797 Thread 0x0000017fbd9ce0e0 Thread added: 0x0000017fed461720
Event: 72.090 Thread 0x0000017fbd9ce0e0 Thread added: 0x0000017fd3d45640
Event: 82.524 Thread 0x0000017fbd9ce0e0 Thread added: 0x0000017fd3d44920
Event: 86.096 Thread 0x0000017fd3d45640 Thread added: 0x0000017fd3d43570
Event: 86.779 Thread 0x0000017fd3d43570 Thread added: 0x0000017fd3d45cd0
Event: 88.094 Thread 0x0000017fd3d43570 Thread added: 0x0000017fd3d46360
Event: 88.541 Thread 0x0000017fd3d43570 Thread added: 0x0000017fd3d43c00
Event: 88.888 Thread 0x0000017fd3d43c00 Thread added: 0x0000017fd3d44290
Event: 89.319 Thread 0x0000017fd3d43c00 Thread added: 0x0000017fd3d44fb0
Event: 89.329 Thread 0x0000017fd3d43c00 Thread added: 0x0000017fedd79350
Event: 95.361 Thread 0x0000017fd3d43c00 Thread added: 0x0000017fedd77fa0
Event: 95.558 Thread 0x0000017fd3d43c00 Thread added: 0x0000017fedd78630
Event: 109.089 Thread 0x0000017fedd78630 Thread added: 0x0000017fedd7ad90
Event: 109.187 Thread 0x0000017fd3d43c00 Thread added: 0x0000017fedd7b420


Dynamic libraries:
0x00007ff79ef50000 - 0x00007ff79ef5e000 	C:\Users\Yogesh\.vscode\extensions\redhat.java-1.56.0-win32-x64\jre\21.0.12.1-win32-x86_64\bin\java.exe
0x00007ffa30580000 - 0x00007ffa307e6000 	C:\WINDOWS\SYSTEM32\ntdll.dll
0x00007ffa2f230000 - 0x00007ffa2f2f9000 	C:\WINDOWS\System32\KERNEL32.DLL
0x00007ffa2d9b0000 - 0x00007ffa2ddaf000 	C:\WINDOWS\System32\KERNELBASE.dll
0x00007ffa2d850000 - 0x00007ffa2d99c000 	C:\WINDOWS\System32\ucrtbase.dll
0x00007ff9f7d70000 - 0x00007ff9f7d88000 	C:\Users\Yogesh\.vscode\extensions\redhat.java-1.56.0-win32-x64\jre\21.0.12.1-win32-x86_64\bin\jli.dll
0x00007ffa2ff20000 - 0x00007ffa300e6000 	C:\WINDOWS\System32\USER32.dll
0x00007ffa2de70000 - 0x00007ffa2de97000 	C:\WINDOWS\System32\win32u.dll
0x00007ffa30330000 - 0x00007ffa3035b000 	C:\WINDOWS\System32\GDI32.dll
0x00007ffa2df60000 - 0x00007ffa2e089000 	C:\WINDOWS\System32\gdi32full.dll
0x00007ffa2ddc0000 - 0x00007ffa2de63000 	C:\WINDOWS\System32\msvcp_win.dll
0x00007ff9f7d90000 - 0x00007ff9f7dae000 	C:\Users\Yogesh\.vscode\extensions\redhat.java-1.56.0-win32-x64\jre\21.0.12.1-win32-x86_64\bin\VCRUNTIME140.dll
0x00007ffa0e270000 - 0x00007ffa0e501000 	C:\WINDOWS\WinSxS\amd64_microsoft.windows.common-controls_6595b64144ccf1df_6.0.26100.8972_none_3e0da176e32f9d4b\COMCTL32.dll
0x00007ffa2e3c0000 - 0x00007ffa2e469000 	C:\WINDOWS\System32\msvcrt.dll
0x00007ffa300f0000 - 0x00007ffa30122000 	C:\WINDOWS\System32\IMM32.DLL
0x00007ff9f7d60000 - 0x00007ff9f7d6c000 	C:\Users\Yogesh\.vscode\extensions\redhat.java-1.56.0-win32-x64\jre\21.0.12.1-win32-x86_64\bin\vcruntime140_1.dll
0x00007ff9b6bc0000 - 0x00007ff9b6c4d000 	C:\Users\Yogesh\.vscode\extensions\redhat.java-1.56.0-win32-x64\jre\21.0.12.1-win32-x86_64\bin\msvcp140.dll
0x00007ff9879a0000 - 0x00007ff988742000 	C:\Users\Yogesh\.vscode\extensions\redhat.java-1.56.0-win32-x64\jre\21.0.12.1-win32-x86_64\bin\server\jvm.dll
0x00007ffa2f6a0000 - 0x00007ffa2f75c000 	C:\WINDOWS\System32\ADVAPI32.dll
0x00007ffa2ec90000 - 0x00007ffa2ed3a000 	C:\WINDOWS\System32\sechost.dll
0x00007ffa30130000 - 0x00007ffa30248000 	C:\WINDOWS\System32\RPCRT4.dll
0x00007ffa2e540000 - 0x00007ffa2e5c2000 	C:\WINDOWS\System32\WS2_32.dll
0x00007ffa2d610000 - 0x00007ffa2d66e000 	C:\WINDOWS\SYSTEM32\POWRPROF.dll
0x00007ffa210a0000 - 0x00007ffa210d6000 	C:\WINDOWS\SYSTEM32\WINMM.dll
0x00007ffa22970000 - 0x00007ffa2297b000 	C:\WINDOWS\SYSTEM32\VERSION.dll
0x00007ffa2d5f0000 - 0x00007ffa2d605000 	C:\WINDOWS\SYSTEM32\UMPDC.dll
0x00007ffa2c480000 - 0x00007ffa2c49b000 	C:\WINDOWS\SYSTEM32\kernel.appcore.dll
0x00007ff9f7d50000 - 0x00007ff9f7d5a000 	C:\Users\Yogesh\.vscode\extensions\redhat.java-1.56.0-win32-x64\jre\21.0.12.1-win32-x86_64\bin\jimage.dll
0x00007ffa2ad30000 - 0x00007ffa2af72000 	C:\WINDOWS\SYSTEM32\DBGHELP.DLL
0x00007ffa2f300000 - 0x00007ffa2f685000 	C:\WINDOWS\System32\combase.dll
0x00007ffa2e8b0000 - 0x00007ffa2e989000 	C:\WINDOWS\System32\OLEAUT32.dll
0x00007ffa0aa10000 - 0x00007ffa0aa4b000 	C:\WINDOWS\SYSTEM32\dbgcore.DLL
0x00007ffa2d790000 - 0x00007ffa2d83c000 	C:\WINDOWS\System32\bcryptPrimitives.dll
0x00007ff9b6b40000 - 0x00007ff9b6b4f000 	C:\Users\Yogesh\.vscode\extensions\redhat.java-1.56.0-win32-x64\jre\21.0.12.1-win32-x86_64\bin\instrument.dll
0x00007ff9f4f30000 - 0x00007ff9f4f50000 	C:\Users\Yogesh\.vscode\extensions\redhat.java-1.56.0-win32-x64\jre\21.0.12.1-win32-x86_64\bin\java.dll
0x00007ffa2f770000 - 0x00007ffa2fef8000 	C:\WINDOWS\System32\SHELL32.dll
0x00007ffa2b210000 - 0x00007ffa2baab000 	C:\WINDOWS\SYSTEM32\windows.storage.dll
0x00007ffa2e7b0000 - 0x00007ffa2e8a9000 	C:\WINDOWS\System32\SHCORE.dll
0x00007ffa2e5d0000 - 0x00007ffa2e636000 	C:\WINDOWS\System32\shlwapi.dll
0x00007ffa2d6b0000 - 0x00007ffa2d6d9000 	C:\WINDOWS\SYSTEM32\profapi.dll
0x00007ff9b5440000 - 0x00007ff9b5458000 	C:\Users\Yogesh\.vscode\extensions\redhat.java-1.56.0-win32-x64\jre\21.0.12.1-win32-x86_64\bin\zip.dll
0x00007ff9f4f90000 - 0x00007ff9f4fa0000 	C:\Users\Yogesh\.vscode\extensions\redhat.java-1.56.0-win32-x64\jre\21.0.12.1-win32-x86_64\bin\net.dll
0x00007ffa246f0000 - 0x00007ffa24818000 	C:\WINDOWS\SYSTEM32\WINHTTP.dll
0x00007ffa2ca30000 - 0x00007ffa2ca9c000 	C:\WINDOWS\system32\mswsock.dll
0x00007ff9918e0000 - 0x00007ff9918f6000 	C:\Users\Yogesh\.vscode\extensions\redhat.java-1.56.0-win32-x64\jre\21.0.12.1-win32-x86_64\bin\nio.dll
0x00007ff9b5430000 - 0x00007ff9b5440000 	C:\Users\Yogesh\.vscode\extensions\redhat.java-1.56.0-win32-x64\jre\21.0.12.1-win32-x86_64\bin\verify.dll
0x00007ff98ffb0000 - 0x00007ff98ffd7000 	C:\Users\Yogesh\.gradle\native\c067742578af261105cb4f569cf0c3c89f3d7b1fecec35dd04571415982c5e48\windows-amd64\native-platform.dll
0x00007ff97c1b0000 - 0x00007ff97c2f4000 	C:\Users\Yogesh\.gradle\native\100fb08df4bc3b14c8652ba06237920a3bd2aa13389f12d3474272988ae205f9\windows-amd64\native-platform-file-events.dll
0x00007ff9b5460000 - 0x00007ff9b546a000 	C:\Users\Yogesh\.vscode\extensions\redhat.java-1.56.0-win32-x64\jre\21.0.12.1-win32-x86_64\bin\management.dll
0x00007ff9b41c0000 - 0x00007ff9b41cc000 	C:\Users\Yogesh\.vscode\extensions\redhat.java-1.56.0-win32-x64\jre\21.0.12.1-win32-x86_64\bin\management_ext.dll
0x00007ffa2e3b0000 - 0x00007ffa2e3b8000 	C:\WINDOWS\System32\PSAPI.DLL
0x00007ffa2cd20000 - 0x00007ffa2cd3b000 	C:\WINDOWS\SYSTEM32\CRYPTSP.dll
0x00007ffa2c3c0000 - 0x00007ffa2c3f9000 	C:\WINDOWS\system32\rsaenh.dll
0x00007ffa2cae0000 - 0x00007ffa2cb12000 	C:\WINDOWS\SYSTEM32\USERENV.dll
0x00007ffa2d680000 - 0x00007ffa2d6aa000 	C:\WINDOWS\SYSTEM32\bcrypt.dll
0x00007ffa2cd40000 - 0x00007ffa2cd4c000 	C:\WINDOWS\SYSTEM32\CRYPTBASE.dll
0x00007ffa2be00000 - 0x00007ffa2be33000 	C:\WINDOWS\SYSTEM32\IPHLPAPI.DLL
0x00007ffa2f690000 - 0x00007ffa2f69a000 	C:\WINDOWS\System32\NSI.dll
0x00007ffa19de0000 - 0x00007ffa19de9000 	C:\Users\Yogesh\.vscode\extensions\redhat.java-1.56.0-win32-x64\jre\21.0.12.1-win32-x86_64\bin\extnet.dll
0x00007ffa27610000 - 0x00007ffa2761e000 	C:\Users\Yogesh\.vscode\extensions\redhat.java-1.56.0-win32-x64\jre\21.0.12.1-win32-x86_64\bin\sunmscapi.dll
0x00007ffa2e090000 - 0x00007ffa2e20e000 	C:\WINDOWS\System32\CRYPT32.dll
0x00007ffa2cf60000 - 0x00007ffa2cf90000 	C:\WINDOWS\SYSTEM32\ncrypt.dll
0x00007ffa2cf10000 - 0x00007ffa2cf4f000 	C:\WINDOWS\SYSTEM32\NTASN1.dll
0x00007ff9b2180000 - 0x00007ff9b2188000 	C:\WINDOWS\system32\wshunix.dll

JVMTI agents:
C:\Users\Yogesh\.gradle\wrapper\dists\gradle-8.10.2-all\7iv73wktx1xtkvlq19urqw1wm\gradle-8.10.2\lib\agents\gradle-instrumentation-agent-8.10.2.jar path:C:\Users\Yogesh\.vscode\extensions\redhat.java-1.56.0-win32-x64\jre\21.0.12.1-win32-x86_64\bin\instrument.dll, loaded, initialized, instrumentlib options:none

dbghelp: loaded successfully - version: 4.0.5 - missing functions: none
symbol engine: initialized successfully - sym options: 0x614 - pdb path: .;C:\Users\Yogesh\.vscode\extensions\redhat.java-1.56.0-win32-x64\jre\21.0.12.1-win32-x86_64\bin;C:\WINDOWS\SYSTEM32;C:\WINDOWS\WinSxS\amd64_microsoft.windows.common-controls_6595b64144ccf1df_6.0.26100.8972_none_3e0da176e32f9d4b;C:\Users\Yogesh\.vscode\extensions\redhat.java-1.56.0-win32-x64\jre\21.0.12.1-win32-x86_64\bin\server;C:\Users\Yogesh\.gradle\native\c067742578af261105cb4f569cf0c3c89f3d7b1fecec35dd04571415982c5e48\windows-amd64;C:\Users\Yogesh\.gradle\native\100fb08df4bc3b14c8652ba06237920a3bd2aa13389f12d3474272988ae205f9\windows-amd64

VM Arguments:
jvm_args: --add-opens=java.base/java.util=ALL-UNNAMED --add-opens=java.base/java.lang=ALL-UNNAMED --add-opens=java.base/java.lang.invoke=ALL-UNNAMED --add-opens=java.prefs/java.util.prefs=ALL-UNNAMED --add-exports=jdk.compiler/com.sun.tools.javac.api=ALL-UNNAMED --add-exports=jdk.compiler/com.sun.tools.javac.util=ALL-UNNAMED --add-opens=java.base/java.nio.charset=ALL-UNNAMED --add-opens=java.base/java.net=ALL-UNNAMED --add-opens=java.base/java.util.concurrent.atomic=ALL-UNNAMED -XX:MaxMetaspaceSize=384m -XX:+HeapDumpOnOutOfMemoryError -Xms256m -Xmx512m -Dfile.encoding=utf8 -Duser.country=IN -Duser.language=en -Duser.variant -javaagent:C:\Users\Yogesh\.gradle\wrapper\dists\gradle-8.10.2-all\7iv73wktx1xtkvlq19urqw1wm\gradle-8.10.2\lib\agents\gradle-instrumentation-agent-8.10.2.jar 
java_command: org.gradle.launcher.daemon.bootstrap.GradleDaemon 8.10.2
java_class_path (initial): C:\Users\Yogesh\.gradle\wrapper\dists\gradle-8.10.2-all\7iv73wktx1xtkvlq19urqw1wm\gradle-8.10.2\lib\gradle-daemon-main-8.10.2.jar
Launcher Type: SUN_STANDARD

[Global flags]
     intx CICompilerCount                          = 4                                         {product} {ergonomic}
   size_t CompressedClassSpaceSize                 = 335544320                                 {product} {ergonomic}
     uint ConcGCThreads                            = 2                                         {product} {ergonomic}
     uint G1ConcRefinementThreads                  = 8                                         {product} {ergonomic}
   size_t G1HeapRegionSize                         = 1048576                                   {product} {ergonomic}
    uintx GCDrainStackTargetSize                   = 64                                        {product} {ergonomic}
     bool HeapDumpOnOutOfMemoryError               = true                                   {manageable} {command line}
   size_t InitialHeapSize                          = 268435456                                 {product} {command line}
   size_t MarkStackSize                            = 4194304                                   {product} {ergonomic}
   size_t MaxHeapSize                              = 536870912                                 {product} {command line}
   size_t MaxMetaspaceSize                         = 402653184                                 {product} {command line}
   size_t MaxNewSize                               = 321912832                                 {product} {ergonomic}
   size_t MinHeapDeltaBytes                        = 1048576                                   {product} {ergonomic}
   size_t MinHeapSize                              = 268435456                                 {product} {command line}
    uintx NonNMethodCodeHeapSize                   = 5839372                                {pd product} {ergonomic}
    uintx NonProfiledCodeHeapSize                  = 122909434                              {pd product} {ergonomic}
    uintx ProfiledCodeHeapSize                     = 122909434                              {pd product} {ergonomic}
    uintx ReservedCodeCacheSize                    = 251658240                              {pd product} {ergonomic}
     bool SegmentedCodeCache                       = true                                      {product} {ergonomic}
   size_t SoftMaxHeapSize                          = 536870912                              {manageable} {ergonomic}
     bool UseCompressedOops                        = true                           {product lp64_product} {ergonomic}
     bool UseG1GC                                  = true                                      {product} {ergonomic}
     bool UseLargePagesIndividualAllocation        = false                                  {pd product} {ergonomic}

Logging:
Log output configuration:
 #0: stdout all=warning uptime,level,tags foldmultilines=false
 #1: stderr all=off uptime,level,tags foldmultilines=false

Release file:
JAVA_VERSION="21.0.12.1" 
MODULES="java.base java.compiler java.datatransfer java.xml java.prefs java.desktop java.instrument java.logging java.management java.security.sasl java.naming java.rmi java.management.rmi java.net.http java.scripting java.security.jgss java.transaction.xa java.sql java.sql.rowset java.xml.crypto java.se java.smartcardio jdk.accessibility jdk.internal.jvmstat jdk.attach jdk.charsets jdk.internal.opt jdk.zipfs jdk.compiler jdk.crypto.ec jdk.crypto.cryptoki jdk.crypto.mscapi jdk.dynalink jdk.internal.ed jdk.editpad jdk.hotspot.agent jdk.httpserver jdk.internal.le jdk.internal.vm.ci jdk.internal.vm.compiler jdk.internal.vm.compiler.management jdk.jartool jdk.javadoc jdk.jcmd jdk.management jdk.management.agent jdk.jconsole jdk.jdeps jdk.jdwp.agent jdk.jdi jdk.jfr jdk.jshell jdk.jsobject jdk.jstatd jdk.localedata jdk.management.jfr jdk.naming.dns jdk.naming.rmi jdk.net jdk.nio.mapmode jdk.random jdk.sctp jdk.security.auth jdk.security.jgss jdk.unsupported jdk.unsupported.desktop jdk.xml.dom" 

Environment Variables:
JAVA_HOME=C:\Program Files\Microsoft\jdk-17.0.8.7-hotspot\
PATH=C:\Program Files\Microsoft\jdk-17.0.8.7-hotspot\bin;C:\Program Files\Common Files\Oracle\Java\javapath;C:\WINDOWS\system32;C:\WINDOWS;C:\WINDOWS\System32\Wbem;C:\WINDOWS\System32\WindowsPowerShell\v1.0\;C:\WINDOWS\System32\OpenSSH\;C:\Program Files\nodejs\;C:\Users\Yogesh\AppData\Local\Android\Sdk\platform-tools;C:\ProgramData\chocolatey\bin;C:\Users\Yogesh\Desktop\SqlLite\sqlite-tools-win-x64-3450000;C:\Program Files\Git\cmd;C:\Program Files\Git\bin;C:\Users\Yogesh\AppData\Local\Android\Sdk\cmdline-tools\latest\bin;C:\Software\cmake-3.31.0-rc2-windows-x86_64\cmake-3.31.0-rc2-windows-x86_64\bin;C:\Users\Yogesh\Downloads\apache-maven-3.9.9\bin;C:\Program Files\MySQL\MySQL Shell 8.0\bin\;C:\Users\Yogesh\AppData\Local\Android\Sdk\tools;C:\Users\Yogesh\AppData\Local\Microsoft\WindowsApps;C:\Users\Yogesh\AppData\Roaming\npm;C:\Users\Yogesh\AppData\Local\Programs\Microsoft VS Code\bin;C:\Users\Yogesh\AppData\Local\GitHubDesktop\bin;
USERNAME=Yogesh
OS=Windows_NT
PROCESSOR_IDENTIFIER=Intel64 Family 6 Model 140 Stepping 1, GenuineIntel
TMP=C:\Users\Yogesh\AppData\Local\Temp
TEMP=C:\Users\Yogesh\AppData\Local\Temp




Periodic native trim disabled

---------------  S Y S T E M  ---------------

OS:
 Windows 11 , 64 bit Build 26100 (10.0.26100.9168)
OS uptime: 0 days 1:50 hours
Hyper-V role detected

CPU: total 8 (initial active 8) (4 cores per cpu, 2 threads per core) family 6 model 140 stepping 1 microcode 0xb4, cx8, cmov, fxsr, ht, mmx, 3dnowpref, sse, sse2, sse3, ssse3, sse4.1, sse4.2, popcnt, lzcnt, tsc, tscinvbit, avx, avx2, aes, erms, clmul, bmi1, bmi2, adx, avx512f, avx512dq, avx512cd, avx512bw, avx512vl, sha, fma, vzeroupper, avx512_vpopcntdq, avx512_vpclmulqdq, avx512_vaes, avx512_vnni, clflush, clflushopt, clwb, avx512_vbmi2, avx512_vbmi, hv, rdtscp, rdpid, fsrm, gfni, avx512_bitalg, f16c, cet_ibt, cet_ss, avx512_ifma
Processor Information for the first 8 processors :
  Max Mhz: 2401, Current Mhz: 2400, Mhz Limit: 2376

Memory: 4k page, system-wide physical 16026M (120M free)
TotalPageFile size 65178M (AvailPageFile size 70M)
current process WorkingSet (physical memory assigned to process): 138M, peak: 145M
current process commit charge ("private bytes"): 399M, peak: 404M

vm_info: OpenJDK 64-Bit Server VM (21.0.12.1+1-LTS) for windows-amd64 JRE (21.0.12.1+1-LTS), built on 2026-08-18T00:00:00Z by "admin" with MS VC++ 17.12 (VS2022)

END.
