#
# There is insufficient memory for the Java Runtime Environment to continue.
# Native memory allocation (malloc) failed to allocate 202896 bytes. Error detail: Chunk::new
# Possible reasons:
#   The system is out of physical RAM or swap space
#   This process is running with CompressedOops enabled, and the Java Heap may be blocking the growth of the native heap
# Possible solutions:
#   Reduce memory load on the system
#   Increase physical memory or swap space
#   Check if swap backing store is full
#   Decrease Java heap size (-Xmx/-Xms)
#   Decrease number of Java threads
#   Decrease Java thread stack sizes (-Xss)
#   Set larger code cache with -XX:ReservedCodeCacheSize=
#   JVM is running with Unscaled Compressed Oops mode in which the Java heap is
#     placed in the first 4GB address space. The Java Heap base address is the
#     maximum limit for the native heap growth. Please use -XX:HeapBaseMinAddress
#     to set the Java Heap base and to place the Java Heap above 4GB virtual address.
# This output file may be truncated or incomplete.
#
#  Out of Memory Error (arena.cpp:168), pid=38380, tid=33952
#
# JRE version: OpenJDK Runtime Environment Temurin-21.0.12.1+1 (21.0.12.1+1) (build 21.0.12.1+1-LTS)
# Java VM: OpenJDK 64-Bit Server VM Temurin-21.0.12.1+1 (21.0.12.1+1-LTS, mixed mode, sharing, tiered, compressed oops, compressed class ptrs, g1 gc, windows-amd64)
# No core dump will be written. Minidumps are not enabled by default on client versions of Windows
#

---------------  S U M M A R Y ------------

Command Line: --add-opens=java.base/java.util=ALL-UNNAMED --add-opens=java.base/java.lang=ALL-UNNAMED --add-opens=java.base/java.lang.invoke=ALL-UNNAMED --add-opens=java.prefs/java.util.prefs=ALL-UNNAMED --add-exports=jdk.compiler/com.sun.tools.javac.api=ALL-UNNAMED --add-exports=jdk.compiler/com.sun.tools.javac.util=ALL-UNNAMED --add-opens=java.base/java.nio.charset=ALL-UNNAMED --add-opens=java.base/java.net=ALL-UNNAMED --add-opens=java.base/java.util.concurrent.atomic=ALL-UNNAMED -XX:MaxMetaspaceSize=384m -XX:+HeapDumpOnOutOfMemoryError -Xms256m -Xmx512m -Dfile.encoding=utf8 -Duser.country=IN -Duser.language=en -Duser.variant -javaagent:C:\Users\Yogesh\.gradle\wrapper\dists\gradle-8.9-bin\90cnw93cvbtalezasaz0blq0a\gradle-8.9\lib\agents\gradle-instrumentation-agent-8.9.jar org.gradle.launcher.daemon.bootstrap.GradleDaemon 8.9

Host: 11th Gen Intel(R) Core(TM) i5-1135G7 @ 2.40GHz, 8 cores, 15G,  Windows 11 , 64 bit Build 26100 (10.0.26100.9168)
Time: Sat Sep 12 14:46:47 2026 India Standard Time elapsed time: 148.012243 seconds (0d 0h 2m 28s)

---------------  T H R E A D  ---------------

Current thread (0x000001fd545ee850):  JavaThread "C2 CompilerThread0" daemon [_thread_in_native, id=33952, stack(0x000000084a000000,0x000000084a100000) (1024K)]


Current CompileTask:
C2:148012 4091       4       java.lang.invoke.InvokerBytecodeGenerator::<init> (80 bytes)

Stack: [0x000000084a000000,0x000000084a100000]
Native frames: (J=compiled Java code, j=interpreted, Vv=VM code, C=native code)
V  [jvm.dll+0x6d83e9]
V  [jvm.dll+0x8b5736]
V  [jvm.dll+0x8b7cee]
V  [jvm.dll+0x8b83d3]
V  [jvm.dll+0x284596]
V  [jvm.dll+0xc685d]
V  [jvm.dll+0xc6da1]
V  [jvm.dll+0x2fb5ae]
V  [jvm.dll+0x5fee94]
V  [jvm.dll+0x255d67]
V  [jvm.dll+0x24e3bf]
V  [jvm.dll+0x24bbe6]
V  [jvm.dll+0x1cb4ae]
V  [jvm.dll+0x25baad]
V  [jvm.dll+0x25a03a]
V  [jvm.dll+0x3f8aae]
V  [jvm.dll+0x8600cd]
V  [jvm.dll+0x6d6c1d]
C  [ucrtbase.dll+0x2cd30]
C  [KERNEL32.DLL+0x2ccb7]
C  [ntdll.dll+0xaad6c]


---------------  P R O C E S S  ---------------

Threads class SMR info:
_java_thread_list=0x000001fd705a6120, length=45, elements={
0x000001fd3ec2fdb0, 0x000001fd545e3b40, 0x000001fd545e72d0, 0x000001fd545eb460,
0x000001fd545ebec0, 0x000001fd545ed1f0, 0x000001fd545f1480, 0x000001fd545ee850,
0x000001fd54661fe0, 0x000001fd545f00d0, 0x000001fd545f0760, 0x000001fd6f561c70,
0x000001fd6f5615e0, 0x000001fd6f5650f0, 0x000001fd6f564a60, 0x000001fd6f562300,
0x000001fd6f563d40, 0x000001fd6f565e10, 0x000001fd6f562990, 0x000001fd6f566b30,
0x000001fd6f5671c0, 0x000001fd6f567850, 0x000001fd6f568c00, 0x000001fd6f567ee0,
0x000001fd700f26f0, 0x000001fd700f2d80, 0x000001fd700f4130, 0x000001fd700f8ff0,
0x000001fd700f75b0, 0x000001fd700f3410, 0x000001fd700f8960, 0x000001fd700f6200,
0x000001fd700f9680, 0x000001fd700f47c0, 0x000001fd700f3aa0, 0x000001fd700f4e50,
0x000001fd700f54e0, 0x000001fd700f5b70, 0x000001fd700f7c40, 0x000001fd700f82d0,
0x000001fd700f6890, 0x000001fd700f6f20, 0x000001fd6f565780, 0x000001fd6f5636b0,
0x000001fd6f5643d0
}

Java Threads: ( => current thread )
  0x000001fd3ec2fdb0 JavaThread "main"                              [_thread_blocked, id=38144, stack(0x0000000849100000,0x0000000849200000) (1024K)]
  0x000001fd545e3b40 JavaThread "Reference Handler"          daemon [_thread_blocked, id=34896, stack(0x0000000849a00000,0x0000000849b00000) (1024K)]
  0x000001fd545e72d0 JavaThread "Finalizer"                  daemon [_thread_blocked, id=39676, stack(0x0000000849b00000,0x0000000849c00000) (1024K)]
  0x000001fd545eb460 JavaThread "Signal Dispatcher"          daemon [_thread_blocked, id=43940, stack(0x0000000849c00000,0x0000000849d00000) (1024K)]
  0x000001fd545ebec0 JavaThread "Attach Listener"            daemon [_thread_blocked, id=30416, stack(0x0000000849d00000,0x0000000849e00000) (1024K)]
  0x000001fd545ed1f0 JavaThread "Service Thread"             daemon [_thread_blocked, id=38980, stack(0x0000000849e00000,0x0000000849f00000) (1024K)]
  0x000001fd545f1480 JavaThread "Monitor Deflation Thread"   daemon [_thread_blocked, id=38956, stack(0x0000000849f00000,0x000000084a000000) (1024K)]
=>0x000001fd545ee850 JavaThread "C2 CompilerThread0"         daemon [_thread_in_native, id=33952, stack(0x000000084a000000,0x000000084a100000) (1024K)]
  0x000001fd54661fe0 JavaThread "C1 CompilerThread0"         daemon [_thread_blocked, id=11692, stack(0x000000084a100000,0x000000084a200000) (1024K)]
  0x000001fd545f00d0 JavaThread "Common-Cleaner"             daemon [_thread_blocked, id=42516, stack(0x000000084a200000,0x000000084a300000) (1024K)]
  0x000001fd545f0760 JavaThread "Notification Thread"        daemon [_thread_blocked, id=26936, stack(0x000000084a300000,0x000000084a400000) (1024K)]
  0x000001fd6f561c70 JavaThread "Daemon health stats"               [_thread_blocked, id=27564, stack(0x000000084a900000,0x000000084aa00000) (1024K)]
  0x000001fd6f5615e0 JavaThread "Incoming local TCP Connector on port 56982"        [_thread_in_native, id=44196, stack(0x000000084aa00000,0x000000084ab00000) (1024K)]
  0x000001fd6f5650f0 JavaThread "Daemon periodic checks"            [_thread_blocked, id=44712, stack(0x000000084ab00000,0x000000084ac00000) (1024K)]
  0x000001fd6f564a60 JavaThread "Daemon"                            [_thread_blocked, id=44892, stack(0x000000084ac00000,0x000000084ad00000) (1024K)]
  0x000001fd6f562300 JavaThread "Daemon worker"                     [_thread_in_native, id=19440, stack(0x000000084af00000,0x000000084b000000) (1024K)]
  0x000001fd6f563d40 JavaThread "Daemon Thread 2"                   [_thread_blocked, id=44464, stack(0x000000084ae00000,0x000000084af00000) (1024K)]
  0x000001fd6f565e10 JavaThread "Daemon Thread 3"                   [_thread_blocked, id=24448, stack(0x000000084b100000,0x000000084b200000) (1024K)]
  0x000001fd6f562990 JavaThread "Daemon Thread 4"                   [_thread_blocked, id=27936, stack(0x000000084b200000,0x000000084b300000) (1024K)]
  0x000001fd6f566b30 JavaThread "Daemon Thread 6"                   [_thread_blocked, id=40452, stack(0x000000084b400000,0x000000084b500000) (1024K)]
  0x000001fd6f5671c0 JavaThread "Daemon Thread 7"                   [_thread_blocked, id=40456, stack(0x000000084b500000,0x000000084b600000) (1024K)]
  0x000001fd6f567850 JavaThread "Handler for socket connection from /127.0.0.1:56982 to /127.0.0.1:59707"        [_thread_in_native, id=40460, stack(0x000000084b600000,0x000000084b700000) (1024K)]
  0x000001fd6f568c00 JavaThread "Daemon Thread 8"                   [_thread_blocked, id=40468, stack(0x000000084b800000,0x000000084b900000) (1024K)]
  0x000001fd6f567ee0 JavaThread "Cancel handler"                    [_thread_blocked, id=40948, stack(0x000000084b900000,0x000000084ba00000) (1024K)]
  0x000001fd700f26f0 JavaThread "Asynchronous log dispatcher for DefaultDaemonConnection: socket connection from /127.0.0.1:56982 to /127.0.0.1:59707"        [_thread_blocked, id=40184, stack(0x000000084ad00000,0x000000084ae00000) (1024K)]
  0x000001fd700f2d80 JavaThread "Stdin handler"                     [_thread_blocked, id=28108, stack(0x000000084b700000,0x000000084b800000) (1024K)]
  0x000001fd700f4130 JavaThread "Daemon client event forwarder"        [_thread_blocked, id=40524, stack(0x000000084bb00000,0x000000084bc00000) (1024K)]
  0x000001fd700f8ff0 JavaThread "VFS cleanup"                       [_thread_blocked, id=34804, stack(0x000000084c800000,0x000000084c900000) (1024K)]
  0x000001fd700f75b0 JavaThread "VFS cleanup Thread 2"              [_thread_blocked, id=31684, stack(0x000000084c900000,0x000000084ca00000) (1024K)]
  0x000001fd700f3410 JavaThread "VFS cleanup Thread 3"              [_thread_blocked, id=34460, stack(0x000000084c000000,0x000000084c100000) (1024K)]
  0x000001fd700f8960 JavaThread "VFS cleanup Thread 4"              [_thread_blocked, id=36676, stack(0x000000084c100000,0x000000084c200000) (1024K)]
  0x000001fd700f6200 JavaThread "VFS cleanup Thread 5"              [_thread_blocked, id=38408, stack(0x000000084c200000,0x000000084c300000) (1024K)]
  0x000001fd700f9680 JavaThread "VFS cleanup Thread 6"              [_thread_blocked, id=41076, stack(0x000000084c300000,0x000000084c400000) (1024K)]
  0x000001fd700f47c0 JavaThread "Cache worker for journal cache (C:\Users\Yogesh\.gradle\caches\journal-1)"        [_thread_blocked, id=17900, stack(0x000000084b000000,0x000000084b100000) (1024K)]
  0x000001fd700f3aa0 JavaThread "File lock request listener"        [_thread_in_native, id=44716, stack(0x0000000849200000,0x0000000849300000) (1024K)]
  0x000001fd700f4e50 JavaThread "File lock release action executor"        [_thread_blocked, id=38200, stack(0x0000000849000000,0x0000000849100000) (1024K)]
  0x000001fd700f54e0 JavaThread "Cache worker for file hash cache (C:\Users\Yogesh\.gradle\caches\8.9\fileHashes)"        [_thread_blocked, id=43172, stack(0x000000084ba00000,0x000000084bb00000) (1024K)]
  0x000001fd700f5b70 JavaThread "Cache worker for file hash cache (C:\Users\Yogesh\Desktop\Drive4U\RTR\node_modules\react-native-screens\android\.gradle\8.9\fileHashes)"        [_thread_blocked, id=42140, stack(0x000000084bd00000,0x000000084be00000) (1024K)]
  0x000001fd700f7c40 JavaThread "Cache worker for Build Output Cleanup Cache (C:\Users\Yogesh\Desktop\Drive4U\RTR\node_modules\react-native-screens\android\.gradle\buildOutputCleanup)"        [_thread_blocked, id=16944, stack(0x000000084be00000,0x000000084bf00000) (1024K)]
  0x000001fd700f82d0 JavaThread "File watcher server"        daemon [_thread_in_native, id=13932, stack(0x000000084bf00000,0x000000084c000000) (1024K)]
  0x000001fd700f6890 JavaThread "File watcher consumer"      daemon [_thread_blocked, id=39608, stack(0x000000084c400000,0x000000084c500000) (1024K)]
  0x000001fd700f6f20 JavaThread "Cache worker for checksums cache (C:\Users\Yogesh\Desktop\Drive4U\RTR\node_modules\react-native-screens\android\.gradle\8.9\checksums)"        [_thread_blocked, id=30916, stack(0x000000084c500000,0x000000084c600000) (1024K)]
  0x000001fd6f565780 JavaThread "Cache worker for file content cache (C:\Users\Yogesh\.gradle\caches\8.9\fileContent)"        [_thread_blocked, id=36472, stack(0x000000084ca00000,0x000000084cb00000) (1024K)]
  0x000001fd6f5636b0 JavaThread "Cache worker for cache directory md-rule (C:\Users\Yogesh\.gradle\caches\8.9\md-rule)"        [_thread_blocked, id=39820, stack(0x000000084cb00000,0x000000084cc00000) (1024K)]
  0x000001fd6f5643d0 JavaThread "Cache worker for cache directory md-supplier (C:\Users\Yogesh\.gradle\caches\8.9\md-supplier)"        [_thread_blocked, id=42960, stack(0x000000084b300000,0x000000084b400000) (1024K)]
Total: 45

Other Threads:
  0x000001fd545c3a20 VMThread "VM Thread"                           [id=37616, stack(0x0000000849900000,0x0000000849a00000) (1024K)]
  0x000001fd545b3fe0 WatcherThread "VM Periodic Task Thread"        [id=26220, stack(0x0000000849800000,0x0000000849900000) (1024K)]
  0x000001fd3ec5ad50 WorkerThread "GC Thread#0"                     [id=39968, stack(0x0000000849300000,0x0000000849400000) (1024K)]
  0x000001fd549eeb00 WorkerThread "GC Thread#1"                     [id=32828, stack(0x000000084a400000,0x000000084a500000) (1024K)]
  0x000001fd6e5e5250 WorkerThread "GC Thread#2"                     [id=40776, stack(0x000000084a500000,0x000000084a600000) (1024K)]
  0x000001fd6e5e5600 WorkerThread "GC Thread#3"                     [id=1644, stack(0x000000084a600000,0x000000084a700000) (1024K)]
  0x000001fd6e0c38b0 WorkerThread "GC Thread#4"                     [id=16692, stack(0x000000084a700000,0x000000084a800000) (1024K)]
  0x000001fd6e0c3c60 WorkerThread "GC Thread#5"                     [id=40844, stack(0x000000084a800000,0x000000084a900000) (1024K)]
  0x000001fd6e892a40 WorkerThread "GC Thread#6"                     [id=34576, stack(0x000000084c600000,0x000000084c700000) (1024K)]
  0x000001fd6e891070 WorkerThread "GC Thread#7"                     [id=9128, stack(0x000000084c700000,0x000000084c800000) (1024K)]
  0x000001fd3ec5fc50 ConcurrentGCThread "G1 Main Marker"            [id=37432, stack(0x0000000849400000,0x0000000849500000) (1024K)]
  0x000001fd3ec60e80 WorkerThread "G1 Conc#0"                       [id=35852, stack(0x0000000849500000,0x0000000849600000) (1024K)]
  0x000001fd6e4f72d0 WorkerThread "G1 Conc#1"                       [id=26488, stack(0x000000084bc00000,0x000000084bd00000) (1024K)]
  0x000001fd544839e0 ConcurrentGCThread "G1 Refine#0"               [id=4920, stack(0x0000000849600000,0x0000000849700000) (1024K)]
  0x000001fd54484210 ConcurrentGCThread "G1 Service"                [id=41140, stack(0x0000000849700000,0x0000000849800000) (1024K)]
Total: 15

Threads with active compile tasks:
C2 CompilerThread0  148063 4091       4       java.lang.invoke.InvokerBytecodeGenerator::<init> (80 bytes)
Total: 1

VM state: not at safepoint (normal execution)

VM Mutex/Monitor currently owned by a thread: None

Heap address: 0x00000000e0000000, size: 512 MB, Compressed Oops mode: 32-bit

CDS archive(s) mapped at: [0x000001fd55000000-0x000001fd55ba0000-0x000001fd55ba0000), size 12189696, SharedBaseAddress: 0x000001fd55000000, ArchiveRelocationMode: 1.
Compressed class space mapped at: 0x000001fd56000000-0x000001fd6a000000, reserved size: 335544320
Narrow klass base: 0x000001fd55000000, Narrow klass shift: 0, Narrow klass range: 0x100000000

GC Precious Log:
 CardTable entry size: 512
 Card Set container configuration: InlinePtr #cards 5 size 8 Array Of Cards #cards 12 size 40 Howl #buckets 4 coarsen threshold 1843 Howl Bitmap #cards 512 size 80 coarsen threshold 460 Card regions per heap region 1 cards per card region 2048
 CPUs: 8 total, 8 available
 Memory: 16026M
 Large Page Support: Disabled
 NUMA Support: Disabled
 Compressed Oops: Enabled (32-bit)
 Heap Region Size: 1M
 Heap Min Capacity: 256M
 Heap Initial Capacity: 256M
 Heap Max Capacity: 512M
 Pre-touch: Disabled
 Parallel Workers: 8
 Concurrent Workers: 2
 Concurrent Refinement Workers: 8
 Periodic GC: Disabled

Heap:
 garbage-first heap   total 262144K, used 83459K [0x00000000e0000000, 0x0000000100000000)
  region size 1024K, 72 young (73728K), 14 survivors (14336K)
 Metaspace       used 28007K, committed 29120K, reserved 393216K
  class space    used 4231K, committed 4800K, reserved 327680K

Heap Regions: E=young(eden), S=young(survivor), O=old, HS=humongous(starts), HC=humongous(continues), CS=collection set, F=free, TAMS=top-at-mark-start, PB=parsable bottom
|   0|0x00000000e0000000, 0x00000000e0100000, 0x00000000e0100000|100%|HS|  |TAMS 0x00000000e0000000| PB 0x00000000e0000000| Complete 
|   1|0x00000000e0100000, 0x00000000e0200000, 0x00000000e0200000|100%|HC|  |TAMS 0x00000000e0100000| PB 0x00000000e0100000| Complete 
|   2|0x00000000e0200000, 0x00000000e0300000, 0x00000000e0300000|100%|HC|  |TAMS 0x00000000e0200000| PB 0x00000000e0200000| Complete 
|   3|0x00000000e0300000, 0x00000000e0400000, 0x00000000e0400000|100%|HC|  |TAMS 0x00000000e0300000| PB 0x00000000e0300000| Complete 
|   4|0x00000000e0400000, 0x00000000e0500000, 0x00000000e0500000|100%| O|  |TAMS 0x00000000e0400000| PB 0x00000000e0400000| Untracked 
|   5|0x00000000e0500000, 0x00000000e0600000, 0x00000000e0600000|100%| O|  |TAMS 0x00000000e0500000| PB 0x00000000e0500000| Untracked 
|   6|0x00000000e0600000, 0x00000000e0700000, 0x00000000e0700000|100%| O|  |TAMS 0x00000000e0600000| PB 0x00000000e0600000| Untracked 
|   7|0x00000000e0700000, 0x00000000e0800000, 0x00000000e0800000|100%| O|  |TAMS 0x00000000e0700000| PB 0x00000000e0700000| Untracked 
|   8|0x00000000e0800000, 0x00000000e0900000, 0x00000000e0900000|100%| O|Cm|TAMS 0x00000000e0800000| PB 0x00000000e0800000| Complete 
|   9|0x00000000e0900000, 0x00000000e0a00000, 0x00000000e0a00000|100%| O|  |TAMS 0x00000000e0900000| PB 0x00000000e0900000| Untracked 
|  10|0x00000000e0a00000, 0x00000000e0a59270, 0x00000000e0b00000| 34%| O|  |TAMS 0x00000000e0a00000| PB 0x00000000e0a00000| Untracked 
|  11|0x00000000e0b00000, 0x00000000e0c00000, 0x00000000e0c00000|100%|HS|  |TAMS 0x00000000e0b00000| PB 0x00000000e0b00000| Complete 
|  12|0x00000000e0c00000, 0x00000000e0c00000, 0x00000000e0d00000|  0%| F|  |TAMS 0x00000000e0c00000| PB 0x00000000e0c00000| Untracked 
|  13|0x00000000e0d00000, 0x00000000e0d00000, 0x00000000e0e00000|  0%| F|  |TAMS 0x00000000e0d00000| PB 0x00000000e0d00000| Untracked 
|  14|0x00000000e0e00000, 0x00000000e0e00000, 0x00000000e0f00000|  0%| F|  |TAMS 0x00000000e0e00000| PB 0x00000000e0e00000| Untracked 
|  15|0x00000000e0f00000, 0x00000000e0f00000, 0x00000000e1000000|  0%| F|  |TAMS 0x00000000e0f00000| PB 0x00000000e0f00000| Untracked 
|  16|0x00000000e1000000, 0x00000000e1000000, 0x00000000e1100000|  0%| F|  |TAMS 0x00000000e1000000| PB 0x00000000e1000000| Untracked 
|  17|0x00000000e1100000, 0x00000000e1100000, 0x00000000e1200000|  0%| F|  |TAMS 0x00000000e1100000| PB 0x00000000e1100000| Untracked 
|  18|0x00000000e1200000, 0x00000000e1200000, 0x00000000e1300000|  0%| F|  |TAMS 0x00000000e1200000| PB 0x00000000e1200000| Untracked 
|  19|0x00000000e1300000, 0x00000000e1300000, 0x00000000e1400000|  0%| F|  |TAMS 0x00000000e1300000| PB 0x00000000e1300000| Untracked 
|  20|0x00000000e1400000, 0x00000000e1400000, 0x00000000e1500000|  0%| F|  |TAMS 0x00000000e1400000| PB 0x00000000e1400000| Untracked 
|  21|0x00000000e1500000, 0x00000000e1500000, 0x00000000e1600000|  0%| F|  |TAMS 0x00000000e1500000| PB 0x00000000e1500000| Untracked 
|  22|0x00000000e1600000, 0x00000000e1600000, 0x00000000e1700000|  0%| F|  |TAMS 0x00000000e1600000| PB 0x00000000e1600000| Untracked 
|  23|0x00000000e1700000, 0x00000000e1700000, 0x00000000e1800000|  0%| F|  |TAMS 0x00000000e1700000| PB 0x00000000e1700000| Untracked 
|  24|0x00000000e1800000, 0x00000000e1800000, 0x00000000e1900000|  0%| F|  |TAMS 0x00000000e1800000| PB 0x00000000e1800000| Untracked 
|  25|0x00000000e1900000, 0x00000000e1900000, 0x00000000e1a00000|  0%| F|  |TAMS 0x00000000e1900000| PB 0x00000000e1900000| Untracked 
|  26|0x00000000e1a00000, 0x00000000e1a00000, 0x00000000e1b00000|  0%| F|  |TAMS 0x00000000e1a00000| PB 0x00000000e1a00000| Untracked 
|  27|0x00000000e1b00000, 0x00000000e1b00000, 0x00000000e1c00000|  0%| F|  |TAMS 0x00000000e1b00000| PB 0x00000000e1b00000| Untracked 
|  28|0x00000000e1c00000, 0x00000000e1c00000, 0x00000000e1d00000|  0%| F|  |TAMS 0x00000000e1c00000| PB 0x00000000e1c00000| Untracked 
|  29|0x00000000e1d00000, 0x00000000e1d00000, 0x00000000e1e00000|  0%| F|  |TAMS 0x00000000e1d00000| PB 0x00000000e1d00000| Untracked 
|  30|0x00000000e1e00000, 0x00000000e1e00000, 0x00000000e1f00000|  0%| F|  |TAMS 0x00000000e1e00000| PB 0x00000000e1e00000| Untracked 
|  31|0x00000000e1f00000, 0x00000000e1f00000, 0x00000000e2000000|  0%| F|  |TAMS 0x00000000e1f00000| PB 0x00000000e1f00000| Untracked 
|  32|0x00000000e2000000, 0x00000000e2000000, 0x00000000e2100000|  0%| F|  |TAMS 0x00000000e2000000| PB 0x00000000e2000000| Untracked 
|  33|0x00000000e2100000, 0x00000000e2100000, 0x00000000e2200000|  0%| F|  |TAMS 0x00000000e2100000| PB 0x00000000e2100000| Untracked 
|  34|0x00000000e2200000, 0x00000000e2200000, 0x00000000e2300000|  0%| F|  |TAMS 0x00000000e2200000| PB 0x00000000e2200000| Untracked 
|  35|0x00000000e2300000, 0x00000000e2300000, 0x00000000e2400000|  0%| F|  |TAMS 0x00000000e2300000| PB 0x00000000e2300000| Untracked 
|  36|0x00000000e2400000, 0x00000000e2400000, 0x00000000e2500000|  0%| F|  |TAMS 0x00000000e2400000| PB 0x00000000e2400000| Untracked 
|  37|0x00000000e2500000, 0x00000000e2500000, 0x00000000e2600000|  0%| F|  |TAMS 0x00000000e2500000| PB 0x00000000e2500000| Untracked 
|  38|0x00000000e2600000, 0x00000000e2600000, 0x00000000e2700000|  0%| F|  |TAMS 0x00000000e2600000| PB 0x00000000e2600000| Untracked 
|  39|0x00000000e2700000, 0x00000000e2700000, 0x00000000e2800000|  0%| F|  |TAMS 0x00000000e2700000| PB 0x00000000e2700000| Untracked 
|  40|0x00000000e2800000, 0x00000000e2800000, 0x00000000e2900000|  0%| F|  |TAMS 0x00000000e2800000| PB 0x00000000e2800000| Untracked 
|  41|0x00000000e2900000, 0x00000000e2900000, 0x00000000e2a00000|  0%| F|  |TAMS 0x00000000e2900000| PB 0x00000000e2900000| Untracked 
|  42|0x00000000e2a00000, 0x00000000e2a00000, 0x00000000e2b00000|  0%| F|  |TAMS 0x00000000e2a00000| PB 0x00000000e2a00000| Untracked 
|  43|0x00000000e2b00000, 0x00000000e2b00000, 0x00000000e2c00000|  0%| F|  |TAMS 0x00000000e2b00000| PB 0x00000000e2b00000| Untracked 
|  44|0x00000000e2c00000, 0x00000000e2c00000, 0x00000000e2d00000|  0%| F|  |TAMS 0x00000000e2c00000| PB 0x00000000e2c00000| Untracked 
|  45|0x00000000e2d00000, 0x00000000e2d00000, 0x00000000e2e00000|  0%| F|  |TAMS 0x00000000e2d00000| PB 0x00000000e2d00000| Untracked 
|  46|0x00000000e2e00000, 0x00000000e2e00000, 0x00000000e2f00000|  0%| F|  |TAMS 0x00000000e2e00000| PB 0x00000000e2e00000| Untracked 
|  47|0x00000000e2f00000, 0x00000000e2f00000, 0x00000000e3000000|  0%| F|  |TAMS 0x00000000e2f00000| PB 0x00000000e2f00000| Untracked 
|  48|0x00000000e3000000, 0x00000000e3000000, 0x00000000e3100000|  0%| F|  |TAMS 0x00000000e3000000| PB 0x00000000e3000000| Untracked 
|  49|0x00000000e3100000, 0x00000000e3100000, 0x00000000e3200000|  0%| F|  |TAMS 0x00000000e3100000| PB 0x00000000e3100000| Untracked 
|  50|0x00000000e3200000, 0x00000000e3200000, 0x00000000e3300000|  0%| F|  |TAMS 0x00000000e3200000| PB 0x00000000e3200000| Untracked 
|  51|0x00000000e3300000, 0x00000000e3300000, 0x00000000e3400000|  0%| F|  |TAMS 0x00000000e3300000| PB 0x00000000e3300000| Untracked 
|  52|0x00000000e3400000, 0x00000000e3400000, 0x00000000e3500000|  0%| F|  |TAMS 0x00000000e3400000| PB 0x00000000e3400000| Untracked 
|  53|0x00000000e3500000, 0x00000000e3500000, 0x00000000e3600000|  0%| F|  |TAMS 0x00000000e3500000| PB 0x00000000e3500000| Untracked 
|  54|0x00000000e3600000, 0x00000000e3600000, 0x00000000e3700000|  0%| F|  |TAMS 0x00000000e3600000| PB 0x00000000e3600000| Untracked 
|  55|0x00000000e3700000, 0x00000000e3700000, 0x00000000e3800000|  0%| F|  |TAMS 0x00000000e3700000| PB 0x00000000e3700000| Untracked 
|  56|0x00000000e3800000, 0x00000000e3800000, 0x00000000e3900000|  0%| F|  |TAMS 0x00000000e3800000| PB 0x00000000e3800000| Untracked 
|  57|0x00000000e3900000, 0x00000000e3900000, 0x00000000e3a00000|  0%| F|  |TAMS 0x00000000e3900000| PB 0x00000000e3900000| Untracked 
|  58|0x00000000e3a00000, 0x00000000e3a00000, 0x00000000e3b00000|  0%| F|  |TAMS 0x00000000e3a00000| PB 0x00000000e3a00000| Untracked 
|  59|0x00000000e3b00000, 0x00000000e3b00000, 0x00000000e3c00000|  0%| F|  |TAMS 0x00000000e3b00000| PB 0x00000000e3b00000| Untracked 
|  60|0x00000000e3c00000, 0x00000000e3c00000, 0x00000000e3d00000|  0%| F|  |TAMS 0x00000000e3c00000| PB 0x00000000e3c00000| Untracked 
|  61|0x00000000e3d00000, 0x00000000e3d00000, 0x00000000e3e00000|  0%| F|  |TAMS 0x00000000e3d00000| PB 0x00000000e3d00000| Untracked 
|  62|0x00000000e3e00000, 0x00000000e3e00000, 0x00000000e3f00000|  0%| F|  |TAMS 0x00000000e3e00000| PB 0x00000000e3e00000| Untracked 
|  63|0x00000000e3f00000, 0x00000000e3f00000, 0x00000000e4000000|  0%| F|  |TAMS 0x00000000e3f00000| PB 0x00000000e3f00000| Untracked 
|  64|0x00000000e4000000, 0x00000000e4000000, 0x00000000e4100000|  0%| F|  |TAMS 0x00000000e4000000| PB 0x00000000e4000000| Untracked 
|  65|0x00000000e4100000, 0x00000000e4100000, 0x00000000e4200000|  0%| F|  |TAMS 0x00000000e4100000| PB 0x00000000e4100000| Untracked 
|  66|0x00000000e4200000, 0x00000000e4200000, 0x00000000e4300000|  0%| F|  |TAMS 0x00000000e4200000| PB 0x00000000e4200000| Untracked 
|  67|0x00000000e4300000, 0x00000000e4300000, 0x00000000e4400000|  0%| F|  |TAMS 0x00000000e4300000| PB 0x00000000e4300000| Untracked 
|  68|0x00000000e4400000, 0x00000000e4400000, 0x00000000e4500000|  0%| F|  |TAMS 0x00000000e4400000| PB 0x00000000e4400000| Untracked 
|  69|0x00000000e4500000, 0x00000000e4500000, 0x00000000e4600000|  0%| F|  |TAMS 0x00000000e4500000| PB 0x00000000e4500000| Untracked 
|  70|0x00000000e4600000, 0x00000000e4600000, 0x00000000e4700000|  0%| F|  |TAMS 0x00000000e4600000| PB 0x00000000e4600000| Untracked 
|  71|0x00000000e4700000, 0x00000000e4700000, 0x00000000e4800000|  0%| F|  |TAMS 0x00000000e4700000| PB 0x00000000e4700000| Untracked 
|  72|0x00000000e4800000, 0x00000000e4800000, 0x00000000e4900000|  0%| F|  |TAMS 0x00000000e4800000| PB 0x00000000e4800000| Untracked 
|  73|0x00000000e4900000, 0x00000000e4900000, 0x00000000e4a00000|  0%| F|  |TAMS 0x00000000e4900000| PB 0x00000000e4900000| Untracked 
|  74|0x00000000e4a00000, 0x00000000e4a00000, 0x00000000e4b00000|  0%| F|  |TAMS 0x00000000e4a00000| PB 0x00000000e4a00000| Untracked 
|  75|0x00000000e4b00000, 0x00000000e4b00000, 0x00000000e4c00000|  0%| F|  |TAMS 0x00000000e4b00000| PB 0x00000000e4b00000| Untracked 
|  76|0x00000000e4c00000, 0x00000000e4c00000, 0x00000000e4d00000|  0%| F|  |TAMS 0x00000000e4c00000| PB 0x00000000e4c00000| Untracked 
|  77|0x00000000e4d00000, 0x00000000e4d00000, 0x00000000e4e00000|  0%| F|  |TAMS 0x00000000e4d00000| PB 0x00000000e4d00000| Untracked 
|  78|0x00000000e4e00000, 0x00000000e4e00000, 0x00000000e4f00000|  0%| F|  |TAMS 0x00000000e4e00000| PB 0x00000000e4e00000| Untracked 
|  79|0x00000000e4f00000, 0x00000000e4f00000, 0x00000000e5000000|  0%| F|  |TAMS 0x00000000e4f00000| PB 0x00000000e4f00000| Untracked 
|  80|0x00000000e5000000, 0x00000000e5000000, 0x00000000e5100000|  0%| F|  |TAMS 0x00000000e5000000| PB 0x00000000e5000000| Untracked 
|  81|0x00000000e5100000, 0x00000000e5100000, 0x00000000e5200000|  0%| F|  |TAMS 0x00000000e5100000| PB 0x00000000e5100000| Untracked 
|  82|0x00000000e5200000, 0x00000000e5200000, 0x00000000e5300000|  0%| F|  |TAMS 0x00000000e5200000| PB 0x00000000e5200000| Untracked 
|  83|0x00000000e5300000, 0x00000000e5300000, 0x00000000e5400000|  0%| F|  |TAMS 0x00000000e5300000| PB 0x00000000e5300000| Untracked 
|  84|0x00000000e5400000, 0x00000000e5400000, 0x00000000e5500000|  0%| F|  |TAMS 0x00000000e5400000| PB 0x00000000e5400000| Untracked 
|  85|0x00000000e5500000, 0x00000000e5500000, 0x00000000e5600000|  0%| F|  |TAMS 0x00000000e5500000| PB 0x00000000e5500000| Untracked 
|  86|0x00000000e5600000, 0x00000000e5600000, 0x00000000e5700000|  0%| F|  |TAMS 0x00000000e5600000| PB 0x00000000e5600000| Untracked 
|  87|0x00000000e5700000, 0x00000000e5700000, 0x00000000e5800000|  0%| F|  |TAMS 0x00000000e5700000| PB 0x00000000e5700000| Untracked 
|  88|0x00000000e5800000, 0x00000000e5800000, 0x00000000e5900000|  0%| F|  |TAMS 0x00000000e5800000| PB 0x00000000e5800000| Untracked 
|  89|0x00000000e5900000, 0x00000000e5900000, 0x00000000e5a00000|  0%| F|  |TAMS 0x00000000e5900000| PB 0x00000000e5900000| Untracked 
|  90|0x00000000e5a00000, 0x00000000e5a00000, 0x00000000e5b00000|  0%| F|  |TAMS 0x00000000e5a00000| PB 0x00000000e5a00000| Untracked 
|  91|0x00000000e5b00000, 0x00000000e5b00000, 0x00000000e5c00000|  0%| F|  |TAMS 0x00000000e5b00000| PB 0x00000000e5b00000| Untracked 
|  92|0x00000000e5c00000, 0x00000000e5c00000, 0x00000000e5d00000|  0%| F|  |TAMS 0x00000000e5c00000| PB 0x00000000e5c00000| Untracked 
|  93|0x00000000e5d00000, 0x00000000e5d00000, 0x00000000e5e00000|  0%| F|  |TAMS 0x00000000e5d00000| PB 0x00000000e5d00000| Untracked 
|  94|0x00000000e5e00000, 0x00000000e5e00000, 0x00000000e5f00000|  0%| F|  |TAMS 0x00000000e5e00000| PB 0x00000000e5e00000| Untracked 
|  95|0x00000000e5f00000, 0x00000000e5f00000, 0x00000000e6000000|  0%| F|  |TAMS 0x00000000e5f00000| PB 0x00000000e5f00000| Untracked 
|  96|0x00000000e6000000, 0x00000000e6000000, 0x00000000e6100000|  0%| F|  |TAMS 0x00000000e6000000| PB 0x00000000e6000000| Untracked 
|  97|0x00000000e6100000, 0x00000000e6100000, 0x00000000e6200000|  0%| F|  |TAMS 0x00000000e6100000| PB 0x00000000e6100000| Untracked 
|  98|0x00000000e6200000, 0x00000000e6200000, 0x00000000e6300000|  0%| F|  |TAMS 0x00000000e6200000| PB 0x00000000e6200000| Untracked 
|  99|0x00000000e6300000, 0x00000000e6300000, 0x00000000e6400000|  0%| F|  |TAMS 0x00000000e6300000| PB 0x00000000e6300000| Untracked 
| 100|0x00000000e6400000, 0x00000000e6400000, 0x00000000e6500000|  0%| F|  |TAMS 0x00000000e6400000| PB 0x00000000e6400000| Untracked 
| 101|0x00000000e6500000, 0x00000000e6500000, 0x00000000e6600000|  0%| F|  |TAMS 0x00000000e6500000| PB 0x00000000e6500000| Untracked 
| 102|0x00000000e6600000, 0x00000000e6600000, 0x00000000e6700000|  0%| F|  |TAMS 0x00000000e6600000| PB 0x00000000e6600000| Untracked 
| 103|0x00000000e6700000, 0x00000000e6700000, 0x00000000e6800000|  0%| F|  |TAMS 0x00000000e6700000| PB 0x00000000e6700000| Untracked 
| 104|0x00000000e6800000, 0x00000000e6800000, 0x00000000e6900000|  0%| F|  |TAMS 0x00000000e6800000| PB 0x00000000e6800000| Untracked 
| 105|0x00000000e6900000, 0x00000000e6900000, 0x00000000e6a00000|  0%| F|  |TAMS 0x00000000e6900000| PB 0x00000000e6900000| Untracked 
| 106|0x00000000e6a00000, 0x00000000e6a00000, 0x00000000e6b00000|  0%| F|  |TAMS 0x00000000e6a00000| PB 0x00000000e6a00000| Untracked 
| 107|0x00000000e6b00000, 0x00000000e6b00000, 0x00000000e6c00000|  0%| F|  |TAMS 0x00000000e6b00000| PB 0x00000000e6b00000| Untracked 
| 108|0x00000000e6c00000, 0x00000000e6c00000, 0x00000000e6d00000|  0%| F|  |TAMS 0x00000000e6c00000| PB 0x00000000e6c00000| Untracked 
| 109|0x00000000e6d00000, 0x00000000e6d00000, 0x00000000e6e00000|  0%| F|  |TAMS 0x00000000e6d00000| PB 0x00000000e6d00000| Untracked 
| 110|0x00000000e6e00000, 0x00000000e6e00000, 0x00000000e6f00000|  0%| F|  |TAMS 0x00000000e6e00000| PB 0x00000000e6e00000| Untracked 
| 111|0x00000000e6f00000, 0x00000000e6f00000, 0x00000000e7000000|  0%| F|  |TAMS 0x00000000e6f00000| PB 0x00000000e6f00000| Untracked 
| 112|0x00000000e7000000, 0x00000000e7000000, 0x00000000e7100000|  0%| F|  |TAMS 0x00000000e7000000| PB 0x00000000e7000000| Untracked 
| 113|0x00000000e7100000, 0x00000000e7100000, 0x00000000e7200000|  0%| F|  |TAMS 0x00000000e7100000| PB 0x00000000e7100000| Untracked 
| 114|0x00000000e7200000, 0x00000000e7200000, 0x00000000e7300000|  0%| F|  |TAMS 0x00000000e7200000| PB 0x00000000e7200000| Untracked 
| 115|0x00000000e7300000, 0x00000000e7300000, 0x00000000e7400000|  0%| F|  |TAMS 0x00000000e7300000| PB 0x00000000e7300000| Untracked 
| 116|0x00000000e7400000, 0x00000000e7400000, 0x00000000e7500000|  0%| F|  |TAMS 0x00000000e7400000| PB 0x00000000e7400000| Untracked 
| 117|0x00000000e7500000, 0x00000000e7500000, 0x00000000e7600000|  0%| F|  |TAMS 0x00000000e7500000| PB 0x00000000e7500000| Untracked 
| 118|0x00000000e7600000, 0x00000000e7600000, 0x00000000e7700000|  0%| F|  |TAMS 0x00000000e7600000| PB 0x00000000e7600000| Untracked 
| 119|0x00000000e7700000, 0x00000000e7700000, 0x00000000e7800000|  0%| F|  |TAMS 0x00000000e7700000| PB 0x00000000e7700000| Untracked 
| 120|0x00000000e7800000, 0x00000000e7800000, 0x00000000e7900000|  0%| F|  |TAMS 0x00000000e7800000| PB 0x00000000e7800000| Untracked 
| 121|0x00000000e7900000, 0x00000000e7900000, 0x00000000e7a00000|  0%| F|  |TAMS 0x00000000e7900000| PB 0x00000000e7900000| Untracked 
| 122|0x00000000e7a00000, 0x00000000e7a00000, 0x00000000e7b00000|  0%| F|  |TAMS 0x00000000e7a00000| PB 0x00000000e7a00000| Untracked 
| 123|0x00000000e7b00000, 0x00000000e7b00000, 0x00000000e7c00000|  0%| F|  |TAMS 0x00000000e7b00000| PB 0x00000000e7b00000| Untracked 
| 124|0x00000000e7c00000, 0x00000000e7c00000, 0x00000000e7d00000|  0%| F|  |TAMS 0x00000000e7c00000| PB 0x00000000e7c00000| Untracked 
| 125|0x00000000e7d00000, 0x00000000e7d00000, 0x00000000e7e00000|  0%| F|  |TAMS 0x00000000e7d00000| PB 0x00000000e7d00000| Untracked 
| 126|0x00000000e7e00000, 0x00000000e7e00000, 0x00000000e7f00000|  0%| F|  |TAMS 0x00000000e7e00000| PB 0x00000000e7e00000| Untracked 
| 127|0x00000000e7f00000, 0x00000000e7f00000, 0x00000000e8000000|  0%| F|  |TAMS 0x00000000e7f00000| PB 0x00000000e7f00000| Untracked 
| 128|0x00000000e8000000, 0x00000000e8000000, 0x00000000e8100000|  0%| F|  |TAMS 0x00000000e8000000| PB 0x00000000e8000000| Untracked 
| 129|0x00000000e8100000, 0x00000000e8100000, 0x00000000e8200000|  0%| F|  |TAMS 0x00000000e8100000| PB 0x00000000e8100000| Untracked 
| 130|0x00000000e8200000, 0x00000000e8200000, 0x00000000e8300000|  0%| F|  |TAMS 0x00000000e8200000| PB 0x00000000e8200000| Untracked 
| 131|0x00000000e8300000, 0x00000000e8300000, 0x00000000e8400000|  0%| F|  |TAMS 0x00000000e8300000| PB 0x00000000e8300000| Untracked 
| 132|0x00000000e8400000, 0x00000000e8400000, 0x00000000e8500000|  0%| F|  |TAMS 0x00000000e8400000| PB 0x00000000e8400000| Untracked 
| 133|0x00000000e8500000, 0x00000000e8500000, 0x00000000e8600000|  0%| F|  |TAMS 0x00000000e8500000| PB 0x00000000e8500000| Untracked 
| 134|0x00000000e8600000, 0x00000000e8600000, 0x00000000e8700000|  0%| F|  |TAMS 0x00000000e8600000| PB 0x00000000e8600000| Untracked 
| 135|0x00000000e8700000, 0x00000000e8700000, 0x00000000e8800000|  0%| F|  |TAMS 0x00000000e8700000| PB 0x00000000e8700000| Untracked 
| 136|0x00000000e8800000, 0x00000000e8800000, 0x00000000e8900000|  0%| F|  |TAMS 0x00000000e8800000| PB 0x00000000e8800000| Untracked 
| 137|0x00000000e8900000, 0x00000000e8900000, 0x00000000e8a00000|  0%| F|  |TAMS 0x00000000e8900000| PB 0x00000000e8900000| Untracked 
| 138|0x00000000e8a00000, 0x00000000e8a00000, 0x00000000e8b00000|  0%| F|  |TAMS 0x00000000e8a00000| PB 0x00000000e8a00000| Untracked 
| 139|0x00000000e8b00000, 0x00000000e8b00000, 0x00000000e8c00000|  0%| F|  |TAMS 0x00000000e8b00000| PB 0x00000000e8b00000| Untracked 
| 140|0x00000000e8c00000, 0x00000000e8c00000, 0x00000000e8d00000|  0%| F|  |TAMS 0x00000000e8c00000| PB 0x00000000e8c00000| Untracked 
| 141|0x00000000e8d00000, 0x00000000e8d00000, 0x00000000e8e00000|  0%| F|  |TAMS 0x00000000e8d00000| PB 0x00000000e8d00000| Untracked 
| 142|0x00000000e8e00000, 0x00000000e8e00000, 0x00000000e8f00000|  0%| F|  |TAMS 0x00000000e8e00000| PB 0x00000000e8e00000| Untracked 
| 143|0x00000000e8f00000, 0x00000000e8f00000, 0x00000000e9000000|  0%| F|  |TAMS 0x00000000e8f00000| PB 0x00000000e8f00000| Untracked 
| 144|0x00000000e9000000, 0x00000000e9000000, 0x00000000e9100000|  0%| F|  |TAMS 0x00000000e9000000| PB 0x00000000e9000000| Untracked 
| 145|0x00000000e9100000, 0x00000000e9100000, 0x00000000e9200000|  0%| F|  |TAMS 0x00000000e9100000| PB 0x00000000e9100000| Untracked 
| 146|0x00000000e9200000, 0x00000000e9200000, 0x00000000e9300000|  0%| F|  |TAMS 0x00000000e9200000| PB 0x00000000e9200000| Untracked 
| 147|0x00000000e9300000, 0x00000000e9300000, 0x00000000e9400000|  0%| F|  |TAMS 0x00000000e9300000| PB 0x00000000e9300000| Untracked 
| 148|0x00000000e9400000, 0x00000000e9400000, 0x00000000e9500000|  0%| F|  |TAMS 0x00000000e9400000| PB 0x00000000e9400000| Untracked 
| 149|0x00000000e9500000, 0x00000000e9500000, 0x00000000e9600000|  0%| F|  |TAMS 0x00000000e9500000| PB 0x00000000e9500000| Untracked 
| 150|0x00000000e9600000, 0x00000000e9600000, 0x00000000e9700000|  0%| F|  |TAMS 0x00000000e9600000| PB 0x00000000e9600000| Untracked 
| 151|0x00000000e9700000, 0x00000000e9700000, 0x00000000e9800000|  0%| F|  |TAMS 0x00000000e9700000| PB 0x00000000e9700000| Untracked 
| 152|0x00000000e9800000, 0x00000000e9800000, 0x00000000e9900000|  0%| F|  |TAMS 0x00000000e9800000| PB 0x00000000e9800000| Untracked 
| 153|0x00000000e9900000, 0x00000000e9900000, 0x00000000e9a00000|  0%| F|  |TAMS 0x00000000e9900000| PB 0x00000000e9900000| Untracked 
| 154|0x00000000e9a00000, 0x00000000e9a00000, 0x00000000e9b00000|  0%| F|  |TAMS 0x00000000e9a00000| PB 0x00000000e9a00000| Untracked 
| 155|0x00000000e9b00000, 0x00000000e9b00000, 0x00000000e9c00000|  0%| F|  |TAMS 0x00000000e9b00000| PB 0x00000000e9b00000| Untracked 
| 156|0x00000000e9c00000, 0x00000000e9c00000, 0x00000000e9d00000|  0%| F|  |TAMS 0x00000000e9c00000| PB 0x00000000e9c00000| Untracked 
| 157|0x00000000e9d00000, 0x00000000e9d00000, 0x00000000e9e00000|  0%| F|  |TAMS 0x00000000e9d00000| PB 0x00000000e9d00000| Untracked 
| 158|0x00000000e9e00000, 0x00000000e9e00000, 0x00000000e9f00000|  0%| F|  |TAMS 0x00000000e9e00000| PB 0x00000000e9e00000| Untracked 
| 159|0x00000000e9f00000, 0x00000000e9f00000, 0x00000000ea000000|  0%| F|  |TAMS 0x00000000e9f00000| PB 0x00000000e9f00000| Untracked 
| 160|0x00000000ea000000, 0x00000000ea000000, 0x00000000ea100000|  0%| F|  |TAMS 0x00000000ea000000| PB 0x00000000ea000000| Untracked 
| 161|0x00000000ea100000, 0x00000000ea100000, 0x00000000ea200000|  0%| F|  |TAMS 0x00000000ea100000| PB 0x00000000ea100000| Untracked 
| 162|0x00000000ea200000, 0x00000000ea200000, 0x00000000ea300000|  0%| F|  |TAMS 0x00000000ea200000| PB 0x00000000ea200000| Untracked 
| 163|0x00000000ea300000, 0x00000000ea300000, 0x00000000ea400000|  0%| F|  |TAMS 0x00000000ea300000| PB 0x00000000ea300000| Untracked 
| 164|0x00000000ea400000, 0x00000000ea400000, 0x00000000ea500000|  0%| F|  |TAMS 0x00000000ea400000| PB 0x00000000ea400000| Untracked 
| 165|0x00000000ea500000, 0x00000000ea500000, 0x00000000ea600000|  0%| F|  |TAMS 0x00000000ea500000| PB 0x00000000ea500000| Untracked 
| 166|0x00000000ea600000, 0x00000000ea600000, 0x00000000ea700000|  0%| F|  |TAMS 0x00000000ea600000| PB 0x00000000ea600000| Untracked 
| 167|0x00000000ea700000, 0x00000000ea700000, 0x00000000ea800000|  0%| F|  |TAMS 0x00000000ea700000| PB 0x00000000ea700000| Untracked 
| 168|0x00000000ea800000, 0x00000000ea800000, 0x00000000ea900000|  0%| F|  |TAMS 0x00000000ea800000| PB 0x00000000ea800000| Untracked 
| 169|0x00000000ea900000, 0x00000000ea900000, 0x00000000eaa00000|  0%| F|  |TAMS 0x00000000ea900000| PB 0x00000000ea900000| Untracked 
| 170|0x00000000eaa00000, 0x00000000eaa00000, 0x00000000eab00000|  0%| F|  |TAMS 0x00000000eaa00000| PB 0x00000000eaa00000| Untracked 
| 171|0x00000000eab00000, 0x00000000eab00000, 0x00000000eac00000|  0%| F|  |TAMS 0x00000000eab00000| PB 0x00000000eab00000| Untracked 
| 172|0x00000000eac00000, 0x00000000eac00000, 0x00000000ead00000|  0%| F|  |TAMS 0x00000000eac00000| PB 0x00000000eac00000| Untracked 
| 173|0x00000000ead00000, 0x00000000ead00000, 0x00000000eae00000|  0%| F|  |TAMS 0x00000000ead00000| PB 0x00000000ead00000| Untracked 
| 174|0x00000000eae00000, 0x00000000eae00000, 0x00000000eaf00000|  0%| F|  |TAMS 0x00000000eae00000| PB 0x00000000eae00000| Untracked 
| 175|0x00000000eaf00000, 0x00000000eaf00000, 0x00000000eb000000|  0%| F|  |TAMS 0x00000000eaf00000| PB 0x00000000eaf00000| Untracked 
| 176|0x00000000eb000000, 0x00000000eb000000, 0x00000000eb100000|  0%| F|  |TAMS 0x00000000eb000000| PB 0x00000000eb000000| Untracked 
| 177|0x00000000eb100000, 0x00000000eb100000, 0x00000000eb200000|  0%| F|  |TAMS 0x00000000eb100000| PB 0x00000000eb100000| Untracked 
| 178|0x00000000eb200000, 0x00000000eb200000, 0x00000000eb300000|  0%| F|  |TAMS 0x00000000eb200000| PB 0x00000000eb200000| Untracked 
| 179|0x00000000eb300000, 0x00000000eb300000, 0x00000000eb400000|  0%| F|  |TAMS 0x00000000eb300000| PB 0x00000000eb300000| Untracked 
| 180|0x00000000eb400000, 0x00000000eb400000, 0x00000000eb500000|  0%| F|  |TAMS 0x00000000eb400000| PB 0x00000000eb400000| Untracked 
| 181|0x00000000eb500000, 0x00000000eb500000, 0x00000000eb600000|  0%| F|  |TAMS 0x00000000eb500000| PB 0x00000000eb500000| Untracked 
| 182|0x00000000eb600000, 0x00000000eb600000, 0x00000000eb700000|  0%| F|  |TAMS 0x00000000eb600000| PB 0x00000000eb600000| Untracked 
| 183|0x00000000eb700000, 0x00000000eb700000, 0x00000000eb800000|  0%| F|  |TAMS 0x00000000eb700000| PB 0x00000000eb700000| Untracked 
| 184|0x00000000eb800000, 0x00000000eb8a9de8, 0x00000000eb900000| 66%| E|  |TAMS 0x00000000eb800000| PB 0x00000000eb800000| Complete 
| 185|0x00000000eb900000, 0x00000000eba00000, 0x00000000eba00000|100%| E|CS|TAMS 0x00000000eb900000| PB 0x00000000eb900000| Complete 
| 186|0x00000000eba00000, 0x00000000ebb00000, 0x00000000ebb00000|100%| E|CS|TAMS 0x00000000eba00000| PB 0x00000000eba00000| Complete 
| 187|0x00000000ebb00000, 0x00000000ebb27bc0, 0x00000000ebc00000| 15%| S|CS|TAMS 0x00000000ebb00000| PB 0x00000000ebb00000| Complete 
| 188|0x00000000ebc00000, 0x00000000ebd00000, 0x00000000ebd00000|100%| S|CS|TAMS 0x00000000ebc00000| PB 0x00000000ebc00000| Complete 
| 189|0x00000000ebd00000, 0x00000000ebe00000, 0x00000000ebe00000|100%| S|CS|TAMS 0x00000000ebd00000| PB 0x00000000ebd00000| Complete 
| 190|0x00000000ebe00000, 0x00000000ebf00000, 0x00000000ebf00000|100%| S|CS|TAMS 0x00000000ebe00000| PB 0x00000000ebe00000| Complete 
| 191|0x00000000ebf00000, 0x00000000ec000000, 0x00000000ec000000|100%| S|CS|TAMS 0x00000000ebf00000| PB 0x00000000ebf00000| Complete 
| 192|0x00000000ec000000, 0x00000000ec100000, 0x00000000ec100000|100%| S|CS|TAMS 0x00000000ec000000| PB 0x00000000ec000000| Complete 
| 193|0x00000000ec100000, 0x00000000ec200000, 0x00000000ec200000|100%| S|CS|TAMS 0x00000000ec100000| PB 0x00000000ec100000| Complete 
| 194|0x00000000ec200000, 0x00000000ec300000, 0x00000000ec300000|100%| S|CS|TAMS 0x00000000ec200000| PB 0x00000000ec200000| Complete 
| 195|0x00000000ec300000, 0x00000000ec400000, 0x00000000ec400000|100%| S|CS|TAMS 0x00000000ec300000| PB 0x00000000ec300000| Complete 
| 196|0x00000000ec400000, 0x00000000ec500000, 0x00000000ec500000|100%| S|CS|TAMS 0x00000000ec400000| PB 0x00000000ec400000| Complete 
| 197|0x00000000ec500000, 0x00000000ec600000, 0x00000000ec600000|100%| S|CS|TAMS 0x00000000ec500000| PB 0x00000000ec500000| Complete 
| 198|0x00000000ec600000, 0x00000000ec700000, 0x00000000ec700000|100%| S|CS|TAMS 0x00000000ec600000| PB 0x00000000ec600000| Complete 
| 199|0x00000000ec700000, 0x00000000ec800000, 0x00000000ec800000|100%| S|CS|TAMS 0x00000000ec700000| PB 0x00000000ec700000| Complete 
| 200|0x00000000ec800000, 0x00000000ec900000, 0x00000000ec900000|100%| S|CS|TAMS 0x00000000ec800000| PB 0x00000000ec800000| Complete 
| 201|0x00000000ec900000, 0x00000000eca00000, 0x00000000eca00000|100%| E|CS|TAMS 0x00000000ec900000| PB 0x00000000ec900000| Complete 
| 202|0x00000000eca00000, 0x00000000ecb00000, 0x00000000ecb00000|100%| E|CS|TAMS 0x00000000eca00000| PB 0x00000000eca00000| Complete 
| 203|0x00000000ecb00000, 0x00000000ecc00000, 0x00000000ecc00000|100%| E|CS|TAMS 0x00000000ecb00000| PB 0x00000000ecb00000| Complete 
| 204|0x00000000ecc00000, 0x00000000ecd00000, 0x00000000ecd00000|100%| E|CS|TAMS 0x00000000ecc00000| PB 0x00000000ecc00000| Complete 
| 205|0x00000000ecd00000, 0x00000000ece00000, 0x00000000ece00000|100%| E|CS|TAMS 0x00000000ecd00000| PB 0x00000000ecd00000| Complete 
| 206|0x00000000ece00000, 0x00000000ecf00000, 0x00000000ecf00000|100%| E|CS|TAMS 0x00000000ece00000| PB 0x00000000ece00000| Complete 
| 207|0x00000000ecf00000, 0x00000000ed000000, 0x00000000ed000000|100%| E|CS|TAMS 0x00000000ecf00000| PB 0x00000000ecf00000| Complete 
| 208|0x00000000ed000000, 0x00000000ed100000, 0x00000000ed100000|100%| E|CS|TAMS 0x00000000ed000000| PB 0x00000000ed000000| Complete 
| 209|0x00000000ed100000, 0x00000000ed200000, 0x00000000ed200000|100%| E|CS|TAMS 0x00000000ed100000| PB 0x00000000ed100000| Complete 
| 210|0x00000000ed200000, 0x00000000ed300000, 0x00000000ed300000|100%| E|CS|TAMS 0x00000000ed200000| PB 0x00000000ed200000| Complete 
| 211|0x00000000ed300000, 0x00000000ed400000, 0x00000000ed400000|100%| E|CS|TAMS 0x00000000ed300000| PB 0x00000000ed300000| Complete 
| 212|0x00000000ed400000, 0x00000000ed500000, 0x00000000ed500000|100%| E|CS|TAMS 0x00000000ed400000| PB 0x00000000ed400000| Complete 
| 213|0x00000000ed500000, 0x00000000ed600000, 0x00000000ed600000|100%| E|CS|TAMS 0x00000000ed500000| PB 0x00000000ed500000| Complete 
| 214|0x00000000ed600000, 0x00000000ed700000, 0x00000000ed700000|100%| E|CS|TAMS 0x00000000ed600000| PB 0x00000000ed600000| Complete 
| 215|0x00000000ed700000, 0x00000000ed800000, 0x00000000ed800000|100%| E|CS|TAMS 0x00000000ed700000| PB 0x00000000ed700000| Complete 
| 216|0x00000000ed800000, 0x00000000ed900000, 0x00000000ed900000|100%| E|CS|TAMS 0x00000000ed800000| PB 0x00000000ed800000| Complete 
| 217|0x00000000ed900000, 0x00000000eda00000, 0x00000000eda00000|100%| E|CS|TAMS 0x00000000ed900000| PB 0x00000000ed900000| Complete 
| 218|0x00000000eda00000, 0x00000000edb00000, 0x00000000edb00000|100%| E|CS|TAMS 0x00000000eda00000| PB 0x00000000eda00000| Complete 
| 219|0x00000000edb00000, 0x00000000edc00000, 0x00000000edc00000|100%| E|CS|TAMS 0x00000000edb00000| PB 0x00000000edb00000| Complete 
| 220|0x00000000edc00000, 0x00000000edd00000, 0x00000000edd00000|100%| E|CS|TAMS 0x00000000edc00000| PB 0x00000000edc00000| Complete 
| 221|0x00000000edd00000, 0x00000000ede00000, 0x00000000ede00000|100%| E|CS|TAMS 0x00000000edd00000| PB 0x00000000edd00000| Complete 
| 222|0x00000000ede00000, 0x00000000edf00000, 0x00000000edf00000|100%| E|CS|TAMS 0x00000000ede00000| PB 0x00000000ede00000| Complete 
| 223|0x00000000edf00000, 0x00000000ee000000, 0x00000000ee000000|100%| E|CS|TAMS 0x00000000edf00000| PB 0x00000000edf00000| Complete 
| 224|0x00000000ee000000, 0x00000000ee100000, 0x00000000ee100000|100%| E|CS|TAMS 0x00000000ee000000| PB 0x00000000ee000000| Complete 
| 225|0x00000000ee100000, 0x00000000ee200000, 0x00000000ee200000|100%| E|CS|TAMS 0x00000000ee100000| PB 0x00000000ee100000| Complete 
| 226|0x00000000ee200000, 0x00000000ee300000, 0x00000000ee300000|100%| E|CS|TAMS 0x00000000ee200000| PB 0x00000000ee200000| Complete 
| 227|0x00000000ee300000, 0x00000000ee400000, 0x00000000ee400000|100%| E|CS|TAMS 0x00000000ee300000| PB 0x00000000ee300000| Complete 
| 228|0x00000000ee400000, 0x00000000ee500000, 0x00000000ee500000|100%| E|CS|TAMS 0x00000000ee400000| PB 0x00000000ee400000| Complete 
| 229|0x00000000ee500000, 0x00000000ee600000, 0x00000000ee600000|100%| E|CS|TAMS 0x00000000ee500000| PB 0x00000000ee500000| Complete 
| 230|0x00000000ee600000, 0x00000000ee700000, 0x00000000ee700000|100%| E|CS|TAMS 0x00000000ee600000| PB 0x00000000ee600000| Complete 
| 231|0x00000000ee700000, 0x00000000ee800000, 0x00000000ee800000|100%| E|CS|TAMS 0x00000000ee700000| PB 0x00000000ee700000| Complete 
| 232|0x00000000ee800000, 0x00000000ee900000, 0x00000000ee900000|100%| E|CS|TAMS 0x00000000ee800000| PB 0x00000000ee800000| Complete 
| 233|0x00000000ee900000, 0x00000000eea00000, 0x00000000eea00000|100%| E|CS|TAMS 0x00000000ee900000| PB 0x00000000ee900000| Complete 
| 234|0x00000000eea00000, 0x00000000eeb00000, 0x00000000eeb00000|100%| E|CS|TAMS 0x00000000eea00000| PB 0x00000000eea00000| Complete 
| 235|0x00000000eeb00000, 0x00000000eec00000, 0x00000000eec00000|100%| E|CS|TAMS 0x00000000eeb00000| PB 0x00000000eeb00000| Complete 
| 236|0x00000000eec00000, 0x00000000eed00000, 0x00000000eed00000|100%| E|CS|TAMS 0x00000000eec00000| PB 0x00000000eec00000| Complete 
| 237|0x00000000eed00000, 0x00000000eee00000, 0x00000000eee00000|100%| E|CS|TAMS 0x00000000eed00000| PB 0x00000000eed00000| Complete 
| 238|0x00000000eee00000, 0x00000000eef00000, 0x00000000eef00000|100%| E|CS|TAMS 0x00000000eee00000| PB 0x00000000eee00000| Complete 
| 239|0x00000000eef00000, 0x00000000ef000000, 0x00000000ef000000|100%| E|CS|TAMS 0x00000000eef00000| PB 0x00000000eef00000| Complete 
| 240|0x00000000ef000000, 0x00000000ef100000, 0x00000000ef100000|100%| E|CS|TAMS 0x00000000ef000000| PB 0x00000000ef000000| Complete 
| 241|0x00000000ef100000, 0x00000000ef200000, 0x00000000ef200000|100%| E|CS|TAMS 0x00000000ef100000| PB 0x00000000ef100000| Complete 
| 242|0x00000000ef200000, 0x00000000ef300000, 0x00000000ef300000|100%| E|CS|TAMS 0x00000000ef200000| PB 0x00000000ef200000| Complete 
| 243|0x00000000ef300000, 0x00000000ef400000, 0x00000000ef400000|100%| E|CS|TAMS 0x00000000ef300000| PB 0x00000000ef300000| Complete 
| 244|0x00000000ef400000, 0x00000000ef500000, 0x00000000ef500000|100%| E|CS|TAMS 0x00000000ef400000| PB 0x00000000ef400000| Complete 
| 245|0x00000000ef500000, 0x00000000ef600000, 0x00000000ef600000|100%| E|CS|TAMS 0x00000000ef500000| PB 0x00000000ef500000| Complete 
| 246|0x00000000ef600000, 0x00000000ef700000, 0x00000000ef700000|100%| E|CS|TAMS 0x00000000ef600000| PB 0x00000000ef600000| Complete 
| 247|0x00000000ef700000, 0x00000000ef800000, 0x00000000ef800000|100%| E|CS|TAMS 0x00000000ef700000| PB 0x00000000ef700000| Complete 
| 248|0x00000000ef800000, 0x00000000ef900000, 0x00000000ef900000|100%| E|CS|TAMS 0x00000000ef800000| PB 0x00000000ef800000| Complete 
| 249|0x00000000ef900000, 0x00000000efa00000, 0x00000000efa00000|100%| E|CS|TAMS 0x00000000ef900000| PB 0x00000000ef900000| Complete 
| 250|0x00000000efa00000, 0x00000000efb00000, 0x00000000efb00000|100%| E|CS|TAMS 0x00000000efa00000| PB 0x00000000efa00000| Complete 
| 251|0x00000000efb00000, 0x00000000efc00000, 0x00000000efc00000|100%| E|CS|TAMS 0x00000000efb00000| PB 0x00000000efb00000| Complete 
| 252|0x00000000efc00000, 0x00000000efd00000, 0x00000000efd00000|100%| E|CS|TAMS 0x00000000efc00000| PB 0x00000000efc00000| Complete 
| 253|0x00000000efd00000, 0x00000000efe00000, 0x00000000efe00000|100%| E|CS|TAMS 0x00000000efd00000| PB 0x00000000efd00000| Complete 
| 254|0x00000000efe00000, 0x00000000eff00000, 0x00000000eff00000|100%| E|CS|TAMS 0x00000000efe00000| PB 0x00000000efe00000| Complete 
| 255|0x00000000eff00000, 0x00000000f0000000, 0x00000000f0000000|100%| E|CS|TAMS 0x00000000eff00000| PB 0x00000000eff00000| Complete 

Card table byte_map: [0x000001fd51260000,0x000001fd51360000] _byte_map_base: 0x000001fd50b60000

Marking Bits: (CMBitMap*) 0x000001fd3ec5b370
 Bits: [0x000001fd51360000, 0x000001fd51b60000)

Polling page: 0x000001fd3c8d0000

Metaspace:

Usage:
  Non-class:     23.22 MB used.
      Class:      4.13 MB used.
       Both:     27.35 MB used.

Virtual space:
  Non-class space:       64.00 MB reserved,      23.75 MB ( 37%) committed,  1 nodes.
      Class space:      320.00 MB reserved,       4.69 MB (  1%) committed,  1 nodes.
             Both:      384.00 MB reserved,      28.44 MB (  7%) committed. 

Chunk freelists:
   Non-Class:  8.19 MB
       Class:  11.19 MB
        Both:  19.38 MB

MaxMetaspaceSize: 384.00 MB
CompressedClassSpaceSize: 320.00 MB
Initial GC threshold: 21.00 MB
Current GC threshold: 35.12 MB
CDS: on
 - commit_granule_bytes: 65536.
 - commit_granule_words: 8192.
 - virtual_space_node_default_size: 8388608.
 - enlarge_chunks_in_place: 1.
 - use_allocation_guard: 0.


Internal statistics:

num_allocs_failed_limit: 3.
num_arena_births: 1868.
num_arena_deaths: 0.
num_vsnodes_births: 2.
num_vsnodes_deaths: 0.
num_space_committed: 455.
num_space_uncommitted: 0.
num_chunks_returned_to_freelist: 3.
num_chunks_taken_from_freelist: 3201.
num_chunk_merges: 3.
num_chunk_splits: 2034.
num_chunks_enlarged: 1208.
num_inconsistent_stats: 0.

CodeHeap 'non-profiled nmethods': size=120000Kb used=2254Kb max_used=2254Kb free=117745Kb
 bounds [0x000001fd49900000, 0x000001fd49b70000, 0x000001fd50e30000]
CodeHeap 'profiled nmethods': size=120000Kb used=8099Kb max_used=8099Kb free=111900Kb
 bounds [0x000001fd41e30000, 0x000001fd42620000, 0x000001fd49360000]
CodeHeap 'non-nmethods': size=5760Kb used=1569Kb max_used=1594Kb free=4190Kb
 bounds [0x000001fd49360000, 0x000001fd495d0000, 0x000001fd49900000]
CodeCache: size=245760Kb, used=11922Kb, max_used=11947Kb, free=233835Kb
 total_blobs=4677, nmethods=4090, adapters=491, full_count=0
Compilation: enabled, stopped_count=0, restarted_count=0

Compilation events (20 events):
Event: 145.726 Thread 0x000001fd54661fe0 nmethod 4085 0x000001fd4260ea90 code [0x000001fd4260efc0, 0x000001fd42611068]
Event: 145.726 Thread 0x000001fd54661fe0 4086       3       sun.net.www.protocol.file.Handler::createFileURLConnection (10 bytes)
Event: 145.726 Thread 0x000001fd54661fe0 nmethod 4086 0x000001fd42611f10 code [0x000001fd426120c0, 0x000001fd42612270]
Event: 145.763 Thread 0x000001fd54661fe0 4087       3       java.lang.invoke.InnerClassLambdaMetafactory$ForwardingMethodGenerator::convertArgumentTypes (96 bytes)
Event: 145.765 Thread 0x000001fd54661fe0 nmethod 4087 0x000001fd42612310 code [0x000001fd42612560, 0x000001fd42612f80]
Event: 145.765 Thread 0x000001fd54661fe0 4088       3       java.lang.invoke.InnerClassLambdaMetafactory$ForwardingMethodGenerator::invocationOpcode (104 bytes)
Event: 145.765 Thread 0x000001fd54661fe0 nmethod 4088 0x000001fd42613490 code [0x000001fd426136e0, 0x000001fd42613e48]
Event: 145.765 Thread 0x000001fd54661fe0 4089       3       java.lang.invoke.InnerClassLambdaMetafactory::getReturnOpcode (20 bytes)
Event: 145.766 Thread 0x000001fd54661fe0 nmethod 4089 0x000001fd42614110 code [0x000001fd426142c0, 0x000001fd42614440]
Event: 145.968 Thread 0x000001fd545ee850 4090 %     4       java.lang.invoke.LambdaFormBuffer::indexOf @ 2 (33 bytes)
Event: 145.969 Thread 0x000001fd54661fe0 4092       3       java.lang.invoke.InnerClassLambdaMetafactory$ForwardingMethodGenerator::generate (272 bytes)
Event: 145.971 Thread 0x000001fd54661fe0 nmethod 4092 0x000001fd42614510 code [0x000001fd426148c0, 0x000001fd42616488]
Event: 145.975 Thread 0x000001fd545ee850 nmethod 4090% 0x000001fd49b32f90 code [0x000001fd49b33160, 0x000001fd49b33468]
Event: 145.975 Thread 0x000001fd545ee850 4091       4       java.lang.invoke.InvokerBytecodeGenerator::<init> (80 bytes)
Event: 146.039 Thread 0x000001fd54661fe0 4093       3       java.util.stream.ReduceOps$ReduceOp::<init> (10 bytes)
Event: 146.039 Thread 0x000001fd54661fe0 nmethod 4093 0x000001fd42616d10 code [0x000001fd42616ec0, 0x000001fd42617078]
Event: 146.039 Thread 0x000001fd54661fe0 4094       3       java.util.stream.ReduceOps$ReduceOp::evaluateSequential (18 bytes)
Event: 146.039 Thread 0x000001fd54661fe0 nmethod 4094 0x000001fd42617110 code [0x000001fd42617300, 0x000001fd42617780]
Event: 146.913 Thread 0x000001fd54661fe0 4095       3       java.util.Optional::isPresent (13 bytes)
Event: 146.913 Thread 0x000001fd54661fe0 nmethod 4095 0x000001fd42617890 code [0x000001fd42617a20, 0x000001fd42617b80]

GC Heap History (8 events):
Event: 16.863 GC heap before
{Heap before GC invocations=0 (full 0):
 garbage-first heap   total 262144K, used 26624K [0x00000000e0000000, 0x0000000100000000)
  region size 1024K, 23 young (23552K), 0 survivors (0K)
 Metaspace       used 1119K, committed 1216K, reserved 393216K
  class space    used 80K, committed 128K, reserved 327680K
}
Event: 17.706 GC heap after
{Heap after GC invocations=1 (full 0):
 garbage-first heap   total 262144K, used 10239K [0x00000000e0000000, 0x0000000100000000)
  region size 1024K, 3 young (3072K), 3 survivors (3072K)
 Metaspace       used 1119K, committed 1216K, reserved 393216K
  class space    used 80K, committed 128K, reserved 327680K
}
Event: 34.854 GC heap before
{Heap before GC invocations=1 (full 0):
 garbage-first heap   total 262144K, used 40959K [0x00000000e0000000, 0x0000000100000000)
  region size 1024K, 33 young (33792K), 3 survivors (3072K)
 Metaspace       used 4291K, committed 4480K, reserved 393216K
  class space    used 546K, committed 640K, reserved 327680K
}
Event: 34.858 GC heap after
{Heap after GC invocations=2 (full 0):
 garbage-first heap   total 262144K, used 12186K [0x00000000e0000000, 0x0000000100000000)
  region size 1024K, 2 young (2048K), 2 survivors (2048K)
 Metaspace       used 4291K, committed 4480K, reserved 393216K
  class space    used 546K, committed 640K, reserved 327680K
}
Event: 87.107 GC heap before
{Heap before GC invocations=2 (full 0):
 garbage-first heap   total 262144K, used 109466K [0x00000000e0000000, 0x0000000100000000)
  region size 1024K, 95 young (97280K), 2 survivors (2048K)
 Metaspace       used 13862K, committed 14208K, reserved 393216K
  class space    used 1855K, committed 1984K, reserved 327680K
}
Event: 87.120 GC heap after
{Heap after GC invocations=3 (full 0):
 garbage-first heap   total 262144K, used 22415K [0x00000000e0000000, 0x0000000100000000)
  region size 1024K, 11 young (11264K), 11 survivors (11264K)
 Metaspace       used 13862K, committed 14208K, reserved 393216K
  class space    used 1855K, committed 1984K, reserved 327680K
}
Event: 124.430 GC heap before
{Heap before GC invocations=3 (full 0):
 garbage-first heap   total 262144K, used 76687K [0x00000000e0000000, 0x0000000100000000)
  region size 1024K, 66 young (67584K), 11 survivors (11264K)
 Metaspace       used 20862K, committed 21504K, reserved 393216K
  class space    used 3003K, committed 3328K, reserved 327680K
}
Event: 124.446 GC heap after
{Heap after GC invocations=4 (full 0):
 garbage-first heap   total 262144K, used 25091K [0x00000000e0000000, 0x0000000100000000)
  region size 1024K, 14 young (14336K), 14 survivors (14336K)
 Metaspace       used 20862K, committed 21504K, reserved 393216K
  class space    used 3003K, committed 3328K, reserved 327680K
}

Dll operation events (20 events):
Event: 3.663 Attempting to load shared library C:\Users\Yogesh\.vscode\extensions\redhat.java-1.56.0-win32-x64\jre\21.0.12.1-win32-x86_64\bin\nio.dll
Event: 3.664 Loaded shared library C:\Users\Yogesh\.vscode\extensions\redhat.java-1.56.0-win32-x64\jre\21.0.12.1-win32-x86_64\bin\nio.dll
Event: 3.673 Attempting to load shared library C:\Users\Yogesh\.vscode\extensions\redhat.java-1.56.0-win32-x64\jre\21.0.12.1-win32-x86_64\bin\zip.dll
Event: 3.673 Loaded shared library C:\Users\Yogesh\.vscode\extensions\redhat.java-1.56.0-win32-x64\jre\21.0.12.1-win32-x86_64\bin\zip.dll
Event: 10.139 Attempting to load shared library C:\Users\Yogesh\.vscode\extensions\redhat.java-1.56.0-win32-x64\jre\21.0.12.1-win32-x86_64\bin\jimage.dll
Event: 10.139 Loaded shared library C:\Users\Yogesh\.vscode\extensions\redhat.java-1.56.0-win32-x64\jre\21.0.12.1-win32-x86_64\bin\jimage.dll
Event: 18.093 Attempting to load shared library C:\Users\Yogesh\.vscode\extensions\redhat.java-1.56.0-win32-x64\jre\21.0.12.1-win32-x86_64\bin\verify.dll
Event: 18.094 Loaded shared library C:\Users\Yogesh\.vscode\extensions\redhat.java-1.56.0-win32-x64\jre\21.0.12.1-win32-x86_64\bin\verify.dll
Event: 19.904 Attempting to load shared library C:\Users\Yogesh\.gradle\native\c067742578af261105cb4f569cf0c3c89f3d7b1fecec35dd04571415982c5e48\windows-amd64\native-platform.dll
Event: 19.905 Loaded shared library C:\Users\Yogesh\.gradle\native\c067742578af261105cb4f569cf0c3c89f3d7b1fecec35dd04571415982c5e48\windows-amd64\native-platform.dll
Event: 21.792 Attempting to load shared library C:\Users\Yogesh\.gradle\native\100fb08df4bc3b14c8652ba06237920a3bd2aa13389f12d3474272988ae205f9\windows-amd64\native-platform-file-events.dll
Event: 21.794 Loaded shared library C:\Users\Yogesh\.gradle\native\100fb08df4bc3b14c8652ba06237920a3bd2aa13389f12d3474272988ae205f9\windows-amd64\native-platform-file-events.dll
Event: 39.715 Attempting to load shared library C:\Users\Yogesh\.vscode\extensions\redhat.java-1.56.0-win32-x64\jre\21.0.12.1-win32-x86_64\bin\management.dll
Event: 39.717 Loaded shared library C:\Users\Yogesh\.vscode\extensions\redhat.java-1.56.0-win32-x64\jre\21.0.12.1-win32-x86_64\bin\management.dll
Event: 39.720 Attempting to load shared library C:\Users\Yogesh\.vscode\extensions\redhat.java-1.56.0-win32-x64\jre\21.0.12.1-win32-x86_64\bin\management_ext.dll
Event: 39.721 Loaded shared library C:\Users\Yogesh\.vscode\extensions\redhat.java-1.56.0-win32-x64\jre\21.0.12.1-win32-x86_64\bin\management_ext.dll
Event: 47.698 Attempting to load shared library C:\Users\Yogesh\.vscode\extensions\redhat.java-1.56.0-win32-x64\jre\21.0.12.1-win32-x86_64\bin\extnet.dll
Event: 47.698 Loaded shared library C:\Users\Yogesh\.vscode\extensions\redhat.java-1.56.0-win32-x64\jre\21.0.12.1-win32-x86_64\bin\extnet.dll
Event: 55.727 Attempting to load shared library C:\Users\Yogesh\.vscode\extensions\redhat.java-1.56.0-win32-x64\jre\21.0.12.1-win32-x86_64\bin\sunmscapi.dll
Event: 55.737 Loaded shared library C:\Users\Yogesh\.vscode\extensions\redhat.java-1.56.0-win32-x64\jre\21.0.12.1-win32-x86_64\bin\sunmscapi.dll

Deoptimization events (20 events):
Event: 123.541 Thread 0x000001fd6f562300 Uncommon trap: trap_request=0xffffff45 fr.pc=0x000001fd49a61db8 relative=0x0000000000000738
Event: 123.541 Thread 0x000001fd6f562300 Uncommon trap: reason=unstable_if action=reinterpret pc=0x000001fd49a61db8 method=java.util.HashMap.putVal(ILjava/lang/Object;Ljava/lang/Object;ZZ)Ljava/lang/Object; @ 206 c2
Event: 123.541 Thread 0x000001fd6f562300 DEOPT PACKING pc=0x000001fd49a61db8 sp=0x000000084affb530
Event: 123.541 Thread 0x000001fd6f562300 DEOPT UNPACKING pc=0x000001fd493b7ba2 sp=0x000000084affb4b8 mode 2
Event: 129.528 Thread 0x000001fd6f562300 Uncommon trap: trap_request=0xffffff45 fr.pc=0x000001fd49a4e72c relative=0x00000000000003cc
Event: 129.528 Thread 0x000001fd6f562300 Uncommon trap: reason=unstable_if action=reinterpret pc=0x000001fd49a4e72c method=jdk.internal.org.objectweb.asm.SymbolTable.addType(Ljava/lang/String;)I @ 33 c2
Event: 129.528 Thread 0x000001fd6f562300 DEOPT PACKING pc=0x000001fd49a4e72c sp=0x000000084aff9bf0
Event: 129.528 Thread 0x000001fd6f562300 DEOPT UNPACKING pc=0x000001fd493b7ba2 sp=0x000000084aff9b78 mode 2
Event: 130.433 Thread 0x000001fd6f562300 Uncommon trap: trap_request=0xffffff45 fr.pc=0x000001fd49aa232c relative=0x0000000000000d6c
Event: 130.433 Thread 0x000001fd6f562300 Uncommon trap: reason=unstable_if action=reinterpret pc=0x000001fd49aa232c method=jdk.internal.org.objectweb.asm.SymbolTable.addType(Ljava/lang/String;)I @ 33 c2
Event: 130.433 Thread 0x000001fd6f562300 DEOPT PACKING pc=0x000001fd49aa232c sp=0x000000084affbab0
Event: 130.433 Thread 0x000001fd6f562300 DEOPT UNPACKING pc=0x000001fd493b7ba2 sp=0x000000084affb9e8 mode 2
Event: 131.997 Thread 0x000001fd6f562300 Uncommon trap: trap_request=0xffffff76 fr.pc=0x000001fd49ae5284 relative=0x00000000000001c4
Event: 131.997 Thread 0x000001fd6f562300 Uncommon trap: reason=predicate action=maybe_recompile pc=0x000001fd49ae5284 method=com.google.common.base.CharMatcher.indexIn(Ljava/lang/CharSequence;I)I @ 19 c2
Event: 131.997 Thread 0x000001fd6f562300 DEOPT PACKING pc=0x000001fd49ae5284 sp=0x000000084affaa60
Event: 131.997 Thread 0x000001fd6f562300 DEOPT UNPACKING pc=0x000001fd493b7ba2 sp=0x000000084affa9f0 mode 2
Event: 140.970 Thread 0x000001fd6f562300 Uncommon trap: trap_request=0xffffff45 fr.pc=0x000001fd499a1e44 relative=0x00000000000002e4
Event: 140.970 Thread 0x000001fd6f562300 Uncommon trap: reason=unstable_if action=reinterpret pc=0x000001fd499a1e44 method=java.util.HashMap.hash(Ljava/lang/Object;)I @ 1 c2
Event: 140.970 Thread 0x000001fd6f562300 DEOPT PACKING pc=0x000001fd499a1e44 sp=0x000000084aff87f0
Event: 140.970 Thread 0x000001fd6f562300 DEOPT UNPACKING pc=0x000001fd493b7ba2 sp=0x000000084aff8688 mode 2

Classes loaded (20 events):
Event: 132.985 Loading class java/util/ArrayDeque$DeqSpliterator
Event: 132.985 Loading class java/util/ArrayDeque$DeqSpliterator done
Event: 135.889 Loading class jdk/internal/reflect/MethodHandleIntegerFieldAccessorImpl
Event: 135.898 Loading class jdk/internal/reflect/MethodHandleIntegerFieldAccessorImpl done
Event: 140.147 Loading class java/lang/invoke/BoundMethodHandle$Species_LLLLLLLLLLLLLLLLLLLLLLLL
Event: 140.147 Loading class java/lang/invoke/BoundMethodHandle$Species_LLLLLLLLLLLLLLLLLLLLLLLL done
Event: 140.685 Loading class java/lang/invoke/SerializedLambda
Event: 140.686 Loading class java/lang/invoke/SerializedLambda done
Event: 140.964 Loading class java/lang/reflect/AnnotatedType
Event: 140.964 Loading class java/lang/reflect/AnnotatedType done
Event: 140.969 Loading class sun/reflect/misc/ReflectUtil
Event: 140.969 Loading class sun/reflect/misc/ReflectUtil done
Event: 141.007 Loading class java/lang/Class$EnclosingMethodInfo
Event: 141.007 Loading class java/lang/Class$EnclosingMethodInfo done
Event: 141.019 Loading class sun/reflect/generics/tree/IntSignature
Event: 141.019 Loading class sun/reflect/generics/tree/IntSignature done
Event: 141.019 Loading class sun/reflect/generics/tree/ArrayTypeSignature
Event: 141.019 Loading class sun/reflect/generics/tree/ArrayTypeSignature done
Event: 141.031 Loading class java/lang/SafeVarargs
Event: 141.031 Loading class java/lang/SafeVarargs done

Classes unloaded (0 events):
No events

Classes redefined (0 events):
No events

Internal exceptions (20 events):
Event: 128.261 Thread 0x000001fd6f562300 Exception <a 'java/lang/NoSuchMethodError'{0x00000000ef8f3708}: 'java.lang.Object java.lang.invoke.DirectMethodHandle$Holder.invokeSpecial(java.lang.Object, java.lang.Object, java.lang.Object, java.lang.Object, java.lang.Object, java.lang.Object, java.lang.Object, java.lang.Object, java.lang.Object, java.lang.Object, java.lang.Object, java.lang.Object, java.lang.Object, java.lang.Object, java.lang.Object, java.lang.Object, java.lang.Object, java.lang.Object, java.lang.Object, java.lang.Object, java.lang.Ob
Event: 128.263 Thread 0x000001fd6f562300 Exception <a 'java/lang/NoSuchMethodError'{0x00000000ef8f8f10}: 'java.lang.Object java.lang.invoke.Invokers$Holder.invoker(java.lang.Object, java.lang.Object, java.lang.Object, java.lang.Object, java.lang.Object, java.lang.Object, java.lang.Object, java.lang.Object, java.lang.Object, java.lang.Object, java.lang.Object, java.lang.Object, java.lang.Object, java.lang.Object, java.lang.Object, java.lang.Object, java.lang.Object, java.lang.Object, java.lang.Object, java.lang.Object, java.lang.Object, java.lang.
Event: 128.264 Thread 0x000001fd6f562300 Exception <a 'java/lang/NoSuchMethodError'{0x00000000ef8ff0f8}: 'java.lang.Object java.lang.invoke.DelegatingMethodHandle$Holder.delegate(java.lang.Object, java.lang.Object, java.lang.Object, java.lang.Object, java.lang.Object, java.lang.Object, java.lang.Object, java.lang.Object, java.lang.Object, java.lang.Object, java.lang.Object, java.lang.Object, java.lang.Object, java.lang.Object, java.lang.Object, java.lang.Object, java.lang.Object, java.lang.Object, java.lang.Object, java.lang.Object, java.lang.Obj
Event: 128.534 Thread 0x000001fd6f562300 Exception <a 'java/lang/NoSuchMethodError'{0x00000000ef53a338}: 'java.lang.Object java.lang.invoke.DirectMethodHandle$Holder.invokeStaticInit(java.lang.Object, java.lang.Object, java.lang.Object, java.lang.Object)'> (0x00000000ef53a338) 
thrown [s\src\hotspot\share\interpreter\linkResolver.cpp, line 773]
Event: 128.830 Thread 0x000001fd6f562300 Exception <a 'java/lang/NoSuchMethodError'{0x00000000ef3adf68}: 'void java.lang.invoke.DirectMethodHandle$Holder.invokeStatic(java.lang.Object, java.lang.Object, java.lang.Object, java.lang.Object)'> (0x00000000ef3adf68) 
thrown [s\src\hotspot\share\interpreter\linkResolver.cpp, line 773]
Event: 128.838 Thread 0x000001fd6f562300 Exception <a 'java/lang/IncompatibleClassChangeError'{0x00000000ef3d5148}: Found class java.lang.Object, but interface was expected> (0x00000000ef3d5148) 
thrown [s\src\hotspot\share\interpreter\linkResolver.cpp, line 840]
Event: 129.874 Thread 0x000001fd6f562300 Exception <a 'java/lang/NoSuchMethodError'{0x00000000eef6ab40}: 'java.lang.Object java.lang.invoke.DirectMethodHandle$Holder.newInvokeSpecial(java.lang.Object, java.lang.Object, java.lang.Object, java.lang.Object, java.lang.Object, java.lang.Object, java.lang.Object, java.lang.Object, java.lang.Object, java.lang.Object)'> (0x00000000eef6ab40) 
thrown [s\src\hotspot\share\interpreter\linkResolver.cpp, line 773]
Event: 132.978 Thread 0x000001fd6f562300 Exception <a 'java/lang/NoSuchMethodError'{0x00000000eeae48a0}: 'int java.lang.invoke.DirectMethodHandle$Holder.invokeVirtual(java.lang.Object, java.lang.Object)'> (0x00000000eeae48a0) 
thrown [s\src\hotspot\share\interpreter\linkResolver.cpp, line 773]
Event: 133.335 Thread 0x000001fd6f562300 Exception <a 'java/lang/NoSuchMethodError'{0x00000000ee782bd8}: 'void java.lang.invoke.DirectMethodHandle$Holder.invokeInterface(java.lang.Object, java.lang.Object, java.lang.Object, java.lang.Object, java.lang.Object)'> (0x00000000ee782bd8) 
thrown [s\src\hotspot\share\interpreter\linkResolver.cpp, line 773]
Event: 135.874 Thread 0x000001fd6f562300 Exception <a 'java/lang/NoSuchMethodError'{0x00000000edf6cbf0}: 'java.lang.Object java.lang.invoke.DirectMethodHandle$Holder.newInvokeSpecial(java.lang.Object, java.lang.Object, int, int)'> (0x00000000edf6cbf0) 
thrown [s\src\hotspot\share\interpreter\linkResolver.cpp, line 773]
Event: 135.899 Thread 0x000001fd6f562300 Exception <a 'java/lang/NoSuchMethodError'{0x00000000edfa7428}: 'void java.lang.invoke.DirectMethodHandle$Holder.invokeSpecial(java.lang.Object, java.lang.Object, int)'> (0x00000000edfa7428) 
thrown [s\src\hotspot\share\interpreter\linkResolver.cpp, line 773]
Event: 136.928 Thread 0x000001fd6f562300 Exception <a 'java/lang/NoSuchMethodError'{0x00000000edfab718}: 'void java.lang.invoke.Invokers$Holder.invokeExact_MT(java.lang.Object, int, java.lang.Object)'> (0x00000000edfab718) 
thrown [s\src\hotspot\share\interpreter\linkResolver.cpp, line 773]
Event: 138.554 Thread 0x000001fd6f562300 Exception <a 'java/lang/NoSuchMethodError'{0x00000000edcc5fb0}: 'java.lang.Object java.lang.invoke.DirectMethodHandle$Holder.invokeSpecialIFC(java.lang.Object, java.lang.Object, java.lang.Object, java.lang.Object)'> (0x00000000edcc5fb0) 
thrown [s\src\hotspot\share\interpreter\linkResolver.cpp, line 773]
Event: 140.132 Thread 0x000001fd6f562300 Exception <a 'java/lang/NoSuchMethodError'{0x00000000ed8571b8}: 'java.lang.Object java.lang.invoke.DirectMethodHandle$Holder.invokeVirtual(java.lang.Object, java.lang.Object, java.lang.Object, java.lang.Object, java.lang.Object, java.lang.Object, java.lang.Object, java.lang.Object, java.lang.Object, java.lang.Object, java.lang.Object, java.lang.Object, java.lang.Object, java.lang.Object, java.lang.Object, java.lang.Object, java.lang.Object, java.lang.Object, java.lang.Object, java.lang.Object, java.lang.Ob
Event: 140.132 Thread 0x000001fd6f562300 Exception <a 'java/lang/NoSuchMethodError'{0x00000000ed85e288}: 'java.lang.Object java.lang.invoke.DirectMethodHandle$Holder.invokeSpecial(java.lang.Object, java.lang.Object, java.lang.Object, java.lang.Object, java.lang.Object, java.lang.Object, java.lang.Object, java.lang.Object, java.lang.Object, java.lang.Object, java.lang.Object, java.lang.Object, java.lang.Object, java.lang.Object, java.lang.Object, java.lang.Object, java.lang.Object, java.lang.Object, java.lang.Object, java.lang.Object, java.lang.Ob
Event: 140.133 Thread 0x000001fd6f562300 Exception <a 'java/lang/NoSuchMethodError'{0x00000000ed8644b0}: 'java.lang.Object java.lang.invoke.DelegatingMethodHandle$Holder.reinvoke_L(java.lang.Object, java.lang.Object, java.lang.Object, java.lang.Object, java.lang.Object, java.lang.Object, java.lang.Object, java.lang.Object, java.lang.Object, java.lang.Object, java.lang.Object, java.lang.Object, java.lang.Object, java.lang.Object, java.lang.Object, java.lang.Object, java.lang.Object, java.lang.Object, java.lang.Object, java.lang.Object, java.lang.O
Event: 140.149 Thread 0x000001fd6f562300 Exception <a 'java/lang/NoSuchMethodError'{0x00000000ed732950}: 'java.lang.Object java.lang.invoke.DirectMethodHandle$Holder.invokeStatic(java.lang.Object, java.lang.Object, java.lang.Object, java.lang.Object, java.lang.Object, java.lang.Object, java.lang.Object, java.lang.Object, java.lang.Object, java.lang.Object, java.lang.Object, java.lang.Object, java.lang.Object, java.lang.Object, java.lang.Object, java.lang.Object, java.lang.Object, java.lang.Object, java.lang.Object, java.lang.Object, java.lang.Obj
Event: 140.970 Thread 0x000001fd6f562300 Implicit null exception at 0x000001fd499a1bba to 0x000001fd499a1e2c
Event: 145.088 Thread 0x000001fd6f562300 Exception <a 'java/lang/NoSuchMethodError'{0x00000000ecbc4778}: 'void java.lang.invoke.DirectMethodHandle$Holder.invokeStaticInit(java.lang.Object, java.lang.Object, java.lang.Object, java.lang.Object)'> (0x00000000ecbc4778) 
thrown [s\src\hotspot\share\interpreter\linkResolver.cpp, line 773]
Event: 145.696 Thread 0x000001fd6f562300 Exception <a 'java/lang/NoSuchMethodError'{0x00000000eba01740}: 'java.lang.Object java.lang.invoke.DirectMethodHandle$Holder.invokeStaticInit(java.lang.Object, java.lang.Object, java.lang.Object)'> (0x00000000eba01740) 
thrown [s\src\hotspot\share\interpreter\linkResolver.cpp, line 773]

ZGC Phase Switch (0 events):
No events

VM Operations (20 events):
Event: 139.974 Executing safepoint VM operation: Cleanup
Event: 139.974 Executing safepoint VM operation: Cleanup done
Event: 140.976 Executing non-safepoint VM operation: HandshakeAllThreads (Deoptimize)
Event: 140.976 Executing non-safepoint VM operation: HandshakeAllThreads (Deoptimize) done
Event: 140.976 Executing safepoint VM operation: Cleanup
Event: 140.976 Executing safepoint VM operation: Cleanup done
Event: 142.015 Executing safepoint VM operation: Cleanup
Event: 142.015 Executing safepoint VM operation: Cleanup done
Event: 143.024 Executing safepoint VM operation: Cleanup
Event: 143.024 Executing safepoint VM operation: Cleanup done
Event: 144.040 Executing safepoint VM operation: Cleanup
Event: 144.041 Executing safepoint VM operation: Cleanup done
Event: 145.062 Executing safepoint VM operation: Cleanup
Event: 145.062 Executing safepoint VM operation: Cleanup done
Event: 145.506 Executing non-safepoint VM operation: HandshakeAllThreads (Deoptimize)
Event: 145.506 Executing non-safepoint VM operation: HandshakeAllThreads (Deoptimize) done
Event: 146.506 Executing safepoint VM operation: Cleanup
Event: 146.506 Executing safepoint VM operation: Cleanup done
Event: 147.511 Executing safepoint VM operation: Cleanup
Event: 147.511 Executing safepoint VM operation: Cleanup done

Memory protections (0 events):
No events

Nmethod flushes (0 events):
No events

Events (20 events):
Event: 88.521 Thread 0x000001fd700f4e50 Thread exited: 0x000001fd700f4e50
Event: 88.522 Thread 0x000001fd700f6f20 Thread exited: 0x000001fd700f6f20
Event: 88.523 Thread 0x000001fd700f5b70 Thread exited: 0x000001fd700f5b70
Event: 88.529 Thread 0x000001fd700f3aa0 Thread exited: 0x000001fd700f3aa0
Event: 88.529 Thread 0x000001fd700f47c0 Thread exited: 0x000001fd700f47c0
Event: 88.530 Thread 0x000001fd6f565780 Thread exited: 0x000001fd6f565780
Event: 88.531 Thread 0x000001fd700f2060 Thread exited: 0x000001fd700f2060
Event: 88.964 Thread 0x000001fd700f54e0 Thread exited: 0x000001fd700f54e0
Event: 89.372 Thread 0x000001fd700f3410 Thread added: 0x000001fd700f47c0
Event: 89.498 Thread 0x000001fd700f3410 Thread added: 0x000001fd700f3aa0
Event: 110.192 Thread 0x000001fd700f3aa0 Thread added: 0x000001fd700f4e50
Event: 111.479 Thread 0x000001fd6f562300 Thread added: 0x000001fd700f54e0
Event: 127.837 Thread 0x000001fd6f562300 Thread added: 0x000001fd700f5b70
Event: 128.008 Thread 0x000001fd6f562300 Thread added: 0x000001fd700f7c40
Event: 132.520 Thread 0x000001fd6f562300 Thread added: 0x000001fd700f82d0
Event: 132.976 Thread 0x000001fd6f562300 Thread added: 0x000001fd700f6890
Event: 138.283 Thread 0x000001fd6f562300 Thread added: 0x000001fd700f6f20
Event: 140.014 Thread 0x000001fd6f562300 Thread added: 0x000001fd6f565780
Event: 143.359 Thread 0x000001fd6f562300 Thread added: 0x000001fd6f5636b0
Event: 143.574 Thread 0x000001fd6f5664a0 Thread exited: 0x000001fd6f5664a0


Dynamic libraries:
0x00007ff79ef50000 - 0x00007ff79ef5e000 	C:\Users\Yogesh\.vscode\extensions\redhat.java-1.56.0-win32-x64\jre\21.0.12.1-win32-x86_64\bin\java.exe
0x00007ffa30580000 - 0x00007ffa307e6000 	C:\WINDOWS\SYSTEM32\ntdll.dll
0x00007ffa2f230000 - 0x00007ffa2f2f9000 	C:\WINDOWS\System32\KERNEL32.DLL
0x00007ffa2d9b0000 - 0x00007ffa2ddaf000 	C:\WINDOWS\System32\KERNELBASE.dll
0x00007ffa2d850000 - 0x00007ffa2d99c000 	C:\WINDOWS\System32\ucrtbase.dll
0x00007ff9f7d70000 - 0x00007ff9f7d88000 	C:\Users\Yogesh\.vscode\extensions\redhat.java-1.56.0-win32-x64\jre\21.0.12.1-win32-x86_64\bin\jli.dll
0x00007ffa2ff20000 - 0x00007ffa300e6000 	C:\WINDOWS\System32\USER32.dll
0x00007ffa2de70000 - 0x00007ffa2de97000 	C:\WINDOWS\System32\win32u.dll
0x00007ffa30330000 - 0x00007ffa3035b000 	C:\WINDOWS\System32\GDI32.dll
0x00007ffa2df60000 - 0x00007ffa2e089000 	C:\WINDOWS\System32\gdi32full.dll
0x00007ffa2ddc0000 - 0x00007ffa2de63000 	C:\WINDOWS\System32\msvcp_win.dll
0x00007ff9f7d90000 - 0x00007ff9f7dae000 	C:\Users\Yogesh\.vscode\extensions\redhat.java-1.56.0-win32-x64\jre\21.0.12.1-win32-x86_64\bin\VCRUNTIME140.dll
0x00007ffa0e270000 - 0x00007ffa0e501000 	C:\WINDOWS\WinSxS\amd64_microsoft.windows.common-controls_6595b64144ccf1df_6.0.26100.8972_none_3e0da176e32f9d4b\COMCTL32.dll
0x00007ffa2e3c0000 - 0x00007ffa2e469000 	C:\WINDOWS\System32\msvcrt.dll
0x00007ffa300f0000 - 0x00007ffa30122000 	C:\WINDOWS\System32\IMM32.DLL
0x00007ff9f7d60000 - 0x00007ff9f7d6c000 	C:\Users\Yogesh\.vscode\extensions\redhat.java-1.56.0-win32-x64\jre\21.0.12.1-win32-x86_64\bin\vcruntime140_1.dll
0x00007ff9b6bc0000 - 0x00007ff9b6c4d000 	C:\Users\Yogesh\.vscode\extensions\redhat.java-1.56.0-win32-x64\jre\21.0.12.1-win32-x86_64\bin\msvcp140.dll
0x00007ff9879a0000 - 0x00007ff988742000 	C:\Users\Yogesh\.vscode\extensions\redhat.java-1.56.0-win32-x64\jre\21.0.12.1-win32-x86_64\bin\server\jvm.dll
0x00007ffa2f6a0000 - 0x00007ffa2f75c000 	C:\WINDOWS\System32\ADVAPI32.dll
0x00007ffa2ec90000 - 0x00007ffa2ed3a000 	C:\WINDOWS\System32\sechost.dll
0x00007ffa30130000 - 0x00007ffa30248000 	C:\WINDOWS\System32\RPCRT4.dll
0x00007ffa2e540000 - 0x00007ffa2e5c2000 	C:\WINDOWS\System32\WS2_32.dll
0x00007ffa2d610000 - 0x00007ffa2d66e000 	C:\WINDOWS\SYSTEM32\POWRPROF.dll
0x00007ffa210a0000 - 0x00007ffa210d6000 	C:\WINDOWS\SYSTEM32\WINMM.dll
0x00007ffa22970000 - 0x00007ffa2297b000 	C:\WINDOWS\SYSTEM32\VERSION.dll
0x00007ffa2d5f0000 - 0x00007ffa2d605000 	C:\WINDOWS\SYSTEM32\UMPDC.dll
0x00007ffa2c480000 - 0x00007ffa2c49b000 	C:\WINDOWS\SYSTEM32\kernel.appcore.dll
0x00007ff9f7d50000 - 0x00007ff9f7d5a000 	C:\Users\Yogesh\.vscode\extensions\redhat.java-1.56.0-win32-x64\jre\21.0.12.1-win32-x86_64\bin\jimage.dll
0x00007ffa2ad30000 - 0x00007ffa2af72000 	C:\WINDOWS\SYSTEM32\DBGHELP.DLL
0x00007ffa2f300000 - 0x00007ffa2f685000 	C:\WINDOWS\System32\combase.dll
0x00007ffa2e8b0000 - 0x00007ffa2e989000 	C:\WINDOWS\System32\OLEAUT32.dll
0x00007ffa0aa10000 - 0x00007ffa0aa4b000 	C:\WINDOWS\SYSTEM32\dbgcore.DLL
0x00007ffa2d790000 - 0x00007ffa2d83c000 	C:\WINDOWS\System32\bcryptPrimitives.dll
0x00007ff9b6b40000 - 0x00007ff9b6b4f000 	C:\Users\Yogesh\.vscode\extensions\redhat.java-1.56.0-win32-x64\jre\21.0.12.1-win32-x86_64\bin\instrument.dll
0x00007ff9f4f30000 - 0x00007ff9f4f50000 	C:\Users\Yogesh\.vscode\extensions\redhat.java-1.56.0-win32-x64\jre\21.0.12.1-win32-x86_64\bin\java.dll
0x00007ffa2f770000 - 0x00007ffa2fef8000 	C:\WINDOWS\System32\SHELL32.dll
0x00007ffa2b210000 - 0x00007ffa2baab000 	C:\WINDOWS\SYSTEM32\windows.storage.dll
0x00007ffa2e7b0000 - 0x00007ffa2e8a9000 	C:\WINDOWS\System32\SHCORE.dll
0x00007ffa2e5d0000 - 0x00007ffa2e636000 	C:\WINDOWS\System32\shlwapi.dll
0x00007ffa2d6b0000 - 0x00007ffa2d6d9000 	C:\WINDOWS\SYSTEM32\profapi.dll
0x00007ff9b5440000 - 0x00007ff9b5458000 	C:\Users\Yogesh\.vscode\extensions\redhat.java-1.56.0-win32-x64\jre\21.0.12.1-win32-x86_64\bin\zip.dll
0x00007ff9f4f90000 - 0x00007ff9f4fa0000 	C:\Users\Yogesh\.vscode\extensions\redhat.java-1.56.0-win32-x64\jre\21.0.12.1-win32-x86_64\bin\net.dll
0x00007ffa246f0000 - 0x00007ffa24818000 	C:\WINDOWS\SYSTEM32\WINHTTP.dll
0x00007ffa2ca30000 - 0x00007ffa2ca9c000 	C:\WINDOWS\system32\mswsock.dll
0x00007ff9918e0000 - 0x00007ff9918f6000 	C:\Users\Yogesh\.vscode\extensions\redhat.java-1.56.0-win32-x64\jre\21.0.12.1-win32-x86_64\bin\nio.dll
0x00007ff9b5430000 - 0x00007ff9b5440000 	C:\Users\Yogesh\.vscode\extensions\redhat.java-1.56.0-win32-x64\jre\21.0.12.1-win32-x86_64\bin\verify.dll
0x00007ff98ffb0000 - 0x00007ff98ffd7000 	C:\Users\Yogesh\.gradle\native\c067742578af261105cb4f569cf0c3c89f3d7b1fecec35dd04571415982c5e48\windows-amd64\native-platform.dll
0x00007ff97c1b0000 - 0x00007ff97c2f4000 	C:\Users\Yogesh\.gradle\native\100fb08df4bc3b14c8652ba06237920a3bd2aa13389f12d3474272988ae205f9\windows-amd64\native-platform-file-events.dll
0x00007ff9b5460000 - 0x00007ff9b546a000 	C:\Users\Yogesh\.vscode\extensions\redhat.java-1.56.0-win32-x64\jre\21.0.12.1-win32-x86_64\bin\management.dll
0x00007ff9b41c0000 - 0x00007ff9b41cc000 	C:\Users\Yogesh\.vscode\extensions\redhat.java-1.56.0-win32-x64\jre\21.0.12.1-win32-x86_64\bin\management_ext.dll
0x00007ffa2e3b0000 - 0x00007ffa2e3b8000 	C:\WINDOWS\System32\PSAPI.DLL
0x00007ffa2cd20000 - 0x00007ffa2cd3b000 	C:\WINDOWS\SYSTEM32\CRYPTSP.dll
0x00007ffa2c3c0000 - 0x00007ffa2c3f9000 	C:\WINDOWS\system32\rsaenh.dll
0x00007ffa2cae0000 - 0x00007ffa2cb12000 	C:\WINDOWS\SYSTEM32\USERENV.dll
0x00007ffa2d680000 - 0x00007ffa2d6aa000 	C:\WINDOWS\SYSTEM32\bcrypt.dll
0x00007ffa2cd40000 - 0x00007ffa2cd4c000 	C:\WINDOWS\SYSTEM32\CRYPTBASE.dll
0x00007ffa2be00000 - 0x00007ffa2be33000 	C:\WINDOWS\SYSTEM32\IPHLPAPI.DLL
0x00007ffa2f690000 - 0x00007ffa2f69a000 	C:\WINDOWS\System32\NSI.dll
0x00007ffa19de0000 - 0x00007ffa19de9000 	C:\Users\Yogesh\.vscode\extensions\redhat.java-1.56.0-win32-x64\jre\21.0.12.1-win32-x86_64\bin\extnet.dll
0x00007ffa27610000 - 0x00007ffa2761e000 	C:\Users\Yogesh\.vscode\extensions\redhat.java-1.56.0-win32-x64\jre\21.0.12.1-win32-x86_64\bin\sunmscapi.dll
0x00007ffa2e090000 - 0x00007ffa2e20e000 	C:\WINDOWS\System32\CRYPT32.dll
0x00007ffa2cf60000 - 0x00007ffa2cf90000 	C:\WINDOWS\SYSTEM32\ncrypt.dll
0x00007ffa2cf10000 - 0x00007ffa2cf4f000 	C:\WINDOWS\SYSTEM32\NTASN1.dll
0x00007ff9b2180000 - 0x00007ff9b2188000 	C:\WINDOWS\system32\wshunix.dll

JVMTI agents:
C:\Users\Yogesh\.gradle\wrapper\dists\gradle-8.9-bin\90cnw93cvbtalezasaz0blq0a\gradle-8.9\lib\agents\gradle-instrumentation-agent-8.9.jar path:C:\Users\Yogesh\.vscode\extensions\redhat.java-1.56.0-win32-x64\jre\21.0.12.1-win32-x86_64\bin\instrument.dll, loaded, initialized, instrumentlib options:none

dbghelp: loaded successfully - version: 4.0.5 - missing functions: none
symbol engine: initialized successfully - sym options: 0x614 - pdb path: .;C:\Users\Yogesh\.vscode\extensions\redhat.java-1.56.0-win32-x64\jre\21.0.12.1-win32-x86_64\bin;C:\WINDOWS\SYSTEM32;C:\WINDOWS\WinSxS\amd64_microsoft.windows.common-controls_6595b64144ccf1df_6.0.26100.8972_none_3e0da176e32f9d4b;C:\Users\Yogesh\.vscode\extensions\redhat.java-1.56.0-win32-x64\jre\21.0.12.1-win32-x86_64\bin\server;C:\Users\Yogesh\.gradle\native\c067742578af261105cb4f569cf0c3c89f3d7b1fecec35dd04571415982c5e48\windows-amd64;C:\Users\Yogesh\.gradle\native\100fb08df4bc3b14c8652ba06237920a3bd2aa13389f12d3474272988ae205f9\windows-amd64

VM Arguments:
jvm_args: --add-opens=java.base/java.util=ALL-UNNAMED --add-opens=java.base/java.lang=ALL-UNNAMED --add-opens=java.base/java.lang.invoke=ALL-UNNAMED --add-opens=java.prefs/java.util.prefs=ALL-UNNAMED --add-exports=jdk.compiler/com.sun.tools.javac.api=ALL-UNNAMED --add-exports=jdk.compiler/com.sun.tools.javac.util=ALL-UNNAMED --add-opens=java.base/java.nio.charset=ALL-UNNAMED --add-opens=java.base/java.net=ALL-UNNAMED --add-opens=java.base/java.util.concurrent.atomic=ALL-UNNAMED -XX:MaxMetaspaceSize=384m -XX:+HeapDumpOnOutOfMemoryError -Xms256m -Xmx512m -Dfile.encoding=utf8 -Duser.country=IN -Duser.language=en -Duser.variant -javaagent:C:\Users\Yogesh\.gradle\wrapper\dists\gradle-8.9-bin\90cnw93cvbtalezasaz0blq0a\gradle-8.9\lib\agents\gradle-instrumentation-agent-8.9.jar 
java_command: org.gradle.launcher.daemon.bootstrap.GradleDaemon 8.9
java_class_path (initial): C:\Users\Yogesh\.gradle\wrapper\dists\gradle-8.9-bin\90cnw93cvbtalezasaz0blq0a\gradle-8.9\lib\gradle-daemon-main-8.9.jar
Launcher Type: SUN_STANDARD

[Global flags]
     intx CICompilerCount                          = 4                                         {product} {ergonomic}
   size_t CompressedClassSpaceSize                 = 335544320                                 {product} {ergonomic}
     uint ConcGCThreads                            = 2                                         {product} {ergonomic}
     uint G1ConcRefinementThreads                  = 8                                         {product} {ergonomic}
   size_t G1HeapRegionSize                         = 1048576                                   {product} {ergonomic}
    uintx GCDrainStackTargetSize                   = 64                                        {product} {ergonomic}
     bool HeapDumpOnOutOfMemoryError               = true                                   {manageable} {command line}
   size_t InitialHeapSize                          = 268435456                                 {product} {command line}
   size_t MarkStackSize                            = 4194304                                   {product} {ergonomic}
   size_t MaxHeapSize                              = 536870912                                 {product} {command line}
   size_t MaxMetaspaceSize                         = 402653184                                 {product} {command line}
   size_t MaxNewSize                               = 321912832                                 {product} {ergonomic}
   size_t MinHeapDeltaBytes                        = 1048576                                   {product} {ergonomic}
   size_t MinHeapSize                              = 268435456                                 {product} {command line}
    uintx NonNMethodCodeHeapSize                   = 5839372                                {pd product} {ergonomic}
    uintx NonProfiledCodeHeapSize                  = 122909434                              {pd product} {ergonomic}
    uintx ProfiledCodeHeapSize                     = 122909434                              {pd product} {ergonomic}
    uintx ReservedCodeCacheSize                    = 251658240                              {pd product} {ergonomic}
     bool SegmentedCodeCache                       = true                                      {product} {ergonomic}
   size_t SoftMaxHeapSize                          = 536870912                              {manageable} {ergonomic}
     bool UseCompressedOops                        = true                           {product lp64_product} {ergonomic}
     bool UseG1GC                                  = true                                      {product} {ergonomic}
     bool UseLargePagesIndividualAllocation        = false                                  {pd product} {ergonomic}

Logging:
Log output configuration:
 #0: stdout all=warning uptime,level,tags foldmultilines=false
 #1: stderr all=off uptime,level,tags foldmultilines=false

Release file:
JAVA_VERSION="21.0.12.1" 
MODULES="java.base java.compiler java.datatransfer java.xml java.prefs java.desktop java.instrument java.logging java.management java.security.sasl java.naming java.rmi java.management.rmi java.net.http java.scripting java.security.jgss java.transaction.xa java.sql java.sql.rowset java.xml.crypto java.se java.smartcardio jdk.accessibility jdk.internal.jvmstat jdk.attach jdk.charsets jdk.internal.opt jdk.zipfs jdk.compiler jdk.crypto.ec jdk.crypto.cryptoki jdk.crypto.mscapi jdk.dynalink jdk.internal.ed jdk.editpad jdk.hotspot.agent jdk.httpserver jdk.internal.le jdk.internal.vm.ci jdk.internal.vm.compiler jdk.internal.vm.compiler.management jdk.jartool jdk.javadoc jdk.jcmd jdk.management jdk.management.agent jdk.jconsole jdk.jdeps jdk.jdwp.agent jdk.jdi jdk.jfr jdk.jshell jdk.jsobject jdk.jstatd jdk.localedata jdk.management.jfr jdk.naming.dns jdk.naming.rmi jdk.net jdk.nio.mapmode jdk.random jdk.sctp jdk.security.auth jdk.security.jgss jdk.unsupported jdk.unsupported.desktop jdk.xml.dom" 

Environment Variables:
JAVA_HOME=C:\Program Files\Microsoft\jdk-17.0.8.7-hotspot\
PATH=C:\Program Files\Microsoft\jdk-17.0.8.7-hotspot\bin;C:\Program Files\Common Files\Oracle\Java\javapath;C:\WINDOWS\system32;C:\WINDOWS;C:\WINDOWS\System32\Wbem;C:\WINDOWS\System32\WindowsPowerShell\v1.0\;C:\WINDOWS\System32\OpenSSH\;C:\Program Files\nodejs\;C:\Users\Yogesh\AppData\Local\Android\Sdk\platform-tools;C:\ProgramData\chocolatey\bin;C:\Users\Yogesh\Desktop\SqlLite\sqlite-tools-win-x64-3450000;C:\Program Files\Git\cmd;C:\Program Files\Git\bin;C:\Users\Yogesh\AppData\Local\Android\Sdk\cmdline-tools\latest\bin;C:\Software\cmake-3.31.0-rc2-windows-x86_64\cmake-3.31.0-rc2-windows-x86_64\bin;C:\Users\Yogesh\Downloads\apache-maven-3.9.9\bin;C:\Program Files\MySQL\MySQL Shell 8.0\bin\;C:\Users\Yogesh\AppData\Local\Android\Sdk\tools;C:\Users\Yogesh\AppData\Local\Microsoft\WindowsApps;C:\Users\Yogesh\AppData\Roaming\npm;C:\Users\Yogesh\AppData\Local\Programs\Microsoft VS Code\bin;C:\Users\Yogesh\AppData\Local\GitHubDesktop\bin;
USERNAME=Yogesh
OS=Windows_NT
PROCESSOR_IDENTIFIER=Intel64 Family 6 Model 140 Stepping 1, GenuineIntel
TMP=C:\Users\Yogesh\AppData\Local\Temp
TEMP=C:\Users\Yogesh\AppData\Local\Temp




Periodic native trim disabled

---------------  S Y S T E M  ---------------

OS:
 Windows 11 , 64 bit Build 26100 (10.0.26100.9168)
OS uptime: 0 days 1:51 hours
Hyper-V role detected

CPU: total 8 (initial active 8) (4 cores per cpu, 2 threads per core) family 6 model 140 stepping 1 microcode 0xb4, cx8, cmov, fxsr, ht, mmx, 3dnowpref, sse, sse2, sse3, ssse3, sse4.1, sse4.2, popcnt, lzcnt, tsc, tscinvbit, avx, avx2, aes, erms, clmul, bmi1, bmi2, adx, avx512f, avx512dq, avx512cd, avx512bw, avx512vl, sha, fma, vzeroupper, avx512_vpopcntdq, avx512_vpclmulqdq, avx512_vaes, avx512_vnni, clflush, clflushopt, clwb, avx512_vbmi2, avx512_vbmi, hv, rdtscp, rdpid, fsrm, gfni, avx512_bitalg, f16c, cet_ibt, cet_ss, avx512_ifma
Processor Information for the first 8 processors :
  Max Mhz: 2401, Current Mhz: 2400, Mhz Limit: 2376

Memory: 4k page, system-wide physical 16026M (159M free)
TotalPageFile size 65178M (AvailPageFile size 40M)
current process WorkingSet (physical memory assigned to process): 188M, peak: 214M
current process commit charge ("private bytes"): 411M, peak: 418M

vm_info: OpenJDK 64-Bit Server VM (21.0.12.1+1-LTS) for windows-amd64 JRE (21.0.12.1+1-LTS), built on 2026-08-18T00:00:00Z by "admin" with MS VC++ 17.12 (VS2022)

END.
